Archive member included to satisfy reference by file (symbol)

/usr/lib/gcc/arm-none-eabi/10.3.1/../../../arm-none-eabi/lib/thumb/v7e-m+fp/hard/libc_nano.a(lib_a-atexit.o)
                              /usr/lib/gcc/arm-none-eabi/10.3.1/../../../arm-none-eabi/lib/thumb/v7e-m+fp/hard/crt0.o (atexit)
/usr/lib/gcc/arm-none-eabi/10.3.1/../../../arm-none-eabi/lib/thumb/v7e-m+fp/hard/libc_nano.a(lib_a-exit.o)
                              /usr/lib/gcc/arm-none-eabi/10.3.1/../../../arm-none-eabi/lib/thumb/v7e-m+fp/hard/crt0.o (exit)
/usr/lib/gcc/arm-none-eabi/10.3.1/../../../arm-none-eabi/lib/thumb/v7e-m+fp/hard/libc_nano.a(lib_a-fini.o)
                              /usr/lib/gcc/arm-none-eabi/10.3.1/../../../arm-none-eabi/lib/thumb/v7e-m+fp/hard/crt0.o (__libc_fini_array)
/usr/lib/gcc/arm-none-eabi/10.3.1/../../../arm-none-eabi/lib/thumb/v7e-m+fp/hard/libc_nano.a(lib_a-impure.o)
                              /usr/lib/gcc/arm-none-eabi/10.3.1/../../../arm-none-eabi/lib/thumb/v7e-m+fp/hard/libc_nano.a(lib_a-exit.o) (_global_impure_ptr)
/usr/lib/gcc/arm-none-eabi/10.3.1/../../../arm-none-eabi/lib/thumb/v7e-m+fp/hard/libc_nano.a(lib_a-init.o)
                              /usr/lib/gcc/arm-none-eabi/10.3.1/../../../arm-none-eabi/lib/thumb/v7e-m+fp/hard/crt0.o (__libc_init_array)
/usr/lib/gcc/arm-none-eabi/10.3.1/../../../arm-none-eabi/lib/thumb/v7e-m+fp/hard/libc_nano.a(lib_a-memcpy.o)
                              build/robot.o (memcpy)
/usr/lib/gcc/arm-none-eabi/10.3.1/../../../arm-none-eabi/lib/thumb/v7e-m+fp/hard/libc_nano.a(lib_a-memset.o)
                              /usr/lib/gcc/arm-none-eabi/10.3.1/../../../arm-none-eabi/lib/thumb/v7e-m+fp/hard/crt0.o (memset)
/usr/lib/gcc/arm-none-eabi/10.3.1/../../../arm-none-eabi/lib/thumb/v7e-m+fp/hard/libc_nano.a(lib_a-nano-vfprintf_float.o)
                              (_printf_float)
/usr/lib/gcc/arm-none-eabi/10.3.1/../../../arm-none-eabi/lib/thumb/v7e-m+fp/hard/libc_nano.a(lib_a-nano-vfprintf_i.o)
                              /usr/lib/gcc/arm-none-eabi/10.3.1/../../../arm-none-eabi/lib/thumb/v7e-m+fp/hard/libc_nano.a(lib_a-nano-vfprintf_float.o) (_printf_common)
/usr/lib/gcc/arm-none-eabi/10.3.1/../../../arm-none-eabi/lib/thumb/v7e-m+fp/hard/libc_nano.a(lib_a-strlen.o)
                              /usr/lib/gcc/arm-none-eabi/10.3.1/../../../arm-none-eabi/lib/thumb/v7e-m+fp/hard/libc_nano.a(lib_a-nano-vfprintf_float.o) (strlen)
/usr/lib/gcc/arm-none-eabi/10.3.1/../../../arm-none-eabi/lib/thumb/v7e-m+fp/hard/libc_nano.a(lib_a-__atexit.o)
                              /usr/lib/gcc/arm-none-eabi/10.3.1/../../../arm-none-eabi/lib/thumb/v7e-m+fp/hard/libc_nano.a(lib_a-atexit.o) (__register_exitproc)
/usr/lib/gcc/arm-none-eabi/10.3.1/../../../arm-none-eabi/lib/thumb/v7e-m+fp/hard/libc_nano.a(lib_a-__call_atexit.o)
                              /usr/lib/gcc/arm-none-eabi/10.3.1/../../../arm-none-eabi/lib/thumb/v7e-m+fp/hard/libc_nano.a(lib_a-__atexit.o) (__call_exitprocs)
/usr/lib/gcc/arm-none-eabi/10.3.1/../../../arm-none-eabi/lib/thumb/v7e-m+fp/hard/libc_nano.a(lib_a-dtoa.o)
                              /usr/lib/gcc/arm-none-eabi/10.3.1/../../../arm-none-eabi/lib/thumb/v7e-m+fp/hard/libc_nano.a(lib_a-nano-vfprintf_float.o) (_dtoa_r)
/usr/lib/gcc/arm-none-eabi/10.3.1/../../../arm-none-eabi/lib/thumb/v7e-m+fp/hard/libc_nano.a(lib_a-localeconv.o)
                              /usr/lib/gcc/arm-none-eabi/10.3.1/../../../arm-none-eabi/lib/thumb/v7e-m+fp/hard/libc_nano.a(lib_a-nano-vfprintf_float.o) (_localeconv_r)
/usr/lib/gcc/arm-none-eabi/10.3.1/../../../arm-none-eabi/lib/thumb/v7e-m+fp/hard/libc_nano.a(lib_a-malloc.o)
                              /usr/lib/gcc/arm-none-eabi/10.3.1/../../../arm-none-eabi/lib/thumb/v7e-m+fp/hard/libc_nano.a(lib_a-dtoa.o) (malloc)
/usr/lib/gcc/arm-none-eabi/10.3.1/../../../arm-none-eabi/lib/thumb/v7e-m+fp/hard/libc_nano.a(lib_a-memchr.o)
                              /usr/lib/gcc/arm-none-eabi/10.3.1/../../../arm-none-eabi/lib/thumb/v7e-m+fp/hard/libc_nano.a(lib_a-nano-vfprintf_i.o) (memchr)
/usr/lib/gcc/arm-none-eabi/10.3.1/../../../arm-none-eabi/lib/thumb/v7e-m+fp/hard/libc_nano.a(lib_a-mprec.o)
                              /usr/lib/gcc/arm-none-eabi/10.3.1/../../../arm-none-eabi/lib/thumb/v7e-m+fp/hard/libc_nano.a(lib_a-dtoa.o) (_Balloc)
/usr/lib/gcc/arm-none-eabi/10.3.1/../../../arm-none-eabi/lib/thumb/v7e-m+fp/hard/libc_nano.a(lib_a-nano-callocr.o)
                              /usr/lib/gcc/arm-none-eabi/10.3.1/../../../arm-none-eabi/lib/thumb/v7e-m+fp/hard/libc_nano.a(lib_a-mprec.o) (_calloc_r)
/usr/lib/gcc/arm-none-eabi/10.3.1/../../../arm-none-eabi/lib/thumb/v7e-m+fp/hard/libc_nano.a(lib_a-nano-freer.o)
                              /usr/lib/gcc/arm-none-eabi/10.3.1/../../../arm-none-eabi/lib/thumb/v7e-m+fp/hard/libc_nano.a(lib_a-malloc.o) (_free_r)
/usr/lib/gcc/arm-none-eabi/10.3.1/../../../arm-none-eabi/lib/thumb/v7e-m+fp/hard/libc_nano.a(lib_a-nano-mallocr.o)
[...]
Memory Configuration

Name             Origin             Length             Attributes
RAM              0x0000000020000000 0x0000000000020000 xrw
CCMRAM           0x0000000010000000 0x0000000000010000 xrw
FLASH            0x0000000008000000 0x0000000000100000 xr
*default*        0x0000000000000000 0xffffffffffffffff

Linker script and memory map

LOAD /usr/lib/gcc/arm-none-eabi/10.3.1/thumb/v7e-m+fp/hard/crti.o
LOAD /usr/lib/gcc/arm-none-eabi/10.3.1/thumb/v7e-m+fp/hard/crtbegin.o
LOAD /usr/lib/gcc/arm-none-eabi/10.3.1/../../../arm-none-eabi/lib/thumb/v7e-m+fp/hard/crt0.o
LOAD build/main.o
LOAD build/gpio.o
LOAD build/usart.o
LOAD build/stm32f4xx_it.o
LOAD build/stm32f4xx_hal_msp.o
LOAD build/stm32f4xx_hal_tim.o
LOAD build/stm32f4xx_hal_tim_ex.o
LOAD build/stm32f4xx_hal_uart.o
LOAD build/stm32f4xx_hal_rcc.o
LOAD build/stm32f4xx_hal_rcc_ex.o
LOAD build/stm32f4xx_hal_flash.o
LOAD build/stm32f4xx_hal_flash_ex.o
LOAD build/stm32f4xx_hal_flash_ramfunc.o
LOAD build/stm32f4xx_hal_gpio.o
LOAD build/stm32f4xx_hal_dma_ex.o
LOAD build/stm32f4xx_hal_dma.o
LOAD build/stm32f4xx_hal_pwr.o
LOAD build/stm32f4xx_hal_pwr_ex.o
LOAD build/stm32f4xx_hal_cortex.o
LOAD build/stm32f4xx_hal.o
LOAD build/stm32f4xx_hal_exti.o
LOAD build/system_stm32f4xx.o
LOAD build/printf_config.o
LOAD build/tim.o
LOAD build/dma.o
LOAD build/startup_stm32f407xx.o
LOAD build/robot.o
LOAD build/encoder.o
LOAD build/motor.o
LOAD build/pid.o
LOAD /usr/lib/gcc/arm-none-eabi/10.3.1/../../../arm-none-eabi/lib/thumb/v7e-m+fp/hard/libc_nano.a
LOAD /usr/lib/gcc/arm-none-eabi/10.3.1/../../../arm-none-eabi/lib/thumb/v7e-m+fp/hard/libm.a
LOAD /usr/lib/gcc/arm-none-eabi/10.3.1/../../../arm-none-eabi/lib/thumb/v7e-m+fp/hard/libnosys.a
START GROUP
LOAD /usr/lib/gcc/arm-none-eabi/10.3.1/thumb/v7e-m+fp/hard/libgcc.a
LOAD /usr/lib/gcc/arm-none-eabi/10.3.1/../../../arm-none-eabi/lib/thumb/v7e-m+fp/hard/libc_nano.a
END GROUP
START GROUP
LOAD /usr/lib/gcc/arm-none-eabi/10.3.1/thumb/v7e-m+fp/hard/libgcc.a
LOAD /usr/lib/gcc/arm-none-eabi/10.3.1/../../../arm-none-eabi/lib/thumb/v7e-m+fp/hard/libc_nano.a
LOAD /usr/lib/gcc/arm-none-eabi/10.3.1/../../../arm-none-eabi/lib/thumb/v7e-m+fp/hard/libnosys.a
END GROUP
START GROUP
LOAD /usr/lib/gcc/arm-none-eabi/10.3.1/thumb/v7e-m+fp/hard/libgcc.a
LOAD /usr/lib/gcc/arm-none-eabi/10.3.1/../../../arm-none-eabi/lib/thumb/v7e-m+fp/hard/libc_nano.a
LOAD /usr/lib/gcc/arm-none-eabi/10.3.1/../../../arm-none-eabi/lib/thumb/v7e-m+fp/hard/libnosys.a
END GROUP
LOAD /usr/lib/gcc/arm-none-eabi/10.3.1/thumb/v7e-m+fp/hard/crtend.o
LOAD /usr/lib/gcc/arm-none-eabi/10.3.1/thumb/v7e-m+fp/hard/crtn.o
                0x0000000020020000                _estack = (ORIGIN (RAM) + LENGTH (RAM))
                0x0000000000000200                _Min_Heap_Size = 0x200
                0x0000000000000400                _Min_Stack_Size = 0x400

.isr_vector     0x0000000008000000      0x188
                0x0000000008000000                . = ALIGN (0x4)
 *(.isr_vector)
 .isr_vector    0x0000000008000000      0x188 build/startup_stm32f407xx.o
                0x0000000008000000                g_pfnVectors
                0x0000000008000188                . = ALIGN (0x4)

.text           0x00000000080001c0     0x7580
                0x00000000080001c0                . = ALIGN (0x4)
 *(.text)
 .text          0x00000000080001c0       0x88 /usr/lib/gcc/arm-none-eabi/10.3.1/thumb/v7e-m+fp/hard/crtbegin.o
 .text          0x0000000008000248       0x48 /usr/lib/gcc/arm-none-eabi/10.3.1/../../../arm-none-eabi/lib/thumb/v7e-m+fp/hard/libc_nano.a(lib_a-init.o)
                0x0000000008000248                __libc_init_array
 .text          0x0000000008000290      0x134 /usr/lib/gcc/arm-none-eabi/10.3.1/../../../arm-none-eabi/lib/thumb/v7e-m+fp/hard/libc_nano.a(lib_a-memcpy.o)
                0x0000000008000290                memcpy
 .text          0x00000000080003c4       0xa4 /usr/lib/gcc/arm-none-eabi/10.3.1/../../../arm-none-eabi/lib/thumb/v7e-m+fp/hard/libc_nano.a(lib_a-memset.o)
                0x00000000080003c4                memset
 .text          0x0000000008000468      0x6cc /usr/lib/gcc/arm-none-eabi/10.3.1/../../../arm-none-eabi/lib/thumb/v7e-m+fp/hard/libc_nano.a(lib_a-nano-vfprintf_float.o)
                0x0000000008000468                __cvt
                0x0000000008000564                __exponent
                0x0000000008000600                _printf_float
 .text          0x0000000008000b34      0x3dc /usr/lib/gcc/arm-none-eabi/10.3.1/../../../arm-none-eabi/lib/thumb/v7e-m+fp/hard/libc_nano.a(lib_a-nano-vfprintf_i.o)
                0x0000000008000b34                _printf_common
                0x0000000008000c60                _printf_i
 *fill*         0x0000000008000f10       0x30 
 .text          0x0000000008000f40       0xdc /usr/lib/gcc/arm-none-eabi/10.3.1/../../../arm-none-eabi/lib/thumb/v7e-m+fp/hard/libc_nano.a(lib_a-strlen.o)
                0x0000000008000f40                strlen
 *fill*         0x000000000800101c        0x4 
 .text          0x0000000008001020     0x10a4 /usr/lib/gcc/arm-none-eabi/10.3.1/../../../arm-none-eabi/lib/thumb/v7e-m+fp/hard/libc_nano.a(lib_a-dtoa.o)
                0x0000000008001148                _dtoa_r
 .text          0x00000000080020c4       0x14 /usr/lib/gcc/arm-none-eabi/10.3.1/../../../arm-none-eabi/lib/thumb/v7e-m+fp/hard/libc_nano.a(lib_a-localeconv.o)
                0x00000000080020c4                __localeconv_l
                0x00000000080020c8                _localeconv_r
                0x00000000080020d0                localeconv
 .text          0x00000000080020d8       0x20 /usr/lib/gcc/arm-none-eabi/10.3.1/../../../arm-none-eabi/lib/thumb/v7e-m+fp/hard/libc_nano.a(lib_a-malloc.o)
                0x00000000080020d8                malloc
                0x00000000080020e8                free
 *fill*         0x00000000080020f8        0x8 
 .text          0x0000000008002100       0xa0 /usr/lib/gcc/arm-none-eabi/10.3.1/../../../arm-none-eabi/lib/thumb/v7e-m+fp/hard/libc_nano.a(lib_a-memchr.o)
                0x0000000008002100                memchr
 .text          0x00000000080021a0      0xaec /usr/lib/gcc/arm-none-eabi/10.3.1/../../../arm-none-eabi/lib/thumb/v7e-m+fp/hard/libc_nano.a(lib_a-mprec.o)
                0x00000000080021a0                _Balloc
                0x0000000008002220                _Bfree
                0x0000000008002268                __multadd
                0x000000000800230c                __s2b
                0x00000000080023c0                __hi0bits
                0x0000000008002400                __lo0bits
                0x0000000008002460                __i2b
                0x000000000800248c                __multiply
                0x00000000080025e8                __pow5mult
                0x00000000080026c8                __lshift
                0x00000000080027b0                __mcmp
                0x00000000080027f4                __mdiff
                0x0000000008002940                __ulp
                0x00000000080029a0                __b2d
                0x0000000008002a60                __d2b
                0x0000000008002b30                __ratio
                0x0000000008002b8c                _mprec_log10
                0x0000000008002bcc                __copybits
                0x0000000008002c28                __any_on
 .text          0x0000000008002c8c       0x1c /usr/lib/gcc/arm-none-eabi/10.3.1/../../../arm-none-eabi/lib/thumb/v7e-m+fp/hard/libc_nano.a(lib_a-nano-callocr.o)
                0x0000000008002c8c                _calloc_r
 .text          0x0000000008002ca8       0xc4 /usr/lib/gcc/arm-none-eabi/10.3.1/../../../arm-none-eabi/lib/thumb/v7e-m+fp/hard/libc_nano.a(lib_a-nano-freer.o)
                0x0000000008002ca8                _free_r
 .text          0x0000000008002d6c       0xb4 /usr/lib/gcc/arm-none-eabi/10.3.1/../../../arm-none-eabi/lib/thumb/v7e-m+fp/hard/libc_nano.a(lib_a-nano-mallocr.o)
                0x0000000008002d6c                _malloc_r
 .text          0x0000000008002e20       0x24 /usr/lib/gcc/arm-none-eabi/10.3.1/../../../arm-none-eabi/lib/thumb/v7e-m+fp/hard/libc_nano.a(lib_a-sbrkr.o)
                0x0000000008002e20                _sbrk_r
 .text          0x0000000008002e44       0x4c /usr/lib/gcc/arm-none-eabi/10.3.1/../../../arm-none-eabi/lib/thumb/v7e-m+fp/hard/libc_nano.a(lib_a-assert.o)
                0x0000000008002e44                __assert_func
                0x0000000008002e84                __assert
 .text          0x0000000008002e90       0x44 /usr/lib/gcc/arm-none-eabi/10.3.1/../../../arm-none-eabi/lib/thumb/v7e-m+fp/hard/libc_nano.a(lib_a-fprintf.o)
                0x0000000008002e90                _fprintf_r
                0x0000000008002e90                _fiprintf_r
                0x0000000008002eac                fprintf
                0x0000000008002eac                fiprintf
 .text          0x0000000008002ed4       0x40 /usr/lib/gcc/arm-none-eabi/10.3.1/../../../arm-none-eabi/lib/thumb/v7e-m+fp/hard/libc_nano.a(lib_a-mbtowc_r.o)
                0x0000000008002ed4                _mbtowc_r
                0x0000000008002ee8                __ascii_mbtowc
 .text          0x0000000008002f14        0x8 /usr/lib/gcc/arm-none-eabi/10.3.1/../../../arm-none-eabi/lib/thumb/v7e-m+fp/hard/libc_nano.a(lib_a-mlock.o)
                0x0000000008002f14                __malloc_lock
                0x0000000008002f18                __malloc_unlock
 .text          0x0000000008002f1c      0x328 /usr/lib/gcc/arm-none-eabi/10.3.1/../../../arm-none-eabi/lib/thumb/v7e-m+fp/hard/libc_nano.a(lib_a-nano-vfprintf.o)
                0x0000000008002f58                __sfputs_r
                0x0000000008002f88                __sprint_r
                0x0000000008002fa4                _vfiprintf_r
                0x0000000008002fa4                _vfprintf_r
                0x0000000008003228                vfiprintf
                0x0000000008003228                vfprintf
 .text          0x0000000008003244       0xc8 /usr/lib/gcc/arm-none-eabi/10.3.1/../../../arm-none-eabi/lib/thumb/v7e-m+fp/hard/libc_nano.a(lib_a-wbuf.o)
                0x0000000008003244                __swbuf_r
                0x00000000080032f4                __swbuf
 .text          0x000000000800330c       0x30 /usr/lib/gcc/arm-none-eabi/10.3.1/../../../arm-none-eabi/lib/thumb/v7e-m+fp/hard/libc_nano.a(lib_a-wctomb_r.o)
                0x000000000800330c                _wctomb_r
                0x0000000008003320                __ascii_wctomb
 .text          0x000000000800333c      0x104 /usr/lib/gcc/arm-none-eabi/10.3.1/../../../arm-none-eabi/lib/thumb/v7e-m+fp/hard/libc_nano.a(lib_a-wsetup.o)
                0x000000000800333c                __swsetup_r
 .text          0x0000000008003440       0x10 /usr/lib/gcc/arm-none-eabi/10.3.1/../../../arm-none-eabi/lib/thumb/v7e-m+fp/hard/libc_nano.a(lib_a-abort.o)
                0x0000000008003440                abort
 .text          0x0000000008003450      0x1e8 /usr/lib/gcc/arm-none-eabi/10.3.1/../../../arm-none-eabi/lib/thumb/v7e-m+fp/hard/libc_nano.a(lib_a-fflush.o)
                0x0000000008003450                __sflush_r
                0x0000000008003564                _fflush_r
                0x00000000080035b8                fflush
 .text          0x0000000008003638      0x238 /usr/lib/gcc/arm-none-eabi/10.3.1/../../../arm-none-eabi/lib/thumb/v7e-m+fp/hard/libc_nano.a(lib_a-findfp.o)
                0x000000000800363c                _cleanup_r
                0x000000000800364c                __sfmoreglue
                0x000000000800367c                __sfp
                0x000000000800381c                _cleanup
                0x0000000008003830                __sinit
                0x0000000008003838                __sfp_lock_acquire
                0x000000000800383c                __sfp_lock_release
                0x0000000008003840                __sinit_lock_acquire
                0x0000000008003844                __sinit_lock_release
                0x0000000008003848                __fp_lock_all
                0x000000000800385c                __fp_unlock_all
 .text          0x0000000008003870      0x2f0 /usr/lib/gcc/arm-none-eabi/10.3.1/../../../arm-none-eabi/lib/thumb/v7e-m+fp/hard/libc_nano.a(lib_a-fvwrite.o)
                0x0000000008003870                __sfvwrite_r
 .text          0x0000000008003b60       0x88 /usr/lib/gcc/arm-none-eabi/10.3.1/../../../arm-none-eabi/lib/thumb/v7e-m+fp/hard/libc_nano.a(lib_a-fwalk.o)
                0x0000000008003b60                _fwalk
                0x0000000008003ba0                _fwalk_reent
 .text          0x0000000008003be8      0x11c /usr/lib/gcc/arm-none-eabi/10.3.1/../../../arm-none-eabi/lib/thumb/v7e-m+fp/hard/libc_nano.a(lib_a-makebuf.o)
                0x0000000008003be8                __smakebuf_r
                0x0000000008003ca8                __swhatbuf_r
 .text          0x0000000008003d04       0xf8 /usr/lib/gcc/arm-none-eabi/10.3.1/../../../arm-none-eabi/lib/thumb/v7e-m+fp/hard/libc_nano.a(lib_a-memmove.o)
                0x0000000008003d04                memmove
 .text          0x0000000008003dfc       0x50 /usr/lib/gcc/arm-none-eabi/10.3.1/../../../arm-none-eabi/lib/thumb/v7e-m+fp/hard/libc_nano.a(lib_a-nano-reallocr.o)
                0x0000000008003dfc                _realloc_r
 .text          0x0000000008003e4c      0x268 /usr/lib/gcc/arm-none-eabi/10.3.1/../../../arm-none-eabi/lib/thumb/v7e-m+fp/hard/libc_nano.a(lib_a-signal.o)
                0x0000000008003e4c                _init_signal_r
                0x0000000008003e78                _signal_r
                0x0000000008003ec0                _raise_r
                0x0000000008003f14                __sigtramp_r
                0x0000000008003f74                raise
                0x0000000008003fcc                signal
                0x000000000800401c                _init_signal
                0x0000000008004050                __sigtramp
 .text          0x00000000080040b4       0x30 /usr/lib/gcc/arm-none-eabi/10.3.1/../../../arm-none-eabi/lib/thumb/v7e-m+fp/hard/libc_nano.a(lib_a-signalr.o)
                0x00000000080040b4                _kill_r
                0x00000000080040e0                _getpid_r
 .text          0x00000000080040e4       0x90 /usr/lib/gcc/arm-none-eabi/10.3.1/../../../arm-none-eabi/lib/thumb/v7e-m+fp/hard/libc_nano.a(lib_a-stdio.o)
                0x00000000080040e4                __sread
                0x0000000008004108                __seofread
                0x000000000800410c                __swrite
                0x000000000800414c                __sseek
                0x000000000800416c                __sclose
 .text          0x0000000008004174       0x2c /usr/lib/gcc/arm-none-eabi/10.3.1/../../../arm-none-eabi/lib/thumb/v7e-m+fp/hard/libc_nano.a(lib_a-writer.o)
                0x0000000008004174                _write_r
 .text          0x00000000080041a0       0x24 /usr/lib/gcc/arm-none-eabi/10.3.1/../../../arm-none-eabi/lib/thumb/v7e-m+fp/hard/libc_nano.a(lib_a-closer.o)
                0x00000000080041a0                _close_r
 .text          0x00000000080041c4       0x2c /usr/lib/gcc/arm-none-eabi/10.3.1/../../../arm-none-eabi/lib/thumb/v7e-m+fp/hard/libc_nano.a(lib_a-fstatr.o)
                0x00000000080041c4                _fstat_r
 .text          0x00000000080041f0       0x24 /usr/lib/gcc/arm-none-eabi/10.3.1/../../../arm-none-eabi/lib/thumb/v7e-m+fp/hard/libc_nano.a(lib_a-isattyr.o)
                0x00000000080041f0                _isatty_r
 .text          0x0000000008004214       0x2c /usr/lib/gcc/arm-none-eabi/10.3.1/../../../arm-none-eabi/lib/thumb/v7e-m+fp/hard/libc_nano.a(lib_a-lseekr.o)
                0x0000000008004214                _lseek_r
 .text          0x0000000008004240       0x14 /usr/lib/gcc/arm-none-eabi/10.3.1/../../../arm-none-eabi/lib/thumb/v7e-m+fp/hard/libc_nano.a(lib_a-nano-msizer.o)
                0x0000000008004240                _malloc_usable_size_r
 .text          0x0000000008004254       0x2c /usr/lib/gcc/arm-none-eabi/10.3.1/../../../arm-none-eabi/lib/thumb/v7e-m+fp/hard/libc_nano.a(lib_a-readr.o)
                0x0000000008004254                _read_r
 .text          0x0000000008004280       0x10 /usr/lib/gcc/arm-none-eabi/10.3.1/../../../arm-none-eabi/lib/thumb/v7e-m+fp/hard/libnosys.a(close.o)
                0x0000000008004280                _close
 .text          0x0000000008004290       0x10 /usr/lib/gcc/arm-none-eabi/10.3.1/../../../arm-none-eabi/lib/thumb/v7e-m+fp/hard/libnosys.a(fstat.o)
                0x0000000008004290                _fstat
 .text          0x00000000080042a0       0x10 /usr/lib/gcc/arm-none-eabi/10.3.1/../../../arm-none-eabi/lib/thumb/v7e-m+fp/hard/libnosys.a(getpid.o)
                0x00000000080042a0                _getpid
 .text          0x00000000080042b0       0x10 /usr/lib/gcc/arm-none-eabi/10.3.1/../../../arm-none-eabi/lib/thumb/v7e-m+fp/hard/libnosys.a(isatty.o)
                0x00000000080042b0                _isatty
 .text          0x00000000080042c0       0x10 /usr/lib/gcc/arm-none-eabi/10.3.1/../../../arm-none-eabi/lib/thumb/v7e-m+fp/hard/libnosys.a(kill.o)
                0x00000000080042c0                _kill
 .text          0x00000000080042d0       0x10 /usr/lib/gcc/arm-none-eabi/10.3.1/../../../arm-none-eabi/lib/thumb/v7e-m+fp/hard/libnosys.a(lseek.o)
                0x00000000080042d0                _lseek
 .text          0x00000000080042e0       0x10 /usr/lib/gcc/arm-none-eabi/10.3.1/../../../arm-none-eabi/lib/thumb/v7e-m+fp/hard/libnosys.a(read.o)
                0x00000000080042e0                _read
 .text          0x00000000080042f0       0x1c /usr/lib/gcc/arm-none-eabi/10.3.1/../../../arm-none-eabi/lib/thumb/v7e-m+fp/hard/libnosys.a(sbrk.o)
                0x00000000080042f0                _sbrk
 .text          0x000000000800430c        0x4 /usr/lib/gcc/arm-none-eabi/10.3.1/../../../arm-none-eabi/lib/thumb/v7e-m+fp/hard/libnosys.a(_exit.o)
                0x000000000800430c                _exit
 .text          0x0000000008004310      0x378 /usr/lib/gcc/arm-none-eabi/10.3.1/thumb/v7e-m+fp/hard/libgcc.a(_arm_addsubdf3.o)
                0x0000000008004310                __aeabi_drsub
                0x0000000008004318                __aeabi_dsub
                0x0000000008004318                __subdf3
                0x000000000800431c                __adddf3
                0x000000000800431c                __aeabi_dadd
                0x0000000008004594                __aeabi_ui2d
                0x0000000008004594                __floatunsidf
                0x00000000080045b4                __floatsidf
                0x00000000080045b4                __aeabi_i2d
                0x00000000080045d8                __extendsfdf2
                0x00000000080045d8                __aeabi_f2d
                0x000000000800461c                __aeabi_ul2d
                0x000000000800461c                __floatundidf
                0x000000000800462c                __floatdidf
                0x000000000800462c                __aeabi_l2d
 .text          0x0000000008004688      0x424 /usr/lib/gcc/arm-none-eabi/10.3.1/thumb/v7e-m+fp/hard/libgcc.a(_arm_muldivdf3.o)
                0x0000000008004688                __aeabi_dmul
                0x0000000008004688                __muldf3
                0x00000000080048dc                __aeabi_ddiv
                0x00000000080048dc                __divdf3
 .text          0x0000000008004aac      0x110 /usr/lib/gcc/arm-none-eabi/10.3.1/thumb/v7e-m+fp/hard/libgcc.a(_arm_cmpdf2.o)
                0x0000000008004aac                __gtdf2
                0x0000000008004aac                __gedf2
                0x0000000008004ab4                __ltdf2
                0x0000000008004ab4                __ledf2
                0x0000000008004abc                __cmpdf2
                0x0000000008004abc                __eqdf2
                0x0000000008004abc                __nedf2
                0x0000000008004b38                __aeabi_cdrcmple
                0x0000000008004b48                __aeabi_cdcmple
                0x0000000008004b48                __aeabi_cdcmpeq
                0x0000000008004b58                __aeabi_dcmpeq
                0x0000000008004b6c                __aeabi_dcmplt
                0x0000000008004b80                __aeabi_dcmple
                0x0000000008004b94                __aeabi_dcmpge
                0x0000000008004ba8                __aeabi_dcmpgt
 .text          0x0000000008004bbc       0x2c /usr/lib/gcc/arm-none-eabi/10.3.1/thumb/v7e-m+fp/hard/libgcc.a(_arm_unorddf2.o)
                0x0000000008004bbc                __aeabi_dcmpun
                0x0000000008004bbc                __unorddf2
 .text          0x0000000008004be8       0x50 /usr/lib/gcc/arm-none-eabi/10.3.1/thumb/v7e-m+fp/hard/libgcc.a(_arm_fixdfsi.o)
                0x0000000008004be8                __fixdfsi
                0x0000000008004be8                __aeabi_d2iz
 .text          0x0000000008004c38       0x30 /usr/lib/gcc/arm-none-eabi/10.3.1/thumb/v7e-m+fp/hard/libgcc.a(_aeabi_uldivmod.o)
                0x0000000008004c38                __aeabi_uldivmod
 .text          0x0000000008004c68      0x2d0 /usr/lib/gcc/arm-none-eabi/10.3.1/thumb/v7e-m+fp/hard/libgcc.a(_udivmoddi4.o)
                0x0000000008004c68                __udivmoddi4
 .text          0x0000000008004f38        0x4 /usr/lib/gcc/arm-none-eabi/10.3.1/thumb/v7e-m+fp/hard/libgcc.a(_dvmd_tls.o)
                0x0000000008004f38                __aeabi_ldiv0
                0x0000000008004f38                __aeabi_idiv0
 *(.text*)
 .text.Error_Handler
                0x0000000008004f3c        0x4 build/main.o
                0x0000000008004f3c                Error_Handler
 .text.SystemClock_Config
                0x0000000008004f40       0xa8 build/main.o
                0x0000000008004f40                SystemClock_Config
 .text.main     0x0000000008004fe8       0x2c build/main.o
                0x0000000008004fe8                main
 .text.MX_GPIO_Init
                0x0000000008005014      0x108 build/gpio.o
                0x0000000008005014                MX_GPIO_Init
 .text.MX_USART1_UART_Init
                0x000000000800511c       0x34 build/usart.o
                0x000000000800511c                MX_USART1_UART_Init
 .text.HAL_UART_MspInit
                0x0000000008005150       0xbc build/usart.o
                0x0000000008005150                HAL_UART_MspInit
 .text.NMI_Handler
                0x000000000800520c        0x2 build/stm32f4xx_it.o
                0x000000000800520c                NMI_Handler
 .text.HardFault_Handler
                0x000000000800520e        0x2 build/stm32f4xx_it.o
                0x000000000800520e                HardFault_Handler
 .text.MemManage_Handler
                0x0000000008005210        0x2 build/stm32f4xx_it.o
                0x0000000008005210                MemManage_Handler
 .text.BusFault_Handler
                0x0000000008005212        0x2 build/stm32f4xx_it.o
                0x0000000008005212                BusFault_Handler
 .text.UsageFault_Handler
                0x0000000008005214        0x2 build/stm32f4xx_it.o
                0x0000000008005214                UsageFault_Handler
 .text.SVC_Handler
                0x0000000008005216        0x2 build/stm32f4xx_it.o
                0x0000000008005216                SVC_Handler
 .text.DebugMon_Handler
                0x0000000008005218        0x2 build/stm32f4xx_it.o
                0x0000000008005218                DebugMon_Handler
 .text.PendSV_Handler
                0x000000000800521a        0x2 build/stm32f4xx_it.o
                0x000000000800521a                PendSV_Handler
 .text.SysTick_Handler
                0x000000000800521c        0x8 build/stm32f4xx_it.o
                0x000000000800521c                SysTick_Handler
 .text.USART1_IRQHandler
                0x0000000008005224       0x10 build/stm32f4xx_it.o
                0x0000000008005224                USART1_IRQHandler
 .text.DMA2_Stream2_IRQHandler
                0x0000000008005234       0x10 build/stm32f4xx_it.o
                0x0000000008005234                DMA2_Stream2_IRQHandler
 .text.HAL_MspInit
                0x0000000008005244       0x38 build/stm32f4xx_hal_msp.o
                0x0000000008005244                HAL_MspInit
 .text.TIM_OC1_SetConfig
                0x000000000800527c       0x68 build/stm32f4xx_hal_tim.o
 .text.TIM_OC3_SetConfig
                0x00000000080052e4       0x70 build/stm32f4xx_hal_tim.o
 .text.TIM_OC4_SetConfig
                0x0000000008005354       0x50 build/stm32f4xx_hal_tim.o
 .text.TIM_Base_SetConfig
                0x00000000080053a4       0xd8 build/stm32f4xx_hal_tim.o
                0x00000000080053a4                TIM_Base_SetConfig
 .text.HAL_TIM_PWM_Init
                0x000000000800547c       0x58 build/stm32f4xx_hal_tim.o
                0x000000000800547c                HAL_TIM_PWM_Init
 .text.HAL_TIM_Encoder_Init
                0x00000000080054d4       0xb6 build/stm32f4xx_hal_tim.o
                0x00000000080054d4                HAL_TIM_Encoder_Init
 *fill*         0x000000000800558a        0x2 
 .text.TIM_OC2_SetConfig
                0x000000000800558c       0x70 build/stm32f4xx_hal_tim.o
                0x000000000800558c                TIM_OC2_SetConfig
 .text.HAL_TIM_PWM_ConfigChannel
                0x00000000080055fc       0xdc build/stm32f4xx_hal_tim.o
                0x00000000080055fc                HAL_TIM_PWM_ConfigChannel
 .text.HAL_TIMEx_MasterConfigSynchronization
                0x00000000080056d8       0x8c build/stm32f4xx_hal_tim_ex.o
                0x00000000080056d8                HAL_TIMEx_MasterConfigSynchronization
 .text.UART_EndTxTransfer
                0x0000000008005764       0x20 build/stm32f4xx_hal_uart.o
 .text.UART_EndRxTransfer
                0x0000000008005784       0x5c build/stm32f4xx_hal_uart.o
 .text.UART_Transmit_IT
                0x00000000080057e0       0x60 build/stm32f4xx_hal_uart.o
 .text.UART_SetConfig
                0x0000000008005840      0x110 build/stm32f4xx_hal_uart.o
 .text.HAL_UART_Init
                0x0000000008005950       0x60 build/stm32f4xx_hal_uart.o
                0x0000000008005950                HAL_UART_Init
 .text.HAL_UART_TxCpltCallback
                0x00000000080059b0        0x2 build/stm32f4xx_hal_uart.o
                0x00000000080059b0                HAL_UART_TxCpltCallback
 .text.UART_EndTransmit_IT
                0x00000000080059b2       0x1a build/stm32f4xx_hal_uart.o
 .text.HAL_UART_RxHalfCpltCallback
                0x00000000080059cc        0x2 build/stm32f4xx_hal_uart.o
                0x00000000080059cc                HAL_UART_RxHalfCpltCallback
 .text.HAL_UART_ErrorCallback
                0x00000000080059ce        0x2 build/stm32f4xx_hal_uart.o
                0x00000000080059ce                HAL_UART_ErrorCallback
 .text.UART_DMAError
                0x00000000080059d0       0x58 build/stm32f4xx_hal_uart.o
 .text.UART_DMAAbortOnError
                0x0000000008005a28       0x10 build/stm32f4xx_hal_uart.o
 .text.HAL_UARTEx_RxEventCallback
                0x0000000008005a38        0x2 build/stm32f4xx_hal_uart.o
                0x0000000008005a38                HAL_UARTEx_RxEventCallback
 .text.UART_Receive_IT
                0x0000000008005a3a       0xe6 build/stm32f4xx_hal_uart.o
 .text.HAL_UART_IRQHandler
                0x0000000008005b20      0x288 build/stm32f4xx_hal_uart.o
                0x0000000008005b20                HAL_UART_IRQHandler
 .text.UART_DMARxHalfCplt
                0x0000000008005da8       0x1e build/stm32f4xx_hal_uart.o
 .text.UART_DMAReceiveCplt
                0x0000000008005dc6       0x9a build/stm32f4xx_hal_uart.o
 .text.UART_Start_Receive_DMA
                0x0000000008005e60       0xa4 build/stm32f4xx_hal_uart.o
                0x0000000008005e60                UART_Start_Receive_DMA
 .text.HAL_UART_Receive_DMA
                0x0000000008005f04       0x26 build/stm32f4xx_hal_uart.o
                0x0000000008005f04                HAL_UART_Receive_DMA
 *fill*         0x0000000008005f2a        0x2 
 .text.HAL_RCC_OscConfig
                0x0000000008005f2c      0x3f8 build/stm32f4xx_hal_rcc.o
                0x0000000008005f2c                HAL_RCC_OscConfig
 .text.HAL_RCC_GetSysClockFreq
                0x0000000008006324       0xd4 build/stm32f4xx_hal_rcc.o
                0x0000000008006324                HAL_RCC_GetSysClockFreq
 .text.HAL_RCC_ClockConfig
                0x00000000080063f8      0x160 build/stm32f4xx_hal_rcc.o
                0x00000000080063f8                HAL_RCC_ClockConfig
 .text.HAL_RCC_GetHCLKFreq
                0x0000000008006558        0xc build/stm32f4xx_hal_rcc.o
                0x0000000008006558                HAL_RCC_GetHCLKFreq
 .text.HAL_RCC_GetPCLK1Freq
                0x0000000008006564       0x20 build/stm32f4xx_hal_rcc.o
                0x0000000008006564                HAL_RCC_GetPCLK1Freq
 .text.HAL_RCC_GetPCLK2Freq
                0x0000000008006584       0x20 build/stm32f4xx_hal_rcc.o
                0x0000000008006584                HAL_RCC_GetPCLK2Freq
 .text.HAL_GPIO_Init
                0x00000000080065a4      0x1e4 build/stm32f4xx_hal_gpio.o
                0x00000000080065a4                HAL_GPIO_Init
 .text.HAL_GPIO_WritePin
                0x0000000008006788        0xc build/stm32f4xx_hal_gpio.o
                0x0000000008006788                HAL_GPIO_WritePin
 .text.DMA_SetConfig
                0x0000000008006794       0x2c build/stm32f4xx_hal_dma.o
 .text.DMA_CalcBaseAndBitshift
                0x00000000080067c0       0x44 build/stm32f4xx_hal_dma.o
 .text.DMA_CheckFifoParam
                0x0000000008006804       0x8e build/stm32f4xx_hal_dma.o
 *fill*         0x0000000008006892        0x2 
 .text.HAL_DMA_Init
                0x0000000008006894       0xcc build/stm32f4xx_hal_dma.o
                0x0000000008006894                HAL_DMA_Init
 .text.HAL_DMA_Start_IT
                0x0000000008006960       0x6a build/stm32f4xx_hal_dma.o
                0x0000000008006960                HAL_DMA_Start_IT
 .text.HAL_DMA_Abort
                0x00000000080069ca       0x94 build/stm32f4xx_hal_dma.o
                0x00000000080069ca                HAL_DMA_Abort
 .text.HAL_DMA_Abort_IT
                0x0000000008006a5e       0x26 build/stm32f4xx_hal_dma.o
                0x0000000008006a5e                HAL_DMA_Abort_IT
 .text.HAL_DMA_IRQHandler
                0x0000000008006a84      0x1dc build/stm32f4xx_hal_dma.o
                0x0000000008006a84                HAL_DMA_IRQHandler
 .text.HAL_NVIC_SetPriorityGrouping
                0x0000000008006c60       0x24 build/stm32f4xx_hal_cortex.o
                0x0000000008006c60                HAL_NVIC_SetPriorityGrouping
 .text.HAL_NVIC_SetPriority
                0x0000000008006c84       0x70 build/stm32f4xx_hal_cortex.o
                0x0000000008006c84                HAL_NVIC_SetPriority
 .text.HAL_NVIC_EnableIRQ
                0x0000000008006cf4       0x1c build/stm32f4xx_hal_cortex.o
                0x0000000008006cf4                HAL_NVIC_EnableIRQ
 .text.HAL_SYSTICK_Config
                0x0000000008006d10       0x28 build/stm32f4xx_hal_cortex.o
                0x0000000008006d10                HAL_SYSTICK_Config
 .text.HAL_InitTick
                0x0000000008006d38       0x4c build/stm32f4xx_hal.o
                0x0000000008006d38                HAL_InitTick
 .text.HAL_Init
                0x0000000008006d84       0x34 build/stm32f4xx_hal.o
                0x0000000008006d84                HAL_Init
 .text.HAL_IncTick
                0x0000000008006db8       0x18 build/stm32f4xx_hal.o
                0x0000000008006db8                HAL_IncTick
 .text.HAL_GetTick
                0x0000000008006dd0        0xc build/stm32f4xx_hal.o
                0x0000000008006dd0                HAL_GetTick
 .text.SystemInit
                0x0000000008006ddc       0x14 build/system_stm32f4xx.o
                0x0000000008006ddc                SystemInit
 .text.ITM_SendString
                0x0000000008006df0       0x44 build/printf_config.o
                0x0000000008006df0                ITM_SendString
 .text._write   0x0000000008006e34        0xc build/printf_config.o
                0x0000000008006e34                _write
 .text.MX_TIM1_Init
                0x0000000008006e40       0x68 build/tim.o
                0x0000000008006e40                MX_TIM1_Init
 .text.MX_TIM5_Init
                0x0000000008006ea8       0x64 build/tim.o
                0x0000000008006ea8                MX_TIM5_Init
 .text.HAL_TIM_Encoder_MspInit
                0x0000000008006f0c       0xbc build/tim.o
                0x0000000008006f0c                HAL_TIM_Encoder_MspInit
 .text.HAL_TIM_PWM_MspInit
                0x0000000008006fc8       0x30 build/tim.o
                0x0000000008006fc8                HAL_TIM_PWM_MspInit
 .text.HAL_TIM_MspPostInit
                0x0000000008006ff8       0x58 build/tim.o
                0x0000000008006ff8                HAL_TIM_MspPostInit
 .text.MX_TIM9_Init
                0x0000000008007050       0x78 build/tim.o
                0x0000000008007050                MX_TIM9_Init
 .text.MX_DMA_Init
                0x00000000080070c8       0x34 build/dma.o
                0x00000000080070c8                MX_DMA_Init
 .text.Reset_Handler
                0x00000000080070fc       0x50 build/startup_stm32f407xx.o
                0x00000000080070fc                Reset_Handler
 .text.Default_Handler
                0x000000000800714c        0x2 build/startup_stm32f407xx.o
                0x000000000800714c                RTC_Alarm_IRQHandler
                0x000000000800714c                HASH_RNG_IRQHandler
                0x000000000800714c                EXTI2_IRQHandler
                0x000000000800714c                TIM8_CC_IRQHandler
                0x000000000800714c                TIM1_CC_IRQHandler
                0x000000000800714c                DMA2_Stream5_IRQHandler
                0x000000000800714c                DMA1_Stream5_IRQHandler
                0x000000000800714c                PVD_IRQHandler
                0x000000000800714c                SDIO_IRQHandler
                0x000000000800714c                TAMP_STAMP_IRQHandler
                0x000000000800714c                CAN2_RX1_IRQHandler
                0x000000000800714c                EXTI3_IRQHandler
                0x000000000800714c                TIM8_TRG_COM_TIM14_IRQHandler
                0x000000000800714c                TIM1_UP_TIM10_IRQHandler
                0x000000000800714c                TIM8_UP_TIM13_IRQHandler
                0x000000000800714c                I2C3_ER_IRQHandler
                0x000000000800714c                EXTI0_IRQHandler
                0x000000000800714c                I2C2_EV_IRQHandler
                0x000000000800714c                DMA1_Stream2_IRQHandler
                0x000000000800714c                CAN1_RX0_IRQHandler
                0x000000000800714c                FPU_IRQHandler
                0x000000000800714c                OTG_HS_WKUP_IRQHandler
                0x000000000800714c                CAN2_SCE_IRQHandler
                0x000000000800714c                SPI1_IRQHandler
                0x000000000800714c                TIM6_DAC_IRQHandler
                0x000000000800714c                TIM1_BRK_TIM9_IRQHandler
                0x000000000800714c                DCMI_IRQHandler
                0x000000000800714c                CAN2_RX0_IRQHandler
                0x000000000800714c                DMA2_Stream3_IRQHandler
                0x000000000800714c                USART6_IRQHandler
                0x000000000800714c                USART3_IRQHandler
                0x000000000800714c                CAN1_RX1_IRQHandler
                0x000000000800714c                UART5_IRQHandler
                0x000000000800714c                DMA2_Stream0_IRQHandler
                0x000000000800714c                TIM4_IRQHandler
                0x000000000800714c                I2C1_EV_IRQHandler
                0x000000000800714c                DMA1_Stream6_IRQHandler
                0x000000000800714c                DMA1_Stream1_IRQHandler
                0x000000000800714c                UART4_IRQHandler
                0x000000000800714c                TIM3_IRQHandler
                0x000000000800714c                RCC_IRQHandler
                0x000000000800714c                TIM8_BRK_TIM12_IRQHandler
                0x000000000800714c                Default_Handler
                0x000000000800714c                EXTI15_10_IRQHandler
                0x000000000800714c                ADC_IRQHandler
                0x000000000800714c                DMA1_Stream7_IRQHandler
                0x000000000800714c                TIM7_IRQHandler
                0x000000000800714c                CAN2_TX_IRQHandler
                0x000000000800714c                TIM5_IRQHandler
                0x000000000800714c                DMA2_Stream7_IRQHandler
                0x000000000800714c                I2C3_EV_IRQHandler
                0x000000000800714c                EXTI9_5_IRQHandler
                0x000000000800714c                RTC_WKUP_IRQHandler
                0x000000000800714c                ETH_WKUP_IRQHandler
                0x000000000800714c                SPI2_IRQHandler
                0x000000000800714c                OTG_HS_EP1_IN_IRQHandler
                0x000000000800714c                DMA1_Stream0_IRQHandler
                0x000000000800714c                CAN1_TX_IRQHandler
                0x000000000800714c                EXTI4_IRQHandler
                0x000000000800714c                FSMC_IRQHandler
                0x000000000800714c                ETH_IRQHandler
                0x000000000800714c                OTG_HS_EP1_OUT_IRQHandler
                0x000000000800714c                WWDG_IRQHandler
                0x000000000800714c                TIM2_IRQHandler
                0x000000000800714c                OTG_FS_WKUP_IRQHandler
                0x000000000800714c                TIM1_TRG_COM_TIM11_IRQHandler
                0x000000000800714c                OTG_HS_IRQHandler
                0x000000000800714c                EXTI1_IRQHandler
                0x000000000800714c                USART2_IRQHandler
                0x000000000800714c                I2C2_ER_IRQHandler
                0x000000000800714c                DMA2_Stream1_IRQHandler
                0x000000000800714c                CAN1_SCE_IRQHandler
                0x000000000800714c                FLASH_IRQHandler
                0x000000000800714c                DMA2_Stream4_IRQHandler
                0x000000000800714c                OTG_FS_IRQHandler
                0x000000000800714c                SPI3_IRQHandler
                0x000000000800714c                DMA1_Stream4_IRQHandler
                0x000000000800714c                I2C1_ER_IRQHandler
                0x000000000800714c                DMA2_Stream6_IRQHandler
                0x000000000800714c                DMA1_Stream3_IRQHandler
 *fill*         0x000000000800714e        0x2 
 .text._Z41__static_initialization_and_destruction_0ii
                0x0000000008007150       0x80 build/robot.o
 .text._ZN5Robot4initEv
                0x00000000080071d0      0x1a0 build/robot.o
                0x00000000080071d0                Robot::init()
 .text.HAL_UART_RxCpltCallback
                0x0000000008007370       0x24 build/robot.o
                0x0000000008007370                HAL_UART_RxCpltCallback
 .text.init_robot
                0x0000000008007394       0x10 build/robot.o
                0x0000000008007394                init_robot
 .text.operate_robot
                0x00000000080073a4       0x16 build/robot.o
                0x00000000080073a4                operate_robot
 .text._GLOBAL__sub_I_data
                0x00000000080073ba        0xe build/robot.o
 .text._ZN3PID10SetTuningsEdddi
                0x00000000080073c8       0xec build/pid.o
                0x00000000080073c8                PID::SetTunings(double, double, double, int)
 .text._ZN3PID10SetTuningsEddd
                0x00000000080074b4        0xa build/pid.o
                0x00000000080074b4                PID::SetTunings(double, double, double)
 .text._ZN3PID13SetSampleTimeEi
                0x00000000080074be       0x4c build/pid.o
                0x00000000080074be                PID::SetSampleTime(int)
 .text._ZN3PID15SetOutputLimitsEdd
                0x000000000800750a       0x94 build/pid.o
                0x000000000800750a                PID::SetOutputLimits(double, double)
 .text._ZN3PID10InitializeEv
                0x000000000800759e       0x4e build/pid.o
                0x000000000800759e                PID::Initialize()
 .text._ZN3PID7SetModeEi
                0x00000000080075ec       0x22 build/pid.o
                0x00000000080075ec                PID::SetMode(int)
 .text._ZN3PID4InitEv
                0x000000000800760e       0x14 build/pid.o
                0x000000000800760e                PID::Init()
 .text._ZN3PID22SetControllerDirectionEi
                0x0000000008007622       0x46 build/pid.o
                0x0000000008007622                PID::SetControllerDirection(int)
 .text._ZN3PIDC2Edddii
                0x0000000008007668       0x98 build/pid.o
                0x0000000008007668                PID::PID(double, double, double, int, int)
                0x0000000008007668                PID::PID(double, double, double, int, int)
 .text._ZN3PIDC2Ev
                0x0000000008007700       0x28 build/pid.o
                0x0000000008007700                PID::PID()
                0x0000000008007700                PID::PID()
 *(.glue_7)
 .glue_7        0x0000000008007728        0x0 linker stubs
 *(.glue_7t)
 .glue_7t       0x0000000008007728        0x0 linker stubs
 *(.eh_frame)
 .eh_frame      0x0000000008007728        0x0 /usr/lib/gcc/arm-none-eabi/10.3.1/thumb/v7e-m+fp/hard/crtbegin.o
 *(.init)
 .init          0x0000000008007728        0x4 /usr/lib/gcc/arm-none-eabi/10.3.1/thumb/v7e-m+fp/hard/crti.o
                0x0000000008007728                _init
 .init          0x000000000800772c        0x8 /usr/lib/gcc/arm-none-eabi/10.3.1/thumb/v7e-m+fp/hard/crtn.o
 *(.fini)
 .fini          0x0000000008007734        0x4 /usr/lib/gcc/arm-none-eabi/10.3.1/thumb/v7e-m+fp/hard/crti.o
                0x0000000008007734                _fini
 .fini          0x0000000008007738        0x8 /usr/lib/gcc/arm-none-eabi/10.3.1/thumb/v7e-m+fp/hard/crtn.o
                0x0000000008007740                . = ALIGN (0x4)
                0x0000000008007740                _etext = .

.vfp11_veneer   0x0000000008007740        0x0
 .vfp11_veneer  0x0000000008007740        0x0 linker stubs

.v4_bx          0x0000000008007740        0x0
 .v4_bx         0x0000000008007740        0x0 linker stubs

.iplt           0x0000000008007740        0x0
 .iplt          0x0000000008007740        0x0 /usr/lib/gcc/arm-none-eabi/10.3.1/thumb/v7e-m+fp/hard/crtbegin.o

.rodata         0x0000000008007740      0x3f8
                0x0000000008007740                . = ALIGN (0x4)
 *(.rodata)
 .rodata        0x0000000008007740        0x4 /usr/lib/gcc/arm-none-eabi/10.3.1/../../../arm-none-eabi/lib/thumb/v7e-m+fp/hard/libc_nano.a(lib_a-impure.o)
                0x0000000008007740                _global_impure_ptr
 *fill*         0x0000000008007744        0x4 
 .rodata        0x0000000008007748      0x128 /usr/lib/gcc/arm-none-eabi/10.3.1/../../../arm-none-eabi/lib/thumb/v7e-m+fp/hard/libc_nano.a(lib_a-mprec.o)
                0x0000000008007758                __mprec_tens
                0x0000000008007820                __mprec_tinytens
                0x0000000008007848                __mprec_bigtens
 .rodata        0x0000000008007870      0x101 /usr/lib/gcc/arm-none-eabi/10.3.1/../../../arm-none-eabi/lib/thumb/v7e-m+fp/hard/libc_nano.a(lib_a-ctype_.o)
                0x0000000008007870                _ctype_
 *fill*         0x0000000008007971        0x3 
 .rodata        0x0000000008007974       0x60 /usr/lib/gcc/arm-none-eabi/10.3.1/../../../arm-none-eabi/lib/thumb/v7e-m+fp/hard/libc_nano.a(lib_a-findfp.o)
                0x0000000008007974                __sf_fake_stderr
                0x0000000008007994                __sf_fake_stdout
                0x00000000080079b4                __sf_fake_stdin
 *(.rodata*)
 .rodata.flagBitshiftOffset.0
                0x00000000080079d4        0x8 build/stm32f4xx_hal_dma.o
 .rodata.AHBPrescTable
                0x00000000080079dc       0x10 build/system_stm32f4xx.o
                0x00000000080079dc                AHBPrescTable
 .rodata.APBPrescTable
                0x00000000080079ec        0x8 build/system_stm32f4xx.o
                0x00000000080079ec                APBPrescTable
 .rodata.str1.4
                0x00000000080079f4       0x12 /usr/lib/gcc/arm-none-eabi/10.3.1/../../../arm-none-eabi/lib/thumb/v7e-m+fp/hard/libc_nano.a(lib_a-nano-vfprintf_float.o)
 *fill*         0x0000000008007a06        0x2 
 .rodata.str1.4
                0x0000000008007a08       0x25 /usr/lib/gcc/arm-none-eabi/10.3.1/../../../arm-none-eabi/lib/thumb/v7e-m+fp/hard/libc_nano.a(lib_a-nano-vfprintf_i.o)
 *fill*         0x0000000008007a2d        0x3 
 .rodata.str1.4
                0x0000000008007a30       0x6d /usr/lib/gcc/arm-none-eabi/10.3.1/../../../arm-none-eabi/lib/thumb/v7e-m+fp/hard/libc_nano.a(lib_a-dtoa.o)
                                         0x71 (size before relaxing)
 *fill*         0x0000000008007a9d        0x3 
 .rodata.str1.4
                0x0000000008007aa0       0x33 /usr/lib/gcc/arm-none-eabi/10.3.1/../../../arm-none-eabi/lib/thumb/v7e-m+fp/hard/libc_nano.a(lib_a-mprec.o)
                                         0x5d (size before relaxing)
 *fill*         0x0000000008007ad3        0x1 
 .rodata.str1.4
                0x0000000008007ad4       0x3f /usr/lib/gcc/arm-none-eabi/10.3.1/../../../arm-none-eabi/lib/thumb/v7e-m+fp/hard/libc_nano.a(lib_a-assert.o)
                                         0x43 (size before relaxing)
 *fill*         0x0000000008007b13        0x1 
 .rodata.str1.4
                0x0000000008007b14        0xe /usr/lib/gcc/arm-none-eabi/10.3.1/../../../arm-none-eabi/lib/thumb/v7e-m+fp/hard/libc_nano.a(lib_a-locale.o)
                                         0x12 (size before relaxing)
 *fill*         0x0000000008007b22        0x2 
 .rodata.str1.4
                0x0000000008007b24       0x13 /usr/lib/gcc/arm-none-eabi/10.3.1/../../../arm-none-eabi/lib/thumb/v7e-m+fp/hard/libc_nano.a(lib_a-nano-vfprintf.o)
                0x0000000008007b38                . = ALIGN (0x4)
 *fill*         0x0000000008007b37        0x1 

.ARM.extab
 *(.ARM.extab* .gnu.linkonce.armextab.*)

.ARM            0x0000000008007b38        0x8
                0x0000000008007b38                __exidx_start = .
 *(.ARM.exidx*)
 .ARM.exidx     0x0000000008007b38        0x8 /usr/lib/gcc/arm-none-eabi/10.3.1/thumb/v7e-m+fp/hard/libgcc.a(_udivmoddi4.o)
                0x0000000008007b40                __exidx_end = .

.rel.dyn        0x0000000008007b40        0x0
 .rel.iplt      0x0000000008007b40        0x0 /usr/lib/gcc/arm-none-eabi/10.3.1/thumb/v7e-m+fp/hard/crtbegin.o

.preinit_array  0x0000000008007b40        0x0
                0x0000000008007b40                PROVIDE (__preinit_array_start = .)
 *(.preinit_array*)
                0x0000000008007b40                PROVIDE (__preinit_array_end = .)

.init_array     0x0000000008007b40        0x8
                0x0000000008007b40                PROVIDE (__init_array_start = .)
 *(SORT_BY_NAME(.init_array.*))
 *(.init_array*)
 .init_array    0x0000000008007b40        0x4 /usr/lib/gcc/arm-none-eabi/10.3.1/thumb/v7e-m+fp/hard/crtbegin.o
 .init_array    0x0000000008007b44        0x4 build/robot.o
                0x0000000008007b48                PROVIDE (__init_array_end = .)

.fini_array     0x0000000008007b48        0x4
                0x0000000008007b48                PROVIDE (__fini_array_start = .)
 *(SORT_BY_NAME(.fini_array.*))
 *(.fini_array*)
 .fini_array    0x0000000008007b48        0x4 /usr/lib/gcc/arm-none-eabi/10.3.1/thumb/v7e-m+fp/hard/crtbegin.o
                0x0000000008007b4c                PROVIDE (__fini_array_end = .)
                0x0000000008007b4c                _sidata = LOADADDR (.data)

.data           0x0000000020000000      0x1dc load address 0x0000000008007b4c
                0x0000000020000000                . = ALIGN (0x4)
                0x0000000020000000                _sdata = .
 *(.data)
 .data          0x0000000020000000       0x64 /usr/lib/gcc/arm-none-eabi/10.3.1/../../../arm-none-eabi/lib/thumb/v7e-m+fp/hard/libc_nano.a(lib_a-impure.o)
                0x0000000020000000                _impure_ptr
 .data          0x0000000020000064      0x16c /usr/lib/gcc/arm-none-eabi/10.3.1/../../../arm-none-eabi/lib/thumb/v7e-m+fp/hard/libc_nano.a(lib_a-locale.o)
                0x0000000020000064                __global_locale
 *(.data*)
 .data.uwTickFreq
                0x00000000200001d0        0x1 build/stm32f4xx_hal.o
                0x00000000200001d0                uwTickFreq
 *fill*         0x00000000200001d1        0x3 
 .data.uwTickPrio
                0x00000000200001d4        0x4 build/stm32f4xx_hal.o
                0x00000000200001d4                uwTickPrio
 .data.SystemCoreClock
                0x00000000200001d8        0x4 build/system_stm32f4xx.o
                0x00000000200001d8                SystemCoreClock
                0x00000000200001dc                . = ALIGN (0x4)
                0x00000000200001dc                _edata = .
                0x0000000008007d28                _siccmram = LOADADDR (.ccmram)

.tm_clone_table
                0x00000000200001dc        0x0 load address 0x0000000008007d28
 .tm_clone_table
                0x00000000200001dc        0x0 /usr/lib/gcc/arm-none-eabi/10.3.1/thumb/v7e-m+fp/hard/crtbegin.o
 .tm_clone_table
                0x00000000200001dc        0x0 /usr/lib/gcc/arm-none-eabi/10.3.1/thumb/v7e-m+fp/hard/crtend.o

.igot.plt       0x00000000200001dc        0x0 load address 0x0000000008007d28
 .igot.plt      0x00000000200001dc        0x0 /usr/lib/gcc/arm-none-eabi/10.3.1/thumb/v7e-m+fp/hard/crtbegin.o

.ccmram         0x0000000010000000        0x0 load address 0x0000000008007d28
                0x0000000010000000                . = ALIGN (0x4)
                0x0000000010000000                _sccmram = .
 *(.ccmram)
 *(.ccmram*)
                0x0000000010000000                . = ALIGN (0x4)
                0x0000000010000000                _eccmram = .
                0x0000000010000000                . = ALIGN (0x4)

.bss            0x00000000200001e0      0x2d8
                0x00000000200001e0                _sbss = .
                0x00000000200001e0                __bss_start__ = _sbss
 *(.bss)
 .bss           0x00000000200001e0       0x1c /usr/lib/gcc/arm-none-eabi/10.3.1/thumb/v7e-m+fp/hard/crtbegin.o
 .bss           0x00000000200001fc        0x8 /usr/lib/gcc/arm-none-eabi/10.3.1/../../../arm-none-eabi/lib/thumb/v7e-m+fp/hard/libc_nano.a(lib_a-nano-mallocr.o)
                0x00000000200001fc                __malloc_free_list
                0x0000000020000200                __malloc_sbrk_start
 .bss           0x0000000020000204        0x4 /usr/lib/gcc/arm-none-eabi/10.3.1/../../../arm-none-eabi/lib/thumb/v7e-m+fp/hard/libc_nano.a(lib_a-reent.o)
                0x0000000020000204                errno
 .bss           0x0000000020000208        0x4 /usr/lib/gcc/arm-none-eabi/10.3.1/../../../arm-none-eabi/lib/thumb/v7e-m+fp/hard/libnosys.a(sbrk.o)
 *(.bss*)
 .bss.hdma_usart1_rx
                0x000000002000020c       0x60 build/usart.o
                0x000000002000020c                hdma_usart1_rx
 .bss.huart1    0x000000002000026c       0x48 build/usart.o
                0x000000002000026c                huart1
 .bss.uwTick    0x00000000200002b4        0x4 build/stm32f4xx_hal.o
                0x00000000200002b4                uwTick
 .bss.htim1     0x00000000200002b8       0x48 build/tim.o
                0x00000000200002b8                htim1
 .bss.htim5     0x0000000020000300       0x48 build/tim.o
                0x0000000020000300                htim5
 .bss.htim9     0x0000000020000348       0x48 build/tim.o
                0x0000000020000348                htim9
 .bss.bot       0x0000000020000390      0x128 build/robot.o
                0x0000000020000390                bot
 *(COMMON)
                0x00000000200004b8                . = ALIGN (0x4)
                0x00000000200004b8                _ebss = .
                0x00000000200004b8                __bss_end__ = _ebss

._user_heap_stack
                0x00000000200004b8      0x600
                0x00000000200004b8                . = ALIGN (0x8)
                0x00000000200004b8                PROVIDE (end = .)
                [!provide]                        PROVIDE (_end = .)
                0x00000000200006b8                . = (. + _Min_Heap_Size)
 *fill*         0x00000000200004b8      0x200 
                0x0000000020000ab8                . = (. + _Min_Stack_Size)
 *fill*         0x00000000200006b8      0x400 
                0x0000000020000ab8                . = ALIGN (0x8)

/DISCARD/
 libc.a(*)
 libm.a(*)
 libgcc.a(*)

.ARM.attributes
                0x0000000000000000       0x30
 *(.ARM.attributes)
 .ARM.attributes
                0x0000000000000000       0x1e /usr/lib/gcc/arm-none-eabi/10.3.1/thumb/v7e-m+fp/hard/crti.o
 .ARM.attributes
                0x000000000000001e       0x34 /usr/lib/gcc/arm-none-eabi/10.3.1/thumb/v7e-m+fp/hard/crtbegin.o
 .ARM.attributes
                0x0000000000000052       0x34 build/main.o
 .ARM.attributes
                0x0000000000000086       0x34 build/gpio.o
 .ARM.attributes
                0x00000000000000ba       0x34 build/usart.o
 .ARM.attributes
                0x00000000000000ee       0x34 build/stm32f4xx_it.o
 .ARM.attributes
                0x0000000000000122       0x34 build/stm32f4xx_hal_msp.o
 .ARM.attributes
                0x0000000000000156       0x34 build/stm32f4xx_hal_tim.o
 .ARM.attributes
                0x000000000000018a       0x34 build/stm32f4xx_hal_tim_ex.o
 .ARM.attributes
                0x00000000000001be       0x34 build/stm32f4xx_hal_uart.o
 .ARM.attributes
                0x00000000000001f2       0x34 build/stm32f4xx_hal_rcc.o
 .ARM.attributes
                0x0000000000000226       0x34 build/stm32f4xx_hal_gpio.o
 .ARM.attributes
                0x000000000000025a       0x34 build/stm32f4xx_hal_dma.o
 .ARM.attributes
                0x000000000000028e       0x34 build/stm32f4xx_hal_cortex.o
 .ARM.attributes
                0x00000000000002c2       0x34 build/stm32f4xx_hal.o
 .ARM.attributes
                0x00000000000002f6       0x34 build/system_stm32f4xx.o
 .ARM.attributes
                0x000000000000032a       0x34 build/printf_config.o
 .ARM.attributes
                0x000000000000035e       0x34 build/tim.o
 .ARM.attributes
                0x0000000000000392       0x34 build/dma.o
 .ARM.attributes
                0x00000000000003c6       0x21 build/startup_stm32f407xx.o
 .ARM.attributes
                0x00000000000003e7       0x34 build/robot.o
 .ARM.attributes
                0x000000000000041b       0x34 build/pid.o
 .ARM.attributes
                0x000000000000044f       0x32 /usr/lib/gcc/arm-none-eabi/10.3.1/../../../arm-none-eabi/lib/thumb/v7e-m+fp/hard/libc_nano.a(lib_a-impure.o)
 .ARM.attributes
                0x0000000000000481       0x34 /usr/lib/gcc/arm-none-eabi/10.3.1/../../../arm-none-eabi/lib/thumb/v7e-m+fp/hard/libc_nano.a(lib_a-init.o)
 .ARM.attributes
                0x00000000000004b5       0x1c /usr/lib/gcc/arm-none-eabi/10.3.1/../../../arm-none-eabi/lib/thumb/v7e-m+fp/hard/libc_nano.a(lib_a-memcpy.o)
 .ARM.attributes
                0x00000000000004d1       0x34 /usr/lib/gcc/arm-none-eabi/10.3.1/../../../arm-none-eabi/lib/thumb/v7e-m+fp/hard/libc_nano.a(lib_a-memset.o)
 .ARM.attributes
                0x0000000000000505       0x34 /usr/lib/gcc/arm-none-eabi/10.3.1/../../../arm-none-eabi/lib/thumb/v7e-m+fp/hard/libc_nano.a(lib_a-nano-vfprintf_float.o)
 .ARM.attributes
                0x0000000000000539       0x34 /usr/lib/gcc/arm-none-eabi/10.3.1/../../../arm-none-eabi/lib/thumb/v7e-m+fp/hard/libc_nano.a(lib_a-nano-vfprintf_i.o)
 .ARM.attributes
                0x000000000000056d       0x1c /usr/lib/gcc/arm-none-eabi/10.3.1/../../../arm-none-eabi/lib/thumb/v7e-m+fp/hard/libc_nano.a(lib_a-strlen.o)
 .ARM.attributes
                0x0000000000000589       0x34 /usr/lib/gcc/arm-none-eabi/10.3.1/../../../arm-none-eabi/lib/thumb/v7e-m+fp/hard/libc_nano.a(lib_a-dtoa.o)
 .ARM.attributes
                0x00000000000005bd       0x34 /usr/lib/gcc/arm-none-eabi/10.3.1/../../../arm-none-eabi/lib/thumb/v7e-m+fp/hard/libc_nano.a(lib_a-localeconv.o)
 .ARM.attributes
                0x00000000000005f1       0x34 /usr/lib/gcc/arm-none-eabi/10.3.1/../../../arm-none-eabi/lib/thumb/v7e-m+fp/hard/libc_nano.a(lib_a-malloc.o)
 .ARM.attributes
                0x0000000000000625       0x1c /usr/lib/gcc/arm-none-eabi/10.3.1/../../../arm-none-eabi/lib/thumb/v7e-m+fp/hard/libc_nano.a(lib_a-memchr.o)
 .ARM.attributes
                0x0000000000000641       0x34 /usr/lib/gcc/arm-none-eabi/10.3.1/../../../arm-none-eabi/lib/thumb/v7e-m+fp/hard/libc_nano.a(lib_a-mprec.o)
 .ARM.attributes
                0x0000000000000675       0x34 /usr/lib/gcc/arm-none-eabi/10.3.1/../../../arm-none-eabi/lib/thumb/v7e-m+fp/hard/libc_nano.a(lib_a-nano-callocr.o)
 .ARM.attributes
                0x00000000000006a9       0x34 /usr/lib/gcc/arm-none-eabi/10.3.1/../../../arm-none-eabi/lib/thumb/v7e-m+fp/hard/libc_nano.a(lib_a-nano-freer.o)
 .ARM.attributes
                0x00000000000006dd       0x34 /usr/lib/gcc/arm-none-eabi/10.3.1/../../../arm-none-eabi/lib/thumb/v7e-m+fp/hard/libc_nano.a(lib_a-nano-mallocr.o)
 .ARM.attributes
                0x0000000000000711       0x34 /usr/lib/gcc/arm-none-eabi/10.3.1/../../../arm-none-eabi/lib/thumb/v7e-m+fp/hard/libc_nano.a(lib_a-sbrkr.o)
 .ARM.attributes
                0x0000000000000745       0x34 /usr/lib/gcc/arm-none-eabi/10.3.1/../../../arm-none-eabi/lib/thumb/v7e-m+fp/hard/libc_nano.a(lib_a-assert.o)
 .ARM.attributes
                0x0000000000000779       0x34 /usr/lib/gcc/arm-none-eabi/10.3.1/../../../arm-none-eabi/lib/thumb/v7e-m+fp/hard/libc_nano.a(lib_a-fprintf.o)
 .ARM.attributes
                0x00000000000007ad       0x34 /usr/lib/gcc/arm-none-eabi/10.3.1/../../../arm-none-eabi/lib/thumb/v7e-m+fp/hard/libc_nano.a(lib_a-locale.o)
 .ARM.attributes
                0x00000000000007e1       0x34 /usr/lib/gcc/arm-none-eabi/10.3.1/../../../arm-none-eabi/lib/thumb/v7e-m+fp/hard/libc_nano.a(lib_a-mbtowc_r.o)
 .ARM.attributes
                0x0000000000000815       0x34 /usr/lib/gcc/arm-none-eabi/10.3.1/../../../arm-none-eabi/lib/thumb/v7e-m+fp/hard/libc_nano.a(lib_a-mlock.o)
 .ARM.attributes
                0x0000000000000849       0x34 /usr/lib/gcc/arm-none-eabi/10.3.1/../../../arm-none-eabi/lib/thumb/v7e-m+fp/hard/libc_nano.a(lib_a-nano-vfprintf.o)
 .ARM.attributes
                0x000000000000087d       0x34 /usr/lib/gcc/arm-none-eabi/10.3.1/../../../arm-none-eabi/lib/thumb/v7e-m+fp/hard/libc_nano.a(lib_a-reent.o)
 .ARM.attributes
                0x00000000000008b1       0x34 /usr/lib/gcc/arm-none-eabi/10.3.1/../../../arm-none-eabi/lib/thumb/v7e-m+fp/hard/libc_nano.a(lib_a-wbuf.o)
 .ARM.attributes
                0x00000000000008e5       0x34 /usr/lib/gcc/arm-none-eabi/10.3.1/../../../arm-none-eabi/lib/thumb/v7e-m+fp/hard/libc_nano.a(lib_a-wctomb_r.o)
 .ARM.attributes
                0x0000000000000919       0x34 /usr/lib/gcc/arm-none-eabi/10.3.1/../../../arm-none-eabi/lib/thumb/v7e-m+fp/hard/libc_nano.a(lib_a-wsetup.o)
 .ARM.attributes
                0x000000000000094d       0x34 /usr/lib/gcc/arm-none-eabi/10.3.1/../../../arm-none-eabi/lib/thumb/v7e-m+fp/hard/libc_nano.a(lib_a-abort.o)
 .ARM.attributes
                0x0000000000000981       0x32 /usr/lib/gcc/arm-none-eabi/10.3.1/../../../arm-none-eabi/lib/thumb/v7e-m+fp/hard/libc_nano.a(lib_a-ctype_.o)
 .ARM.attributes
                0x00000000000009b3       0x34 /usr/lib/gcc/arm-none-eabi/10.3.1/../../../arm-none-eabi/lib/thumb/v7e-m+fp/hard/libc_nano.a(lib_a-fflush.o)
 .ARM.attributes
                0x00000000000009e7       0x34 /usr/lib/gcc/arm-none-eabi/10.3.1/../../../arm-none-eabi/lib/thumb/v7e-m+fp/hard/libc_nano.a(lib_a-findfp.o)
 .ARM.attributes
                0x0000000000000a1b       0x34 /usr/lib/gcc/arm-none-eabi/10.3.1/../../../arm-none-eabi/lib/thumb/v7e-m+fp/hard/libc_nano.a(lib_a-fvwrite.o)
 .ARM.attributes
                0x0000000000000a4f       0x34 /usr/lib/gcc/arm-none-eabi/10.3.1/../../../arm-none-eabi/lib/thumb/v7e-m+fp/hard/libc_nano.a(lib_a-fwalk.o)
 .ARM.attributes
                0x0000000000000a83       0x34 /usr/lib/gcc/arm-none-eabi/10.3.1/../../../arm-none-eabi/lib/thumb/v7e-m+fp/hard/libc_nano.a(lib_a-makebuf.o)
 .ARM.attributes
                0x0000000000000ab7       0x34 /usr/lib/gcc/arm-none-eabi/10.3.1/../../../arm-none-eabi/lib/thumb/v7e-m+fp/hard/libc_nano.a(lib_a-memmove.o)
 .ARM.attributes
                0x0000000000000aeb       0x34 /usr/lib/gcc/arm-none-eabi/10.3.1/../../../arm-none-eabi/lib/thumb/v7e-m+fp/hard/libc_nano.a(lib_a-nano-reallocr.o)
 .ARM.attributes
                0x0000000000000b1f       0x34 /usr/lib/gcc/arm-none-eabi/10.3.1/../../../arm-none-eabi/lib/thumb/v7e-m+fp/hard/libc_nano.a(lib_a-signal.o)
 .ARM.attributes
                0x0000000000000b53       0x34 /usr/lib/gcc/arm-none-eabi/10.3.1/../../../arm-none-eabi/lib/thumb/v7e-m+fp/hard/libc_nano.a(lib_a-signalr.o)
 .ARM.attributes
                0x0000000000000b87       0x34 /usr/lib/gcc/arm-none-eabi/10.3.1/../../../arm-none-eabi/lib/thumb/v7e-m+fp/hard/libc_nano.a(lib_a-stdio.o)
 .ARM.attributes
                0x0000000000000bbb       0x34 /usr/lib/gcc/arm-none-eabi/10.3.1/../../../arm-none-eabi/lib/thumb/v7e-m+fp/hard/libc_nano.a(lib_a-writer.o)
 .ARM.attributes
                0x0000000000000bef       0x34 /usr/lib/gcc/arm-none-eabi/10.3.1/../../../arm-none-eabi/lib/thumb/v7e-m+fp/hard/libc_nano.a(lib_a-closer.o)
 .ARM.attributes
                0x0000000000000c23       0x34 /usr/lib/gcc/arm-none-eabi/10.3.1/../../../arm-none-eabi/lib/thumb/v7e-m+fp/hard/libc_nano.a(lib_a-fstatr.o)
 .ARM.attributes
                0x0000000000000c57       0x34 /usr/lib/gcc/arm-none-eabi/10.3.1/../../../arm-none-eabi/lib/thumb/v7e-m+fp/hard/libc_nano.a(lib_a-isattyr.o)
 .ARM.attributes
                0x0000000000000c8b       0x34 /usr/lib/gcc/arm-none-eabi/10.3.1/../../../arm-none-eabi/lib/thumb/v7e-m+fp/hard/libc_nano.a(lib_a-lseekr.o)
 .ARM.attributes
                0x0000000000000cbf       0x34 /usr/lib/gcc/arm-none-eabi/10.3.1/../../../arm-none-eabi/lib/thumb/v7e-m+fp/hard/libc_nano.a(lib_a-nano-msizer.o)
 .ARM.attributes
                0x0000000000000cf3       0x34 /usr/lib/gcc/arm-none-eabi/10.3.1/../../../arm-none-eabi/lib/thumb/v7e-m+fp/hard/libc_nano.a(lib_a-readr.o)
 .ARM.attributes
                0x0000000000000d27       0x34 /usr/lib/gcc/arm-none-eabi/10.3.1/../../../arm-none-eabi/lib/thumb/v7e-m+fp/hard/libnosys.a(close.o)
 .ARM.attributes
                0x0000000000000d5b       0x34 /usr/lib/gcc/arm-none-eabi/10.3.1/../../../arm-none-eabi/lib/thumb/v7e-m+fp/hard/libnosys.a(fstat.o)
 .ARM.attributes
                0x0000000000000d8f       0x34 /usr/lib/gcc/arm-none-eabi/10.3.1/../../../arm-none-eabi/lib/thumb/v7e-m+fp/hard/libnosys.a(getpid.o)
 .ARM.attributes
                0x0000000000000dc3       0x34 /usr/lib/gcc/arm-none-eabi/10.3.1/../../../arm-none-eabi/lib/thumb/v7e-m+fp/hard/libnosys.a(isatty.o)
 .ARM.attributes
                0x0000000000000df7       0x34 /usr/lib/gcc/arm-none-eabi/10.3.1/../../../arm-none-eabi/lib/thumb/v7e-m+fp/hard/libnosys.a(kill.o)
 .ARM.attributes
                0x0000000000000e2b       0x34 /usr/lib/gcc/arm-none-eabi/10.3.1/../../../arm-none-eabi/lib/thumb/v7e-m+fp/hard/libnosys.a(lseek.o)
 .ARM.attributes
                0x0000000000000e5f       0x34 /usr/lib/gcc/arm-none-eabi/10.3.1/../../../arm-none-eabi/lib/thumb/v7e-m+fp/hard/libnosys.a(read.o)
 .ARM.attributes
                0x0000000000000e93       0x34 /usr/lib/gcc/arm-none-eabi/10.3.1/../../../arm-none-eabi/lib/thumb/v7e-m+fp/hard/libnosys.a(sbrk.o)
 .ARM.attributes
                0x0000000000000ec7       0x34 /usr/lib/gcc/arm-none-eabi/10.3.1/../../../arm-none-eabi/lib/thumb/v7e-m+fp/hard/libnosys.a(_exit.o)
 .ARM.attributes
                0x0000000000000efb       0x1e /usr/lib/gcc/arm-none-eabi/10.3.1/thumb/v7e-m+fp/hard/libgcc.a(_arm_addsubdf3.o)
 .ARM.attributes
                0x0000000000000f19       0x1e /usr/lib/gcc/arm-none-eabi/10.3.1/thumb/v7e-m+fp/hard/libgcc.a(_arm_muldivdf3.o)
 .ARM.attributes
                0x0000000000000f37       0x1e /usr/lib/gcc/arm-none-eabi/10.3.1/thumb/v7e-m+fp/hard/libgcc.a(_arm_cmpdf2.o)
 .ARM.attributes
                0x0000000000000f55       0x1e /usr/lib/gcc/arm-none-eabi/10.3.1/thumb/v7e-m+fp/hard/libgcc.a(_arm_unorddf2.o)
 .ARM.attributes
                0x0000000000000f73       0x1e /usr/lib/gcc/arm-none-eabi/10.3.1/thumb/v7e-m+fp/hard/libgcc.a(_arm_fixdfsi.o)
 .ARM.attributes
                0x0000000000000f91       0x1e /usr/lib/gcc/arm-none-eabi/10.3.1/thumb/v7e-m+fp/hard/libgcc.a(_aeabi_uldivmod.o)
 .ARM.attributes
                0x0000000000000faf       0x34 /usr/lib/gcc/arm-none-eabi/10.3.1/thumb/v7e-m+fp/hard/libgcc.a(_udivmoddi4.o)
 .ARM.attributes
                0x0000000000000fe3       0x1e /usr/lib/gcc/arm-none-eabi/10.3.1/thumb/v7e-m+fp/hard/libgcc.a(_dvmd_tls.o)
 .ARM.attributes
                0x0000000000001001       0x32 /usr/lib/gcc/arm-none-eabi/10.3.1/thumb/v7e-m+fp/hard/crtend.o
 .ARM.attributes
                0x0000000000001033       0x1e /usr/lib/gcc/arm-none-eabi/10.3.1/thumb/v7e-m+fp/hard/crtn.o
OUTPUT(build/line_following_bot.elf elf32-littlearm)
LOAD linker stubs
LOAD /usr/lib/gcc/arm-none-eabi/10.3.1/../../../arm-none-eabi/lib/thumb/v7e-m+fp/hard/libc.a
LOAD /usr/lib/gcc/arm-none-eabi/10.3.1/../../../arm-none-eabi/lib/thumb/v7e-m+fp/hard/libm.a
LOAD /usr/lib/gcc/arm-none-eabi/10.3.1/thumb/v7e-m+fp/hard/libgcc.a

.comment        0x0000000000000000       0x33
 .comment       0x0000000000000000       0x33 /usr/lib/gcc/arm-none-eabi/10.3.1/thumb/v7e-m+fp/hard/crtbegin.o
                                         0x34 (size before relaxing)
 .comment       0x0000000000000033       0x34 build/main.o
 .comment       0x0000000000000033       0x34 build/gpio.o
 .comment       0x0000000000000033       0x34 build/usart.o
 .comment       0x0000000000000033       0x34 build/stm32f4xx_it.o
 .comment       0x0000000000000033       0x34 build/stm32f4xx_hal_msp.o
 .comment       0x0000000000000033       0x34 build/stm32f4xx_hal_tim.o
 .comment       0x0000000000000033       0x34 build/stm32f4xx_hal_tim_ex.o
 .comment       0x0000000000000033       0x34 build/stm32f4xx_hal_uart.o
 .comment       0x0000000000000033       0x34 build/stm32f4xx_hal_rcc.o
 .comment       0x0000000000000033       0x34 build/stm32f4xx_hal_gpio.o
 .comment       0x0000000000000033       0x34 build/stm32f4xx_hal_dma.o
 .comment       0x0000000000000033       0x34 build/stm32f4xx_hal_cortex.o
 .comment       0x0000000000000033       0x34 build/stm32f4xx_hal.o
 .comment       0x0000000000000033       0x34 build/system_stm32f4xx.o
 .comment       0x0000000000000033       0x34 build/printf_config.o
 .comment       0x0000000000000033       0x34 build/tim.o
 .comment       0x0000000000000033       0x34 build/dma.o
 .comment       0x0000000000000033       0x34 build/robot.o
 .comment       0x0000000000000033       0x34 build/pid.o
 .comment       0x0000000000000033       0x34 /usr/lib/gcc/arm-none-eabi/10.3.1/../../../arm-none-eabi/lib/thumb/v7e-m+fp/hard/libc_nano.a(lib_a-impure.o)
 .comment       0x0000000000000033       0x34 /usr/lib/gcc/arm-none-eabi/10.3.1/../../../arm-none-eabi/lib/thumb/v7e-m+fp/hard/libc_nano.a(lib_a-init.o)
 .comment       0x0000000000000033       0x34 /usr/lib/gcc/arm-none-eabi/10.3.1/../../../arm-none-eabi/lib/thumb/v7e-m+fp/hard/libc_nano.a(lib_a-memset.o)
 .comment       0x0000000000000033       0x34 /usr/lib/gcc/arm-none-eabi/10.3.1/../../../arm-none-eabi/lib/thumb/v7e-m+fp/hard/libc_nano.a(lib_a-nano-vfprintf_float.o)
 .comment       0x0000000000000033       0x34 /usr/lib/gcc/arm-none-eabi/10.3.1/../../../arm-none-eabi/lib/thumb/v7e-m+fp/hard/libc_nano.a(lib_a-nano-vfprintf_i.o)
 .comment       0x0000000000000033       0x34 /usr/lib/gcc/arm-none-eabi/10.3.1/../../../arm-none-eabi/lib/thumb/v7e-m+fp/hard/libc_nano.a(lib_a-dtoa.o)
 .comment       0x0000000000000033       0x34 /usr/lib/gcc/arm-none-eabi/10.3.1/../../../arm-none-eabi/lib/thumb/v7e-m+fp/hard/libc_nano.a(lib_a-localeconv.o)
 .comment       0x0000000000000033       0x34 /usr/lib/gcc/arm-none-eabi/10.3.1/../../../arm-none-eabi/lib/thumb/v7e-m+fp/hard/libc_nano.a(lib_a-malloc.o)
 .comment       0x0000000000000033       0x34 /usr/lib/gcc/arm-none-eabi/10.3.1/../../../arm-none-eabi/lib/thumb/v7e-m+fp/hard/libc_nano.a(lib_a-mprec.o)
 .comment       0x0000000000000033       0x34 /usr/lib/gcc/arm-none-eabi/10.3.1/../../../arm-none-eabi/lib/thumb/v7e-m+fp/hard/libc_nano.a(lib_a-nano-callocr.o)
 .comment       0x0000000000000033       0x34 /usr/lib/gcc/arm-none-eabi/10.3.1/../../../arm-none-eabi/lib/thumb/v7e-m+fp/hard/libc_nano.a(lib_a-nano-freer.o)
 .comment       0x0000000000000033       0x34 /usr/lib/gcc/arm-none-eabi/10.3.1/../../../arm-none-eabi/lib/thumb/v7e-m+fp/hard/libc_nano.a(lib_a-nano-mallocr.o)
 .comment       0x0000000000000033       0x34 /usr/lib/gcc/arm-none-eabi/10.3.1/../../../arm-none-eabi/lib/thumb/v7e-m+fp/hard/libc_nano.a(lib_a-sbrkr.o)
 .comment       0x0000000000000033       0x34 /usr/lib/gcc/arm-none-eabi/10.3.1/../../../arm-none-eabi/lib/thumb/v7e-m+fp/hard/libc_nano.a(lib_a-assert.o)
 .comment       0x0000000000000033       0x34 /usr/lib/gcc/arm-none-eabi/10.3.1/../../../arm-none-eabi/lib/thumb/v7e-m+fp/hard/libc_nano.a(lib_a-fprintf.o)
 .comment       0x0000000000000033       0x34 /usr/lib/gcc/arm-none-eabi/10.3.1/../../../arm-none-eabi/lib/thumb/v7e-m+fp/hard/libc_nano.a(lib_a-locale.o)
 .comment       0x0000000000000033       0x34 /usr/lib/gcc/arm-none-eabi/10.3.1/../../../arm-none-eabi/lib/thumb/v7e-m+fp/hard/libc_nano.a(lib_a-mbtowc_r.o)
 .comment       0x0000000000000033       0x34 /usr/lib/gcc/arm-none-eabi/10.3.1/../../../arm-none-eabi/lib/thumb/v7e-m+fp/hard/libc_nano.a(lib_a-mlock.o)
 .comment       0x0000000000000033       0x34 /usr/lib/gcc/arm-none-eabi/10.3.1/../../../arm-none-eabi/lib/thumb/v7e-m+fp/hard/libc_nano.a(lib_a-nano-vfprintf.o)
 .comment       0x0000000000000033       0x34 /usr/lib/gcc/arm-none-eabi/10.3.1/../../../arm-none-eabi/lib/thumb/v7e-m+fp/hard/libc_nano.a(lib_a-reent.o)
 .comment       0x0000000000000033       0x34 /usr/lib/gcc/arm-none-eabi/10.3.1/../../../arm-none-eabi/lib/thumb/v7e-m+fp/hard/libc_nano.a(lib_a-wbuf.o)
 .comment       0x0000000000000033       0x34 /usr/lib/gcc/arm-none-eabi/10.3.1/../../../arm-none-eabi/lib/thumb/v7e-m+fp/hard/libc_nano.a(lib_a-wctomb_r.o)
 .comment       0x0000000000000033       0x34 /usr/lib/gcc/arm-none-eabi/10.3.1/../../../arm-none-eabi/lib/thumb/v7e-m+fp/hard/libc_nano.a(lib_a-wsetup.o)
 .comment       0x0000000000000033       0x34 /usr/lib/gcc/arm-none-eabi/10.3.1/../../../arm-none-eabi/lib/thumb/v7e-m+fp/hard/libc_nano.a(lib_a-abort.o)
 .comment       0x0000000000000033       0x34 /usr/lib/gcc/arm-none-eabi/10.3.1/../../../arm-none-eabi/lib/thumb/v7e-m+fp/hard/libc_nano.a(lib_a-ctype_.o)
 .comment       0x0000000000000033       0x34 /usr/lib/gcc/arm-none-eabi/10.3.1/../../../arm-none-eabi/lib/thumb/v7e-m+fp/hard/libc_nano.a(lib_a-fflush.o)
 .comment       0x0000000000000033       0x34 /usr/lib/gcc/arm-none-eabi/10.3.1/../../../arm-none-eabi/lib/thumb/v7e-m+fp/hard/libc_nano.a(lib_a-findfp.o)
 .comment       0x0000000000000033       0x34 /usr/lib/gcc/arm-none-eabi/10.3.1/../../../arm-none-eabi/lib/thumb/v7e-m+fp/hard/libc_nano.a(lib_a-fvwrite.o)
 .comment       0x0000000000000033       0x34 /usr/lib/gcc/arm-none-eabi/10.3.1/../../../arm-none-eabi/lib/thumb/v7e-m+fp/hard/libc_nano.a(lib_a-fwalk.o)
 .comment       0x0000000000000033       0x34 /usr/lib/gcc/arm-none-eabi/10.3.1/../../../arm-none-eabi/lib/thumb/v7e-m+fp/hard/libc_nano.a(lib_a-makebuf.o)
 .comment       0x0000000000000033       0x34 /usr/lib/gcc/arm-none-eabi/10.3.1/../../../arm-none-eabi/lib/thumb/v7e-m+fp/hard/libc_nano.a(lib_a-memmove.o)
 .comment       0x0000000000000033       0x34 /usr/lib/gcc/arm-none-eabi/10.3.1/../../../arm-none-eabi/lib/thumb/v7e-m+fp/hard/libc_nano.a(lib_a-nano-reallocr.o)
 .comment       0x0000000000000033       0x34 /usr/lib/gcc/arm-none-eabi/10.3.1/../../../arm-none-eabi/lib/thumb/v7e-m+fp/hard/libc_nano.a(lib_a-signal.o)
 .comment       0x0000000000000033       0x34 /usr/lib/gcc/arm-none-eabi/10.3.1/../../../arm-none-eabi/lib/thumb/v7e-m+fp/hard/libc_nano.a(lib_a-signalr.o)
 .comment       0x0000000000000033       0x34 /usr/lib/gcc/arm-none-eabi/10.3.1/../../../arm-none-eabi/lib/thumb/v7e-m+fp/hard/libc_nano.a(lib_a-stdio.o)
 .comment       0x0000000000000033       0x34 /usr/lib/gcc/arm-none-eabi/10.3.1/../../../arm-none-eabi/lib/thumb/v7e-m+fp/hard/libc_nano.a(lib_a-writer.o)
 .comment       0x0000000000000033       0x34 /usr/lib/gcc/arm-none-eabi/10.3.1/../../../arm-none-eabi/lib/thumb/v7e-m+fp/hard/libc_nano.a(lib_a-closer.o)
 .comment       0x0000000000000033       0x34 /usr/lib/gcc/arm-none-eabi/10.3.1/../../../arm-none-eabi/lib/thumb/v7e-m+fp/hard/libc_nano.a(lib_a-fstatr.o)
 .comment       0x0000000000000033       0x34 /usr/lib/gcc/arm-none-eabi/10.3.1/../../../arm-none-eabi/lib/thumb/v7e-m+fp/hard/libc_nano.a(lib_a-isattyr.o)
 .comment       0x0000000000000033       0x34 /usr/lib/gcc/arm-none-eabi/10.3.1/../../../arm-none-eabi/lib/thumb/v7e-m+fp/hard/libc_nano.a(lib_a-lseekr.o)
 .comment       0x0000000000000033       0x34 /usr/lib/gcc/arm-none-eabi/10.3.1/../../../arm-none-eabi/lib/thumb/v7e-m+fp/hard/libc_nano.a(lib_a-nano-msizer.o)
 .comment       0x0000000000000033       0x34 /usr/lib/gcc/arm-none-eabi/10.3.1/../../../arm-none-eabi/lib/thumb/v7e-m+fp/hard/libc_nano.a(lib_a-readr.o)
 .comment       0x0000000000000033       0x34 /usr/lib/gcc/arm-none-eabi/10.3.1/../../../arm-none-eabi/lib/thumb/v7e-m+fp/hard/libnosys.a(close.o)
 .comment       0x0000000000000033       0x34 /usr/lib/gcc/arm-none-eabi/10.3.1/../../../arm-none-eabi/lib/thumb/v7e-m+fp/hard/libnosys.a(fstat.o)
 .comment       0x0000000000000033       0x34 /usr/lib/gcc/arm-none-eabi/10.3.1/../../../arm-none-eabi/lib/thumb/v7e-m+fp/hard/libnosys.a(getpid.o)
 .comment       0x0000000000000033       0x34 /usr/lib/gcc/arm-none-eabi/10.3.1/../../../arm-none-eabi/lib/thumb/v7e-m+fp/hard/libnosys.a(isatty.o)
 .comment       0x0000000000000033       0x34 /usr/lib/gcc/arm-none-eabi/10.3.1/../../../arm-none-eabi/lib/thumb/v7e-m+fp/hard/libnosys.a(kill.o)
 .comment       0x0000000000000033       0x34 /usr/lib/gcc/arm-none-eabi/10.3.1/../../../arm-none-eabi/lib/thumb/v7e-m+fp/hard/libnosys.a(lseek.o)
 .comment       0x0000000000000033       0x34 /usr/lib/gcc/arm-none-eabi/10.3.1/../../../arm-none-eabi/lib/thumb/v7e-m+fp/hard/libnosys.a(read.o)
 .comment       0x0000000000000033       0x34 /usr/lib/gcc/arm-none-eabi/10.3.1/../../../arm-none-eabi/lib/thumb/v7e-m+fp/hard/libnosys.a(sbrk.o)
 .comment       0x0000000000000033       0x34 /usr/lib/gcc/arm-none-eabi/10.3.1/../../../arm-none-eabi/lib/thumb/v7e-m+fp/hard/libnosys.a(_exit.o)
 .comment       0x0000000000000033       0x34 /usr/lib/gcc/arm-none-eabi/10.3.1/thumb/v7e-m+fp/hard/libgcc.a(_udivmoddi4.o)
 .comment       0x0000000000000033       0x34 /usr/lib/gcc/arm-none-eabi/10.3.1/thumb/v7e-m+fp/hard/crtend.o

.debug_info     0x0000000000000000    0x318de
 .debug_info    0x0000000000000000      0x67f build/main.o
 .debug_info    0x000000000000067f      0x573 build/gpio.o
 .debug_info    0x0000000000000bf2      0xdb4 build/usart.o
 .debug_info    0x00000000000019a6      0x762 build/stm32f4xx_it.o
 .debug_info    0x0000000000002108      0x2df build/stm32f4xx_hal_msp.o
 .debug_info    0x00000000000023e7     0x40b4 build/stm32f4xx_hal_tim.o
 .debug_info    0x000000000000649b     0x1c77 build/stm32f4xx_hal_tim_ex.o
 .debug_info    0x0000000000008112     0x42fe build/stm32f4xx_hal_uart.o
 .debug_info    0x000000000000c410      0xbb6 build/stm32f4xx_hal_rcc.o
 .debug_info    0x000000000000cfc6      0x824 build/stm32f4xx_hal_gpio.o
 .debug_info    0x000000000000d7ea      0xbb9 build/stm32f4xx_hal_dma.o
 .debug_info    0x000000000000e3a3     0x1167 build/stm32f4xx_hal_cortex.o
 .debug_info    0x000000000000f50a      0xac3 build/stm32f4xx_hal.o
 .debug_info    0x000000000000ffcd      0x59b build/system_stm32f4xx.o
 .debug_info    0x0000000000010568      0x41e build/printf_config.o
 .debug_info    0x0000000000010986     0x108b build/tim.o
 .debug_info    0x0000000000011a11      0x53b build/dma.o
 .debug_info    0x0000000000011f4c       0x22 build/startup_stm32f407xx.o
 .debug_info    0x0000000000011f6e     0x2f28 build/robot.o
 .debug_info    0x0000000000014e96      0xc57 build/pid.o
 .debug_info    0x0000000000015aed      0x863 /usr/lib/gcc/arm-none-eabi/10.3.1/../../../arm-none-eabi/lib/thumb/v7e-m+fp/hard/libc_nano.a(lib_a-impure.o)
 .debug_info    0x0000000000016350      0x11a /usr/lib/gcc/arm-none-eabi/10.3.1/../../../arm-none-eabi/lib/thumb/v7e-m+fp/hard/libc_nano.a(lib_a-init.o)
 .debug_info    0x000000000001646a       0x26 /usr/lib/gcc/arm-none-eabi/10.3.1/../../../arm-none-eabi/lib/thumb/v7e-m+fp/hard/libc_nano.a(lib_a-memcpy.o)
 .debug_info    0x0000000000016490      0x137 /usr/lib/gcc/arm-none-eabi/10.3.1/../../../arm-none-eabi/lib/thumb/v7e-m+fp/hard/libc_nano.a(lib_a-memset.o)
 .debug_info    0x00000000000165c7     0x147b /usr/lib/gcc/arm-none-eabi/10.3.1/../../../arm-none-eabi/lib/thumb/v7e-m+fp/hard/libc_nano.a(lib_a-nano-vfprintf_float.o)
 .debug_info    0x0000000000017a42      0xe9e /usr/lib/gcc/arm-none-eabi/10.3.1/../../../arm-none-eabi/lib/thumb/v7e-m+fp/hard/libc_nano.a(lib_a-nano-vfprintf_i.o)
 .debug_info    0x00000000000188e0       0x26 /usr/lib/gcc/arm-none-eabi/10.3.1/../../../arm-none-eabi/lib/thumb/v7e-m+fp/hard/libc_nano.a(lib_a-strlen.o)
 .debug_info    0x0000000000018906     0x196c /usr/lib/gcc/arm-none-eabi/10.3.1/../../../arm-none-eabi/lib/thumb/v7e-m+fp/hard/libc_nano.a(lib_a-dtoa.o)
 .debug_info    0x000000000001a272      0xad8 /usr/lib/gcc/arm-none-eabi/10.3.1/../../../arm-none-eabi/lib/thumb/v7e-m+fp/hard/libc_nano.a(lib_a-localeconv.o)
 .debug_info    0x000000000001ad4a      0x832 /usr/lib/gcc/arm-none-eabi/10.3.1/../../../arm-none-eabi/lib/thumb/v7e-m+fp/hard/libc_nano.a(lib_a-malloc.o)
 .debug_info    0x000000000001b57c       0x26 /usr/lib/gcc/arm-none-eabi/10.3.1/../../../arm-none-eabi/lib/thumb/v7e-m+fp/hard/libc_nano.a(lib_a-memchr.o)
 .debug_info    0x000000000001b5a2     0x2009 /usr/lib/gcc/arm-none-eabi/10.3.1/../../../arm-none-eabi/lib/thumb/v7e-m+fp/hard/libc_nano.a(lib_a-mprec.o)
 .debug_info    0x000000000001d5ab      0x858 /usr/lib/gcc/arm-none-eabi/10.3.1/../../../arm-none-eabi/lib/thumb/v7e-m+fp/hard/libc_nano.a(lib_a-nano-callocr.o)
 .debug_info    0x000000000001de03      0x903 /usr/lib/gcc/arm-none-eabi/10.3.1/../../../arm-none-eabi/lib/thumb/v7e-m+fp/hard/libc_nano.a(lib_a-nano-freer.o)
 .debug_info    0x000000000001e706      0xa0c /usr/lib/gcc/arm-none-eabi/10.3.1/../../../arm-none-eabi/lib/thumb/v7e-m+fp/hard/libc_nano.a(lib_a-nano-mallocr.o)
 .debug_info    0x000000000001f112      0x828 /usr/lib/gcc/arm-none-eabi/10.3.1/../../../arm-none-eabi/lib/thumb/v7e-m+fp/hard/libc_nano.a(lib_a-sbrkr.o)
 .debug_info    0x000000000001f93a      0x8bd /usr/lib/gcc/arm-none-eabi/10.3.1/../../../arm-none-eabi/lib/thumb/v7e-m+fp/hard/libc_nano.a(lib_a-assert.o)
 .debug_info    0x00000000000201f7      0x902 /usr/lib/gcc/arm-none-eabi/10.3.1/../../../arm-none-eabi/lib/thumb/v7e-m+fp/hard/libc_nano.a(lib_a-fprintf.o)
 .debug_info    0x0000000000020af9      0xca4 /usr/lib/gcc/arm-none-eabi/10.3.1/../../../arm-none-eabi/lib/thumb/v7e-m+fp/hard/libc_nano.a(lib_a-locale.o)
 .debug_info    0x000000000002179d      0xb67 /usr/lib/gcc/arm-none-eabi/10.3.1/../../../arm-none-eabi/lib/thumb/v7e-m+fp/hard/libc_nano.a(lib_a-mbtowc_r.o)
 .debug_info    0x0000000000022304      0x7dc /usr/lib/gcc/arm-none-eabi/10.3.1/../../../arm-none-eabi/lib/thumb/v7e-m+fp/hard/libc_nano.a(lib_a-mlock.o)
 .debug_info    0x0000000000022ae0     0x115f /usr/lib/gcc/arm-none-eabi/10.3.1/../../../arm-none-eabi/lib/thumb/v7e-m+fp/hard/libc_nano.a(lib_a-nano-vfprintf.o)
 .debug_info    0x0000000000023c3f      0xa7e /usr/lib/gcc/arm-none-eabi/10.3.1/../../../arm-none-eabi/lib/thumb/v7e-m+fp/hard/libc_nano.a(lib_a-reent.o)
 .debug_info    0x00000000000246bd      0x998 /usr/lib/gcc/arm-none-eabi/10.3.1/../../../arm-none-eabi/lib/thumb/v7e-m+fp/hard/libc_nano.a(lib_a-wbuf.o)
 .debug_info    0x0000000000025055      0xb20 /usr/lib/gcc/arm-none-eabi/10.3.1/../../../arm-none-eabi/lib/thumb/v7e-m+fp/hard/libc_nano.a(lib_a-wctomb_r.o)
 .debug_info    0x0000000000025b75      0x902 /usr/lib/gcc/arm-none-eabi/10.3.1/../../../arm-none-eabi/lib/thumb/v7e-m+fp/hard/libc_nano.a(lib_a-wsetup.o)
 .debug_info    0x0000000000026477       0xcb /usr/lib/gcc/arm-none-eabi/10.3.1/../../../arm-none-eabi/lib/thumb/v7e-m+fp/hard/libc_nano.a(lib_a-abort.o)
 .debug_info    0x0000000000026542       0xb8 /usr/lib/gcc/arm-none-eabi/10.3.1/../../../arm-none-eabi/lib/thumb/v7e-m+fp/hard/libc_nano.a(lib_a-ctype_.o)
 .debug_info    0x00000000000265fa      0xb0d /usr/lib/gcc/arm-none-eabi/10.3.1/../../../arm-none-eabi/lib/thumb/v7e-m+fp/hard/libc_nano.a(lib_a-fflush.o)
 .debug_info    0x0000000000027107      0xfae /usr/lib/gcc/arm-none-eabi/10.3.1/../../../arm-none-eabi/lib/thumb/v7e-m+fp/hard/libc_nano.a(lib_a-findfp.o)
 .debug_info    0x00000000000280b5      0xb5e /usr/lib/gcc/arm-none-eabi/10.3.1/../../../arm-none-eabi/lib/thumb/v7e-m+fp/hard/libc_nano.a(lib_a-fvwrite.o)
 .debug_info    0x0000000000028c13      0x900 /usr/lib/gcc/arm-none-eabi/10.3.1/../../../arm-none-eabi/lib/thumb/v7e-m+fp/hard/libc_nano.a(lib_a-fwalk.o)
 .debug_info    0x0000000000029513      0xc8a /usr/lib/gcc/arm-none-eabi/10.3.1/../../../arm-none-eabi/lib/thumb/v7e-m+fp/hard/libc_nano.a(lib_a-makebuf.o)
 .debug_info    0x000000000002a19d      0x152 /usr/lib/gcc/arm-none-eabi/10.3.1/../../../arm-none-eabi/lib/thumb/v7e-m+fp/hard/libc_nano.a(lib_a-memmove.o)
 .debug_info    0x000000000002a2ef      0x911 /usr/lib/gcc/arm-none-eabi/10.3.1/../../../arm-none-eabi/lib/thumb/v7e-m+fp/hard/libc_nano.a(lib_a-nano-reallocr.o)
 .debug_info    0x000000000002ac00      0xdcc /usr/lib/gcc/arm-none-eabi/10.3.1/../../../arm-none-eabi/lib/thumb/v7e-m+fp/hard/libc_nano.a(lib_a-signal.o)
 .debug_info    0x000000000002b9cc      0x871 /usr/lib/gcc/arm-none-eabi/10.3.1/../../../arm-none-eabi/lib/thumb/v7e-m+fp/hard/libc_nano.a(lib_a-signalr.o)
 .debug_info    0x000000000002c23d      0xabc /usr/lib/gcc/arm-none-eabi/10.3.1/../../../arm-none-eabi/lib/thumb/v7e-m+fp/hard/libc_nano.a(lib_a-stdio.o)
 .debug_info    0x000000000002ccf9      0x85a /usr/lib/gcc/arm-none-eabi/10.3.1/../../../arm-none-eabi/lib/thumb/v7e-m+fp/hard/libc_nano.a(lib_a-writer.o)
 .debug_info    0x000000000002d553      0x805 /usr/lib/gcc/arm-none-eabi/10.3.1/../../../arm-none-eabi/lib/thumb/v7e-m+fp/hard/libc_nano.a(lib_a-closer.o)
 .debug_info    0x000000000002dd58      0xa1d /usr/lib/gcc/arm-none-eabi/10.3.1/../../../arm-none-eabi/lib/thumb/v7e-m+fp/hard/libc_nano.a(lib_a-fstatr.o)
 .debug_info    0x000000000002e775      0x805 /usr/lib/gcc/arm-none-eabi/10.3.1/../../../arm-none-eabi/lib/thumb/v7e-m+fp/hard/libc_nano.a(lib_a-isattyr.o)
 .debug_info    0x000000000002ef7a      0x83b /usr/lib/gcc/arm-none-eabi/10.3.1/../../../arm-none-eabi/lib/thumb/v7e-m+fp/hard/libc_nano.a(lib_a-lseekr.o)
 .debug_info    0x000000000002f7b5      0x840 /usr/lib/gcc/arm-none-eabi/10.3.1/../../../arm-none-eabi/lib/thumb/v7e-m+fp/hard/libc_nano.a(lib_a-nano-msizer.o)
 .debug_info    0x000000000002fff5      0x853 /usr/lib/gcc/arm-none-eabi/10.3.1/../../../arm-none-eabi/lib/thumb/v7e-m+fp/hard/libc_nano.a(lib_a-readr.o)
 .debug_info    0x0000000000030848       0xb1 /usr/lib/gcc/arm-none-eabi/10.3.1/../../../arm-none-eabi/lib/thumb/v7e-m+fp/hard/libnosys.a(close.o)
 .debug_info    0x00000000000308f9      0x2cc /usr/lib/gcc/arm-none-eabi/10.3.1/../../../arm-none-eabi/lib/thumb/v7e-m+fp/hard/libnosys.a(fstat.o)
 .debug_info    0x0000000000030bc5       0x9c /usr/lib/gcc/arm-none-eabi/10.3.1/../../../arm-none-eabi/lib/thumb/v7e-m+fp/hard/libnosys.a(getpid.o)
 .debug_info    0x0000000000030c61       0xb1 /usr/lib/gcc/arm-none-eabi/10.3.1/../../../arm-none-eabi/lib/thumb/v7e-m+fp/hard/libnosys.a(isatty.o)
 .debug_info    0x0000000000030d12       0xbf /usr/lib/gcc/arm-none-eabi/10.3.1/../../../arm-none-eabi/lib/thumb/v7e-m+fp/hard/libnosys.a(kill.o)
 .debug_info    0x0000000000030dd1       0xd3 /usr/lib/gcc/arm-none-eabi/10.3.1/../../../arm-none-eabi/lib/thumb/v7e-m+fp/hard/libnosys.a(lseek.o)
 .debug_info    0x0000000000030ea4       0xd9 /usr/lib/gcc/arm-none-eabi/10.3.1/../../../arm-none-eabi/lib/thumb/v7e-m+fp/hard/libnosys.a(read.o)
 .debug_info    0x0000000000030f7d       0x9d /usr/lib/gcc/arm-none-eabi/10.3.1/../../../arm-none-eabi/lib/thumb/v7e-m+fp/hard/libnosys.a(sbrk.o)
 .debug_info    0x000000000003101a       0xa3 /usr/lib/gcc/arm-none-eabi/10.3.1/../../../arm-none-eabi/lib/thumb/v7e-m+fp/hard/libnosys.a(_exit.o)
 .debug_info    0x00000000000310bd       0x26 /usr/lib/gcc/arm-none-eabi/10.3.1/thumb/v7e-m+fp/hard/libgcc.a(_arm_addsubdf3.o)
 .debug_info    0x00000000000310e3       0x26 /usr/lib/gcc/arm-none-eabi/10.3.1/thumb/v7e-m+fp/hard/libgcc.a(_arm_muldivdf3.o)
 .debug_info    0x0000000000031109       0x26 /usr/lib/gcc/arm-none-eabi/10.3.1/thumb/v7e-m+fp/hard/libgcc.a(_arm_cmpdf2.o)
 .debug_info    0x000000000003112f       0x26 /usr/lib/gcc/arm-none-eabi/10.3.1/thumb/v7e-m+fp/hard/libgcc.a(_arm_unorddf2.o)
 .debug_info    0x0000000000031155       0x26 /usr/lib/gcc/arm-none-eabi/10.3.1/thumb/v7e-m+fp/hard/libgcc.a(_arm_fixdfsi.o)
 .debug_info    0x000000000003117b       0x26 /usr/lib/gcc/arm-none-eabi/10.3.1/thumb/v7e-m+fp/hard/libgcc.a(_aeabi_uldivmod.o)
 .debug_info    0x00000000000311a1      0x717 /usr/lib/gcc/arm-none-eabi/10.3.1/thumb/v7e-m+fp/hard/libgcc.a(_udivmoddi4.o)
 .debug_info    0x00000000000318b8       0x26 /usr/lib/gcc/arm-none-eabi/10.3.1/thumb/v7e-m+fp/hard/libgcc.a(_dvmd_tls.o)

.debug_abbrev   0x0000000000000000     0x8633
 .debug_abbrev  0x0000000000000000      0x1d8 build/main.o
 .debug_abbrev  0x00000000000001d8      0x151 build/gpio.o
 .debug_abbrev  0x0000000000000329      0x1fa build/usart.o
 .debug_abbrev  0x0000000000000523      0x172 build/stm32f4xx_it.o
 .debug_abbrev  0x0000000000000695       0xd3 build/stm32f4xx_hal_msp.o
 .debug_abbrev  0x0000000000000768      0x289 build/stm32f4xx_hal_tim.o
 .debug_abbrev  0x00000000000009f1      0x29f build/stm32f4xx_hal_tim_ex.o
 .debug_abbrev  0x0000000000000c90      0x356 build/stm32f4xx_hal_uart.o
 .debug_abbrev  0x0000000000000fe6      0x2aa build/stm32f4xx_hal_rcc.o
 .debug_abbrev  0x0000000000001290      0x22b build/stm32f4xx_hal_gpio.o
 .debug_abbrev  0x00000000000014bb      0x2ff build/stm32f4xx_hal_dma.o
 .debug_abbrev  0x00000000000017ba      0x382 build/stm32f4xx_hal_cortex.o
 .debug_abbrev  0x0000000000001b3c      0x209 build/stm32f4xx_hal.o
 .debug_abbrev  0x0000000000001d45      0x11b build/system_stm32f4xx.o
 .debug_abbrev  0x0000000000001e60      0x1c1 build/printf_config.o
 .debug_abbrev  0x0000000000002021      0x273 build/tim.o
 .debug_abbrev  0x0000000000002294      0x129 build/dma.o
 .debug_abbrev  0x00000000000023bd       0x12 build/startup_stm32f407xx.o
 .debug_abbrev  0x00000000000023cf      0x59e build/robot.o
 .debug_abbrev  0x000000000000296d      0x286 build/pid.o
 .debug_abbrev  0x0000000000002bf3      0x151 /usr/lib/gcc/arm-none-eabi/10.3.1/../../../arm-none-eabi/lib/thumb/v7e-m+fp/hard/libc_nano.a(lib_a-impure.o)
 .debug_abbrev  0x0000000000002d44       0xcc /usr/lib/gcc/arm-none-eabi/10.3.1/../../../arm-none-eabi/lib/thumb/v7e-m+fp/hard/libc_nano.a(lib_a-init.o)
 .debug_abbrev  0x0000000000002e10       0x14 /usr/lib/gcc/arm-none-eabi/10.3.1/../../../arm-none-eabi/lib/thumb/v7e-m+fp/hard/libc_nano.a(lib_a-memcpy.o)
 .debug_abbrev  0x0000000000002e24       0xb4 /usr/lib/gcc/arm-none-eabi/10.3.1/../../../arm-none-eabi/lib/thumb/v7e-m+fp/hard/libc_nano.a(lib_a-memset.o)
 .debug_abbrev  0x0000000000002ed8      0x2c0 /usr/lib/gcc/arm-none-eabi/10.3.1/../../../arm-none-eabi/lib/thumb/v7e-m+fp/hard/libc_nano.a(lib_a-nano-vfprintf_float.o)
 .debug_abbrev  0x0000000000003198      0x25c /usr/lib/gcc/arm-none-eabi/10.3.1/../../../arm-none-eabi/lib/thumb/v7e-m+fp/hard/libc_nano.a(lib_a-nano-vfprintf_i.o)
 .debug_abbrev  0x00000000000033f4       0x14 /usr/lib/gcc/arm-none-eabi/10.3.1/../../../arm-none-eabi/lib/thumb/v7e-m+fp/hard/libc_nano.a(lib_a-strlen.o)
 .debug_abbrev  0x0000000000003408      0x2e9 /usr/lib/gcc/arm-none-eabi/10.3.1/../../../arm-none-eabi/lib/thumb/v7e-m+fp/hard/libc_nano.a(lib_a-dtoa.o)
 .debug_abbrev  0x00000000000036f1      0x225 /usr/lib/gcc/arm-none-eabi/10.3.1/../../../arm-none-eabi/lib/thumb/v7e-m+fp/hard/libc_nano.a(lib_a-localeconv.o)
 .debug_abbrev  0x0000000000003916      0x1b6 /usr/lib/gcc/arm-none-eabi/10.3.1/../../../arm-none-eabi/lib/thumb/v7e-m+fp/hard/libc_nano.a(lib_a-malloc.o)
 .debug_abbrev  0x0000000000003acc       0x14 /usr/lib/gcc/arm-none-eabi/10.3.1/../../../arm-none-eabi/lib/thumb/v7e-m+fp/hard/libc_nano.a(lib_a-memchr.o)
 .debug_abbrev  0x0000000000003ae0      0x415 /usr/lib/gcc/arm-none-eabi/10.3.1/../../../arm-none-eabi/lib/thumb/v7e-m+fp/hard/libc_nano.a(lib_a-mprec.o)
 .debug_abbrev  0x0000000000003ef5      0x1b9 /usr/lib/gcc/arm-none-eabi/10.3.1/../../../arm-none-eabi/lib/thumb/v7e-m+fp/hard/libc_nano.a(lib_a-nano-callocr.o)
 .debug_abbrev  0x00000000000040ae      0x235 /usr/lib/gcc/arm-none-eabi/10.3.1/../../../arm-none-eabi/lib/thumb/v7e-m+fp/hard/libc_nano.a(lib_a-nano-freer.o)
 .debug_abbrev  0x00000000000042e3      0x290 /usr/lib/gcc/arm-none-eabi/10.3.1/../../../arm-none-eabi/lib/thumb/v7e-m+fp/hard/libc_nano.a(lib_a-nano-mallocr.o)
 .debug_abbrev  0x0000000000004573      0x1d6 /usr/lib/gcc/arm-none-eabi/10.3.1/../../../arm-none-eabi/lib/thumb/v7e-m+fp/hard/libc_nano.a(lib_a-sbrkr.o)
 .debug_abbrev  0x0000000000004749      0x1c3 /usr/lib/gcc/arm-none-eabi/10.3.1/../../../arm-none-eabi/lib/thumb/v7e-m+fp/hard/libc_nano.a(lib_a-assert.o)
 .debug_abbrev  0x000000000000490c      0x213 /usr/lib/gcc/arm-none-eabi/10.3.1/../../../arm-none-eabi/lib/thumb/v7e-m+fp/hard/libc_nano.a(lib_a-fprintf.o)
 .debug_abbrev  0x0000000000004b1f      0x2b0 /usr/lib/gcc/arm-none-eabi/10.3.1/../../../arm-none-eabi/lib/thumb/v7e-m+fp/hard/libc_nano.a(lib_a-locale.o)
 .debug_abbrev  0x0000000000004dcf      0x202 /usr/lib/gcc/arm-none-eabi/10.3.1/../../../arm-none-eabi/lib/thumb/v7e-m+fp/hard/libc_nano.a(lib_a-mbtowc_r.o)
 .debug_abbrev  0x0000000000004fd1      0x189 /usr/lib/gcc/arm-none-eabi/10.3.1/../../../arm-none-eabi/lib/thumb/v7e-m+fp/hard/libc_nano.a(lib_a-mlock.o)
 .debug_abbrev  0x000000000000515a      0x358 /usr/lib/gcc/arm-none-eabi/10.3.1/../../../arm-none-eabi/lib/thumb/v7e-m+fp/hard/libc_nano.a(lib_a-nano-vfprintf.o)
 .debug_abbrev  0x00000000000054b2      0x265 /usr/lib/gcc/arm-none-eabi/10.3.1/../../../arm-none-eabi/lib/thumb/v7e-m+fp/hard/libc_nano.a(lib_a-reent.o)
 .debug_abbrev  0x0000000000005717      0x21f /usr/lib/gcc/arm-none-eabi/10.3.1/../../../arm-none-eabi/lib/thumb/v7e-m+fp/hard/libc_nano.a(lib_a-wbuf.o)
 .debug_abbrev  0x0000000000005936      0x20c /usr/lib/gcc/arm-none-eabi/10.3.1/../../../arm-none-eabi/lib/thumb/v7e-m+fp/hard/libc_nano.a(lib_a-wctomb_r.o)
 .debug_abbrev  0x0000000000005b42      0x1d4 /usr/lib/gcc/arm-none-eabi/10.3.1/../../../arm-none-eabi/lib/thumb/v7e-m+fp/hard/libc_nano.a(lib_a-wsetup.o)
 .debug_abbrev  0x0000000000005d16       0x80 /usr/lib/gcc/arm-none-eabi/10.3.1/../../../arm-none-eabi/lib/thumb/v7e-m+fp/hard/libc_nano.a(lib_a-abort.o)
 .debug_abbrev  0x0000000000005d96       0x62 /usr/lib/gcc/arm-none-eabi/10.3.1/../../../arm-none-eabi/lib/thumb/v7e-m+fp/hard/libc_nano.a(lib_a-ctype_.o)
 .debug_abbrev  0x0000000000005df8      0x2dd /usr/lib/gcc/arm-none-eabi/10.3.1/../../../arm-none-eabi/lib/thumb/v7e-m+fp/hard/libc_nano.a(lib_a-fflush.o)
 .debug_abbrev  0x00000000000060d5      0x3cd /usr/lib/gcc/arm-none-eabi/10.3.1/../../../arm-none-eabi/lib/thumb/v7e-m+fp/hard/libc_nano.a(lib_a-findfp.o)
 .debug_abbrev  0x00000000000064a2      0x1f7 /usr/lib/gcc/arm-none-eabi/10.3.1/../../../arm-none-eabi/lib/thumb/v7e-m+fp/hard/libc_nano.a(lib_a-fvwrite.o)
 .debug_abbrev  0x0000000000006699      0x197 /usr/lib/gcc/arm-none-eabi/10.3.1/../../../arm-none-eabi/lib/thumb/v7e-m+fp/hard/libc_nano.a(lib_a-fwalk.o)
 .debug_abbrev  0x0000000000006830      0x278 /usr/lib/gcc/arm-none-eabi/10.3.1/../../../arm-none-eabi/lib/thumb/v7e-m+fp/hard/libc_nano.a(lib_a-makebuf.o)
 .debug_abbrev  0x0000000000006aa8       0xc0 /usr/lib/gcc/arm-none-eabi/10.3.1/../../../arm-none-eabi/lib/thumb/v7e-m+fp/hard/libc_nano.a(lib_a-memmove.o)
 .debug_abbrev  0x0000000000006b68      0x1d6 /usr/lib/gcc/arm-none-eabi/10.3.1/../../../arm-none-eabi/lib/thumb/v7e-m+fp/hard/libc_nano.a(lib_a-nano-reallocr.o)
 .debug_abbrev  0x0000000000006d3e      0x2ba /usr/lib/gcc/arm-none-eabi/10.3.1/../../../arm-none-eabi/lib/thumb/v7e-m+fp/hard/libc_nano.a(lib_a-signal.o)
 .debug_abbrev  0x0000000000006ff8      0x1db /usr/lib/gcc/arm-none-eabi/10.3.1/../../../arm-none-eabi/lib/thumb/v7e-m+fp/hard/libc_nano.a(lib_a-signalr.o)
 .debug_abbrev  0x00000000000071d3      0x1fb /usr/lib/gcc/arm-none-eabi/10.3.1/../../../arm-none-eabi/lib/thumb/v7e-m+fp/hard/libc_nano.a(lib_a-stdio.o)
 .debug_abbrev  0x00000000000073ce      0x1b0 /usr/lib/gcc/arm-none-eabi/10.3.1/../../../arm-none-eabi/lib/thumb/v7e-m+fp/hard/libc_nano.a(lib_a-writer.o)
 .debug_abbrev  0x000000000000757e      0x1ab /usr/lib/gcc/arm-none-eabi/10.3.1/../../../arm-none-eabi/lib/thumb/v7e-m+fp/hard/libc_nano.a(lib_a-closer.o)
 .debug_abbrev  0x0000000000007729      0x1bf /usr/lib/gcc/arm-none-eabi/10.3.1/../../../arm-none-eabi/lib/thumb/v7e-m+fp/hard/libc_nano.a(lib_a-fstatr.o)