Archive member included to satisfy reference by file (symbol)

/usr/lib/gcc/arm-none-eabi/10.3.1/../../../arm-none-eabi/lib/thumb/v7e-m+fp/hard/libc_nano.a(lib_a-atexit.o)
                              /usr/lib/gcc/arm-none-eabi/10.3.1/../../../arm-none-eabi/lib/thumb/v7e-m+fp/hard/crt0.o (atexit)
/usr/lib/gcc/arm-none-eabi/10.3.1/../../../arm-none-eabi/lib/thumb/v7e-m+fp/hard/libc_nano.a(lib_a-exit.o)
                              /usr/lib/gcc/arm-none-eabi/10.3.1/../../../arm-none-eabi/lib/thumb/v7e-m+fp/hard/crt0.o (exit)
/usr/lib/gcc/arm-none-eabi/10.3.1/../../../arm-none-eabi/lib/thumb/v7e-m+fp/hard/libc_nano.a(lib_a-fini.o)
                              /usr/lib/gcc/arm-none-eabi/10.3.1/../../../arm-none-eabi/lib/thumb/v7e-m+fp/hard/crt0.o (__libc_fini_array)
/usr/lib/gcc/arm-none-eabi/10.3.1/../../../arm-none-eabi/lib/thumb/v7e-m+fp/hard/libc_nano.a(lib_a-impure.o)
                              /usr/lib/gcc/arm-none-eabi/10.3.1/../../../arm-none-eabi/lib/thumb/v7e-m+fp/hard/libc_nano.a(lib_a-exit.o) (_global_impure_ptr)
/usr/lib/gcc/arm-none-eabi/10.3.1/../../../arm-none-eabi/lib/thumb/v7e-m+fp/hard/libc_nano.a(lib_a-init.o)
                              /usr/lib/gcc/arm-none-eabi/10.3.1/../../../arm-none-eabi/lib/thumb/v7e-m+fp/hard/crt0.o (__libc_init_array)
/usr/lib/gcc/arm-none-eabi/10.3.1/../../../arm-none-eabi/lib/thumb/v7e-m+fp/hard/libc_nano.a(lib_a-memcpy.o)
                              build/robot.o (memcpy)
/usr/lib/gcc/arm-none-eabi/10.3.1/../../../arm-none-eabi/lib/thumb/v7e-m+fp/hard/libc_nano.a(lib_a-memset.o)
                              /usr/lib/gcc/arm-none-eabi/10.3.1/../../../arm-none-eabi/lib/thumb/v7e-m+fp/hard/crt0.o (memset)
/usr/lib/gcc/arm-none-eabi/10.3.1/../../../arm-none-eabi/lib/thumb/v7e-m+fp/hard/libc_nano.a(lib_a-nano-vfprintf_float.o)
                              (_printf_float)
/usr/lib/gcc/arm-none-eabi/10.3.1/../../../arm-none-eabi/lib/thumb/v7e-m+fp/hard/libc_nano.a(lib_a-nano-vfprintf_i.o)
                              /usr/lib/gcc/arm-none-eabi/10.3.1/../../../arm-none-eabi/lib/thumb/v7e-m+fp/hard/libc_nano.a(lib_a-nano-vfprintf_float.o) (_printf_common)
/usr/lib/gcc/arm-none-eabi/10.3.1/../../../arm-none-eabi/lib/thumb/v7e-m+fp/hard/libc_nano.a(lib_a-printf.o)
                              build/robot.o (printf)
/usr/lib/gcc/arm-none-eabi/10.3.1/../../../arm-none-eabi/lib/thumb/v7e-m+fp/hard/libc_nano.a(lib_a-puts.o)
                              build/robot.o (puts)
/usr/lib/gcc/arm-none-eabi/10.3.1/../../../arm-none-eabi/lib/thumb/v7e-m+fp/hard/libc_nano.a(lib_a-strlen.o)
                              /usr/lib/gcc/arm-none-eabi/10.3.1/../../../arm-none-eabi/lib/thumb/v7e-m+fp/hard/libc_nano.a(lib_a-nano-vfprintf_float.o) (strlen)
/usr/lib/gcc/arm-none-eabi/10.3.1/../../../arm-none-eabi/lib/thumb/v7e-m+fp/hard/libc_nano.a(lib_a-wbuf.o)
                              /usr/lib/gcc/arm-none-eabi/10.3.1/../../../arm-none-eabi/lib/thumb/v7e-m+fp/hard/libc_nano.a(lib_a-puts.o) (__swbuf_r)
/usr/lib/gcc/arm-none-eabi/10.3.1/../../../arm-none-eabi/lib/thumb/v7e-m+fp/hard/libc_nano.a(lib_a-wsetup.o)
                              /usr/lib/gcc/arm-none-eabi/10.3.1/../../../arm-none-eabi/lib/thumb/v7e-m+fp/hard/libc_nano.a(lib_a-puts.o) (__swsetup_r)
/usr/lib/gcc/arm-none-eabi/10.3.1/../../../arm-none-eabi/lib/thumb/v7e-m+fp/hard/libc_nano.a(lib_a-__atexit.o)
                              /usr/lib/gcc/arm-none-eabi/10.3.1/../../../arm-none-eabi/lib/thumb/v7e-m+fp/hard/libc_nano.a(lib_a-atexit.o) (__register_exitproc)
/usr/lib/gcc/arm-none-eabi/10.3.1/../../../arm-none-eabi/lib/thumb/v7e-m+fp/hard/libc_nano.a(lib_a-__call_atexit.o)
                              /usr/lib/gcc/arm-none-eabi/10.3.1/../../../arm-none-eabi/lib/thumb/v7e-m+fp/hard/libc_nano.a(lib_a-__atexit.o) (__call_exitprocs)
/usr/lib/gcc/arm-none-eabi/10.3.1/../../../arm-none-eabi/lib/thumb/v7e-m+fp/hard/libc_nano.a(lib_a-dtoa.o)
                              /usr/lib/gcc/arm-none-eabi/10.3.1/../../../arm-none-eabi/lib/thumb/v7e-m+fp/hard/libc_nano.a(lib_a-nano-vfprintf_float.o) (_dtoa_r)
/usr/lib/gcc/arm-none-eabi/10.3.1/../../../arm-none-eabi/lib/thumb/v7e-m+fp/hard/libc_nano.a(lib_a-fflush.o)
                              /usr/lib/gcc/arm-none-eabi/10.3.1/../../../arm-none-eabi/lib/thumb/v7e-m+fp/hard/libc_nano.a(lib_a-wbuf.o) (_fflush_r)
/usr/lib/gcc/arm-none-eabi/10.3.1/../../../arm-none-eabi/lib/thumb/v7e-m+fp/hard/libc_nano.a(lib_a-findfp.o)
                              /usr/lib/gcc/arm-none-eabi/10.3.1/../../../arm-none-eabi/lib/thumb/v7e-m+fp/hard/libc_nano.a(lib_a-printf.o) (__sinit)
/usr/lib/gcc/arm-none-eabi/10.3.1/../../../arm-none-eabi/lib/thumb/v7e-m+fp/hard/libc_nano.a(lib_a-fwalk.o)
                              /usr/lib/gcc/arm-none-eabi/10.3.1/../../../arm-none-eabi/lib/thumb/v7e-m+fp/hard/libc_nano.a(lib_a-findfp.o) (_fwalk)
/usr/lib/gcc/arm-none-eabi/10.3.1/../../../arm-none-eabi/lib/thumb/v7e-m+fp/hard/libc_nano.a(lib_a-localeconv.o)
[...]
Memory Configuration

Name             Origin             Length             Attributes
RAM              0x0000000020000000 0x0000000000020000 xrw
CCMRAM           0x0000000010000000 0x0000000000010000 xrw
FLASH            0x0000000008000000 0x0000000000100000 xr
*default*        0x0000000000000000 0xffffffffffffffff

Linker script and memory map

LOAD /usr/lib/gcc/arm-none-eabi/10.3.1/thumb/v7e-m+fp/hard/crti.o
LOAD /usr/lib/gcc/arm-none-eabi/10.3.1/thumb/v7e-m+fp/hard/crtbegin.o
LOAD /usr/lib/gcc/arm-none-eabi/10.3.1/../../../arm-none-eabi/lib/thumb/v7e-m+fp/hard/crt0.o
LOAD build/main.o
LOAD build/gpio.o
LOAD build/usart.o
LOAD build/stm32f4xx_it.o
LOAD build/stm32f4xx_hal_msp.o
LOAD build/stm32f4xx_hal_tim.o
LOAD build/stm32f4xx_hal_tim_ex.o
LOAD build/stm32f4xx_hal_uart.o
LOAD build/stm32f4xx_hal_rcc.o
LOAD build/stm32f4xx_hal_rcc_ex.o
LOAD build/stm32f4xx_hal_flash.o
LOAD build/stm32f4xx_hal_flash_ex.o
LOAD build/stm32f4xx_hal_flash_ramfunc.o
LOAD build/stm32f4xx_hal_gpio.o
LOAD build/stm32f4xx_hal_dma_ex.o
LOAD build/stm32f4xx_hal_dma.o
LOAD build/stm32f4xx_hal_pwr.o
LOAD build/stm32f4xx_hal_pwr_ex.o
LOAD build/stm32f4xx_hal_cortex.o
LOAD build/stm32f4xx_hal.o
LOAD build/stm32f4xx_hal_exti.o
LOAD build/system_stm32f4xx.o
LOAD build/printf_config.o
LOAD build/tim.o
LOAD build/dma.o
LOAD build/startup_stm32f407xx.o
LOAD build/robot.o
LOAD build/encoder.o
LOAD build/motor.o
LOAD build/pid.o
LOAD /usr/lib/gcc/arm-none-eabi/10.3.1/../../../arm-none-eabi/lib/thumb/v7e-m+fp/hard/libc_nano.a
LOAD /usr/lib/gcc/arm-none-eabi/10.3.1/../../../arm-none-eabi/lib/thumb/v7e-m+fp/hard/libm.a
LOAD /usr/lib/gcc/arm-none-eabi/10.3.1/../../../arm-none-eabi/lib/thumb/v7e-m+fp/hard/libnosys.a
START GROUP
LOAD /usr/lib/gcc/arm-none-eabi/10.3.1/thumb/v7e-m+fp/hard/libgcc.a
LOAD /usr/lib/gcc/arm-none-eabi/10.3.1/../../../arm-none-eabi/lib/thumb/v7e-m+fp/hard/libc_nano.a
END GROUP
START GROUP
LOAD /usr/lib/gcc/arm-none-eabi/10.3.1/thumb/v7e-m+fp/hard/libgcc.a
LOAD /usr/lib/gcc/arm-none-eabi/10.3.1/../../../arm-none-eabi/lib/thumb/v7e-m+fp/hard/libc_nano.a
LOAD /usr/lib/gcc/arm-none-eabi/10.3.1/../../../arm-none-eabi/lib/thumb/v7e-m+fp/hard/libnosys.a
END GROUP
START GROUP
LOAD /usr/lib/gcc/arm-none-eabi/10.3.1/thumb/v7e-m+fp/hard/libgcc.a
LOAD /usr/lib/gcc/arm-none-eabi/10.3.1/../../../arm-none-eabi/lib/thumb/v7e-m+fp/hard/libc_nano.a
LOAD /usr/lib/gcc/arm-none-eabi/10.3.1/../../../arm-none-eabi/lib/thumb/v7e-m+fp/hard/libnosys.a
END GROUP
LOAD /usr/lib/gcc/arm-none-eabi/10.3.1/thumb/v7e-m+fp/hard/crtend.o
LOAD /usr/lib/gcc/arm-none-eabi/10.3.1/thumb/v7e-m+fp/hard/crtn.o
                0x0000000020020000                _estack = (ORIGIN (RAM) + LENGTH (RAM))
                0x0000000000000200                _Min_Heap_Size = 0x200
                0x0000000000000400                _Min_Stack_Size = 0x400

.isr_vector     0x0000000008000000      0x188
                0x0000000008000000                . = ALIGN (0x4)
 *(.isr_vector)
 .isr_vector    0x0000000008000000      0x188 build/startup_stm32f407xx.o
                0x0000000008000000                g_pfnVectors
                0x0000000008000188                . = ALIGN (0x4)

.text           0x00000000080001c0     0x7fc8
                0x00000000080001c0                . = ALIGN (0x4)
 *(.text)
 .text          0x00000000080001c0       0x88 /usr/lib/gcc/arm-none-eabi/10.3.1/thumb/v7e-m+fp/hard/crtbegin.o
 .text          0x0000000008000248       0x48 /usr/lib/gcc/arm-none-eabi/10.3.1/../../../arm-none-eabi/lib/thumb/v7e-m+fp/hard/libc_nano.a(lib_a-init.o)
                0x0000000008000248                __libc_init_array
 .text          0x0000000008000290      0x134 /usr/lib/gcc/arm-none-eabi/10.3.1/../../../arm-none-eabi/lib/thumb/v7e-m+fp/hard/libc_nano.a(lib_a-memcpy.o)
                0x0000000008000290                memcpy
 .text          0x00000000080003c4       0xa4 /usr/lib/gcc/arm-none-eabi/10.3.1/../../../arm-none-eabi/lib/thumb/v7e-m+fp/hard/libc_nano.a(lib_a-memset.o)
                0x00000000080003c4                memset
 .text          0x0000000008000468      0x6cc /usr/lib/gcc/arm-none-eabi/10.3.1/../../../arm-none-eabi/lib/thumb/v7e-m+fp/hard/libc_nano.a(lib_a-nano-vfprintf_float.o)
                0x0000000008000468                __cvt
                0x0000000008000564                __exponent
                0x0000000008000600                _printf_float
 .text          0x0000000008000b34      0x3dc /usr/lib/gcc/arm-none-eabi/10.3.1/../../../arm-none-eabi/lib/thumb/v7e-m+fp/hard/libc_nano.a(lib_a-nano-vfprintf_i.o)
                0x0000000008000b34                _printf_common
                0x0000000008000c60                _printf_i
 .text          0x0000000008000f10       0x60 /usr/lib/gcc/arm-none-eabi/10.3.1/../../../arm-none-eabi/lib/thumb/v7e-m+fp/hard/libc_nano.a(lib_a-printf.o)
                0x0000000008000f10                _printf_r
                0x0000000008000f10                _iprintf_r
                0x0000000008000f3c                printf
                0x0000000008000f3c                iprintf
 .text          0x0000000008000f70       0xec /usr/lib/gcc/arm-none-eabi/10.3.1/../../../arm-none-eabi/lib/thumb/v7e-m+fp/hard/libc_nano.a(lib_a-puts.o)
                0x0000000008000f70                _puts_r
                0x000000000800104c                puts
 *fill*         0x000000000800105c       0x24 
 .text          0x0000000008001080       0xdc /usr/lib/gcc/arm-none-eabi/10.3.1/../../../arm-none-eabi/lib/thumb/v7e-m+fp/hard/libc_nano.a(lib_a-strlen.o)
                0x0000000008001080                strlen
 .text          0x000000000800115c       0xc8 /usr/lib/gcc/arm-none-eabi/10.3.1/../../../arm-none-eabi/lib/thumb/v7e-m+fp/hard/libc_nano.a(lib_a-wbuf.o)
                0x000000000800115c                __swbuf_r
                0x000000000800120c                __swbuf
 .text          0x0000000008001224      0x104 /usr/lib/gcc/arm-none-eabi/10.3.1/../../../arm-none-eabi/lib/thumb/v7e-m+fp/hard/libc_nano.a(lib_a-wsetup.o)
                0x0000000008001224                __swsetup_r
 .text          0x0000000008001328     0x10a4 /usr/lib/gcc/arm-none-eabi/10.3.1/../../../arm-none-eabi/lib/thumb/v7e-m+fp/hard/libc_nano.a(lib_a-dtoa.o)
                0x0000000008001450                _dtoa_r
 .text          0x00000000080023cc      0x1e8 /usr/lib/gcc/arm-none-eabi/10.3.1/../../../arm-none-eabi/lib/thumb/v7e-m+fp/hard/libc_nano.a(lib_a-fflush.o)
                0x00000000080023cc                __sflush_r
                0x00000000080024e0                _fflush_r
                0x0000000008002534                fflush
 .text          0x00000000080025b4      0x238 /usr/lib/gcc/arm-none-eabi/10.3.1/../../../arm-none-eabi/lib/thumb/v7e-m+fp/hard/libc_nano.a(lib_a-findfp.o)
                0x00000000080025b8                _cleanup_r
                0x00000000080025c8                __sfmoreglue
                0x00000000080025f8                __sfp
                0x0000000008002798                _cleanup
                0x00000000080027ac                __sinit
                0x00000000080027b4                __sfp_lock_acquire
                0x00000000080027b8                __sfp_lock_release
                0x00000000080027bc                __sinit_lock_acquire
                0x00000000080027c0                __sinit_lock_release
                0x00000000080027c4                __fp_lock_all
                0x00000000080027d8                __fp_unlock_all
 .text          0x00000000080027ec       0x88 /usr/lib/gcc/arm-none-eabi/10.3.1/../../../arm-none-eabi/lib/thumb/v7e-m+fp/hard/libc_nano.a(lib_a-fwalk.o)
                0x00000000080027ec                _fwalk
                0x000000000800282c                _fwalk_reent
 .text          0x0000000008002874       0x14 /usr/lib/gcc/arm-none-eabi/10.3.1/../../../arm-none-eabi/lib/thumb/v7e-m+fp/hard/libc_nano.a(lib_a-localeconv.o)
                0x0000000008002874                __localeconv_l
                0x0000000008002878                _localeconv_r
                0x0000000008002880                localeconv
 .text          0x0000000008002888      0x11c /usr/lib/gcc/arm-none-eabi/10.3.1/../../../arm-none-eabi/lib/thumb/v7e-m+fp/hard/libc_nano.a(lib_a-makebuf.o)
                0x0000000008002888                __smakebuf_r
                0x0000000008002948                __swhatbuf_r
 .text          0x00000000080029a4       0x20 /usr/lib/gcc/arm-none-eabi/10.3.1/../../../arm-none-eabi/lib/thumb/v7e-m+fp/hard/libc_nano.a(lib_a-malloc.o)
                0x00000000080029a4                malloc
                0x00000000080029b4                free
 *fill*         0x00000000080029c4        0xc 
 .text          0x00000000080029d0       0xa0 /usr/lib/gcc/arm-none-eabi/10.3.1/../../../arm-none-eabi/lib/thumb/v7e-m+fp/hard/libc_nano.a(lib_a-memchr.o)
                0x00000000080029d0                memchr
 .text          0x0000000008002a70      0xaec /usr/lib/gcc/arm-none-eabi/10.3.1/../../../arm-none-eabi/lib/thumb/v7e-m+fp/hard/libc_nano.a(lib_a-mprec.o)
                0x0000000008002a70                _Balloc
                0x0000000008002af0                _Bfree
                0x0000000008002b38                __multadd
                0x0000000008002bdc                __s2b
                0x0000000008002c90                __hi0bits
                0x0000000008002cd0                __lo0bits
                0x0000000008002d30                __i2b
                0x0000000008002d5c                __multiply
                0x0000000008002eb8                __pow5mult
                0x0000000008002f98                __lshift
                0x0000000008003080                __mcmp
                0x00000000080030c4                __mdiff
                0x0000000008003210                __ulp
                0x0000000008003270                __b2d
                0x0000000008003330                __d2b
                0x0000000008003400                __ratio
                0x000000000800345c                _mprec_log10
                0x000000000800349c                __copybits
                0x00000000080034f8                __any_on
 .text          0x000000000800355c       0x1c /usr/lib/gcc/arm-none-eabi/10.3.1/../../../arm-none-eabi/lib/thumb/v7e-m+fp/hard/libc_nano.a(lib_a-nano-callocr.o)
                0x000000000800355c                _calloc_r
 .text          0x0000000008003578       0xc4 /usr/lib/gcc/arm-none-eabi/10.3.1/../../../arm-none-eabi/lib/thumb/v7e-m+fp/hard/libc_nano.a(lib_a-nano-freer.o)
                0x0000000008003578                _free_r
 .text          0x000000000800363c       0xb4 /usr/lib/gcc/arm-none-eabi/10.3.1/../../../arm-none-eabi/lib/thumb/v7e-m+fp/hard/libc_nano.a(lib_a-nano-mallocr.o)
                0x000000000800363c                _malloc_r
 .text          0x00000000080036f0      0x328 /usr/lib/gcc/arm-none-eabi/10.3.1/../../../arm-none-eabi/lib/thumb/v7e-m+fp/hard/libc_nano.a(lib_a-nano-vfprintf.o)
                0x000000000800372c                __sfputs_r
                0x000000000800375c                __sprint_r
                0x0000000008003778                _vfiprintf_r
                0x0000000008003778                _vfprintf_r
                0x00000000080039fc                vfiprintf
                0x00000000080039fc                vfprintf
 .text          0x0000000008003a18       0x24 /usr/lib/gcc/arm-none-eabi/10.3.1/../../../arm-none-eabi/lib/thumb/v7e-m+fp/hard/libc_nano.a(lib_a-sbrkr.o)
                0x0000000008003a18                _sbrk_r
 .text          0x0000000008003a3c       0x90 /usr/lib/gcc/arm-none-eabi/10.3.1/../../../arm-none-eabi/lib/thumb/v7e-m+fp/hard/libc_nano.a(lib_a-stdio.o)
                0x0000000008003a3c                __sread
                0x0000000008003a60                __seofread
                0x0000000008003a64                __swrite
                0x0000000008003aa4                __sseek
                0x0000000008003ac4                __sclose
 .text          0x0000000008003acc       0x2c /usr/lib/gcc/arm-none-eabi/10.3.1/../../../arm-none-eabi/lib/thumb/v7e-m+fp/hard/libc_nano.a(lib_a-writer.o)
                0x0000000008003acc                _write_r
 .text          0x0000000008003af8       0x4c /usr/lib/gcc/arm-none-eabi/10.3.1/../../../arm-none-eabi/lib/thumb/v7e-m+fp/hard/libc_nano.a(lib_a-assert.o)
                0x0000000008003af8                __assert_func
                0x0000000008003b38                __assert
 .text          0x0000000008003b44       0x24 /usr/lib/gcc/arm-none-eabi/10.3.1/../../../arm-none-eabi/lib/thumb/v7e-m+fp/hard/libc_nano.a(lib_a-closer.o)
                0x0000000008003b44                _close_r
 .text          0x0000000008003b68       0x44 /usr/lib/gcc/arm-none-eabi/10.3.1/../../../arm-none-eabi/lib/thumb/v7e-m+fp/hard/libc_nano.a(lib_a-fprintf.o)
                0x0000000008003b68                _fprintf_r
                0x0000000008003b68                _fiprintf_r
                0x0000000008003b84                fprintf
                0x0000000008003b84                fiprintf
 .text          0x0000000008003bac       0x2c /usr/lib/gcc/arm-none-eabi/10.3.1/../../../arm-none-eabi/lib/thumb/v7e-m+fp/hard/libc_nano.a(lib_a-fstatr.o)
                0x0000000008003bac                _fstat_r
 .text          0x0000000008003bd8      0x2f0 /usr/lib/gcc/arm-none-eabi/10.3.1/../../../arm-none-eabi/lib/thumb/v7e-m+fp/hard/libc_nano.a(lib_a-fvwrite.o)
                0x0000000008003bd8                __sfvwrite_r
 .text          0x0000000008003ec8       0x24 /usr/lib/gcc/arm-none-eabi/10.3.1/../../../arm-none-eabi/lib/thumb/v7e-m+fp/hard/libc_nano.a(lib_a-isattyr.o)
                0x0000000008003ec8                _isatty_r
 .text          0x0000000008003eec       0x2c /usr/lib/gcc/arm-none-eabi/10.3.1/../../../arm-none-eabi/lib/thumb/v7e-m+fp/hard/libc_nano.a(lib_a-lseekr.o)
                0x0000000008003eec                _lseek_r
 .text          0x0000000008003f18       0x40 /usr/lib/gcc/arm-none-eabi/10.3.1/../../../arm-none-eabi/lib/thumb/v7e-m+fp/hard/libc_nano.a(lib_a-mbtowc_r.o)
                0x0000000008003f18                _mbtowc_r
                0x0000000008003f2c                __ascii_mbtowc
 .text          0x0000000008003f58       0xf8 /usr/lib/gcc/arm-none-eabi/10.3.1/../../../arm-none-eabi/lib/thumb/v7e-m+fp/hard/libc_nano.a(lib_a-memmove.o)
                0x0000000008003f58                memmove
 .text          0x0000000008004050        0x8 /usr/lib/gcc/arm-none-eabi/10.3.1/../../../arm-none-eabi/lib/thumb/v7e-m+fp/hard/libc_nano.a(lib_a-mlock.o)
                0x0000000008004050                __malloc_lock
                0x0000000008004054                __malloc_unlock
 .text          0x0000000008004058       0x50 /usr/lib/gcc/arm-none-eabi/10.3.1/../../../arm-none-eabi/lib/thumb/v7e-m+fp/hard/libc_nano.a(lib_a-nano-reallocr.o)
                0x0000000008004058                _realloc_r
 .text          0x00000000080040a8       0x2c /usr/lib/gcc/arm-none-eabi/10.3.1/../../../arm-none-eabi/lib/thumb/v7e-m+fp/hard/libc_nano.a(lib_a-readr.o)
                0x00000000080040a8                _read_r
 .text          0x00000000080040d4       0x30 /usr/lib/gcc/arm-none-eabi/10.3.1/../../../arm-none-eabi/lib/thumb/v7e-m+fp/hard/libc_nano.a(lib_a-wctomb_r.o)
                0x00000000080040d4                _wctomb_r
                0x00000000080040e8                __ascii_wctomb
 .text          0x0000000008004104       0x10 /usr/lib/gcc/arm-none-eabi/10.3.1/../../../arm-none-eabi/lib/thumb/v7e-m+fp/hard/libc_nano.a(lib_a-abort.o)
                0x0000000008004104                abort
 .text          0x0000000008004114       0x14 /usr/lib/gcc/arm-none-eabi/10.3.1/../../../arm-none-eabi/lib/thumb/v7e-m+fp/hard/libc_nano.a(lib_a-nano-msizer.o)
                0x0000000008004114                _malloc_usable_size_r
 .text          0x0000000008004128      0x268 /usr/lib/gcc/arm-none-eabi/10.3.1/../../../arm-none-eabi/lib/thumb/v7e-m+fp/hard/libc_nano.a(lib_a-signal.o)
                0x0000000008004128                _init_signal_r
                0x0000000008004154                _signal_r
                0x000000000800419c                _raise_r
                0x00000000080041f0                __sigtramp_r
                0x0000000008004250                raise
                0x00000000080042a8                signal
                0x00000000080042f8                _init_signal
                0x000000000800432c                __sigtramp
 .text          0x0000000008004390       0x30 /usr/lib/gcc/arm-none-eabi/10.3.1/../../../arm-none-eabi/lib/thumb/v7e-m+fp/hard/libc_nano.a(lib_a-signalr.o)
                0x0000000008004390                _kill_r
                0x00000000080043bc                _getpid_r
 .text          0x00000000080043c0       0x10 /usr/lib/gcc/arm-none-eabi/10.3.1/../../../arm-none-eabi/lib/thumb/v7e-m+fp/hard/libnosys.a(close.o)
                0x00000000080043c0                _close
 .text          0x00000000080043d0       0x10 /usr/lib/gcc/arm-none-eabi/10.3.1/../../../arm-none-eabi/lib/thumb/v7e-m+fp/hard/libnosys.a(fstat.o)
                0x00000000080043d0                _fstat
 .text          0x00000000080043e0       0x10 /usr/lib/gcc/arm-none-eabi/10.3.1/../../../arm-none-eabi/lib/thumb/v7e-m+fp/hard/libnosys.a(getpid.o)
                0x00000000080043e0                _getpid
 .text          0x00000000080043f0       0x10 /usr/lib/gcc/arm-none-eabi/10.3.1/../../../arm-none-eabi/lib/thumb/v7e-m+fp/hard/libnosys.a(isatty.o)
                0x00000000080043f0                _isatty
 .text          0x0000000008004400       0x10 /usr/lib/gcc/arm-none-eabi/10.3.1/../../../arm-none-eabi/lib/thumb/v7e-m+fp/hard/libnosys.a(kill.o)
                0x0000000008004400                _kill
 .text          0x0000000008004410       0x10 /usr/lib/gcc/arm-none-eabi/10.3.1/../../../arm-none-eabi/lib/thumb/v7e-m+fp/hard/libnosys.a(lseek.o)
                0x0000000008004410                _lseek
 .text          0x0000000008004420       0x10 /usr/lib/gcc/arm-none-eabi/10.3.1/../../../arm-none-eabi/lib/thumb/v7e-m+fp/hard/libnosys.a(read.o)
                0x0000000008004420                _read
 .text          0x0000000008004430       0x1c /usr/lib/gcc/arm-none-eabi/10.3.1/../../../arm-none-eabi/lib/thumb/v7e-m+fp/hard/libnosys.a(sbrk.o)
                0x0000000008004430                _sbrk
 .text          0x000000000800444c        0x4 /usr/lib/gcc/arm-none-eabi/10.3.1/../../../arm-none-eabi/lib/thumb/v7e-m+fp/hard/libnosys.a(_exit.o)
                0x000000000800444c                _exit
 .text          0x0000000008004450      0x378 /usr/lib/gcc/arm-none-eabi/10.3.1/thumb/v7e-m+fp/hard/libgcc.a(_arm_addsubdf3.o)
                0x0000000008004450                __aeabi_drsub
                0x0000000008004458                __aeabi_dsub
                0x0000000008004458                __subdf3
                0x000000000800445c                __adddf3
                0x000000000800445c                __aeabi_dadd
                0x00000000080046d4                __aeabi_ui2d
                0x00000000080046d4                __floatunsidf
                0x00000000080046f4                __floatsidf
                0x00000000080046f4                __aeabi_i2d
                0x0000000008004718                __extendsfdf2
                0x0000000008004718                __aeabi_f2d
                0x000000000800475c                __aeabi_ul2d
                0x000000000800475c                __floatundidf
                0x000000000800476c                __floatdidf
                0x000000000800476c                __aeabi_l2d
 .text          0x00000000080047c8      0x424 /usr/lib/gcc/arm-none-eabi/10.3.1/thumb/v7e-m+fp/hard/libgcc.a(_arm_muldivdf3.o)
                0x00000000080047c8                __aeabi_dmul
                0x00000000080047c8                __muldf3
                0x0000000008004a1c                __aeabi_ddiv
                0x0000000008004a1c                __divdf3
 .text          0x0000000008004bec      0x110 /usr/lib/gcc/arm-none-eabi/10.3.1/thumb/v7e-m+fp/hard/libgcc.a(_arm_cmpdf2.o)
                0x0000000008004bec                __gtdf2
                0x0000000008004bec                __gedf2
                0x0000000008004bf4                __ltdf2
                0x0000000008004bf4                __ledf2
                0x0000000008004bfc                __cmpdf2
                0x0000000008004bfc                __eqdf2
                0x0000000008004bfc                __nedf2
                0x0000000008004c78                __aeabi_cdrcmple
                0x0000000008004c88                __aeabi_cdcmple
                0x0000000008004c88                __aeabi_cdcmpeq
                0x0000000008004c98                __aeabi_dcmpeq
                0x0000000008004cac                __aeabi_dcmplt
                0x0000000008004cc0                __aeabi_dcmple
                0x0000000008004cd4                __aeabi_dcmpge
                0x0000000008004ce8                __aeabi_dcmpgt
 .text          0x0000000008004cfc       0x2c /usr/lib/gcc/arm-none-eabi/10.3.1/thumb/v7e-m+fp/hard/libgcc.a(_arm_unorddf2.o)
                0x0000000008004cfc                __aeabi_dcmpun
                0x0000000008004cfc                __unorddf2
 .text          0x0000000008004d28       0x50 /usr/lib/gcc/arm-none-eabi/10.3.1/thumb/v7e-m+fp/hard/libgcc.a(_arm_fixdfsi.o)
                0x0000000008004d28                __fixdfsi
                0x0000000008004d28                __aeabi_d2iz
 .text          0x0000000008004d78       0xa0 /usr/lib/gcc/arm-none-eabi/10.3.1/thumb/v7e-m+fp/hard/libgcc.a(_arm_truncdfsf2.o)
                0x0000000008004d78                __aeabi_d2f
                0x0000000008004d78                __truncdfsf2
 .text          0x0000000008004e18       0x30 /usr/lib/gcc/arm-none-eabi/10.3.1/thumb/v7e-m+fp/hard/libgcc.a(_aeabi_uldivmod.o)
                0x0000000008004e18                __aeabi_uldivmod
 .text          0x0000000008004e48      0x2d0 /usr/lib/gcc/arm-none-eabi/10.3.1/thumb/v7e-m+fp/hard/libgcc.a(_udivmoddi4.o)
                0x0000000008004e48                __udivmoddi4
 .text          0x0000000008005118        0x4 /usr/lib/gcc/arm-none-eabi/10.3.1/thumb/v7e-m+fp/hard/libgcc.a(_dvmd_tls.o)
                0x0000000008005118                __aeabi_ldiv0
                0x0000000008005118                __aeabi_idiv0
 *(.text*)
 .text.Error_Handler
                0x000000000800511c        0x4 build/main.o
                0x000000000800511c                Error_Handler
 .text.SystemClock_Config
                0x0000000008005120       0xa8 build/main.o
                0x0000000008005120                SystemClock_Config
 .text.main     0x00000000080051c8       0x30 build/main.o
                0x00000000080051c8                main
 .text.MX_GPIO_Init
                0x00000000080051f8      0x144 build/gpio.o
                0x00000000080051f8                MX_GPIO_Init
 .text.MX_USART1_UART_Init
                0x000000000800533c       0x34 build/usart.o
                0x000000000800533c                MX_USART1_UART_Init
 .text.HAL_UART_MspInit
                0x0000000008005370       0xbc build/usart.o
                0x0000000008005370                HAL_UART_MspInit
 .text.NMI_Handler
                0x000000000800542c        0x2 build/stm32f4xx_it.o
                0x000000000800542c                NMI_Handler
 .text.HardFault_Handler
                0x000000000800542e        0x2 build/stm32f4xx_it.o
                0x000000000800542e                HardFault_Handler
 .text.MemManage_Handler
                0x0000000008005430        0x2 build/stm32f4xx_it.o
                0x0000000008005430                MemManage_Handler
 .text.BusFault_Handler
                0x0000000008005432        0x2 build/stm32f4xx_it.o
                0x0000000008005432                BusFault_Handler
 .text.UsageFault_Handler
                0x0000000008005434        0x2 build/stm32f4xx_it.o
                0x0000000008005434                UsageFault_Handler
 .text.SVC_Handler
                0x0000000008005436        0x2 build/stm32f4xx_it.o
                0x0000000008005436                SVC_Handler
 .text.DebugMon_Handler
                0x0000000008005438        0x2 build/stm32f4xx_it.o
                0x0000000008005438                DebugMon_Handler
 .text.PendSV_Handler
                0x000000000800543a        0x2 build/stm32f4xx_it.o
                0x000000000800543a                PendSV_Handler
 .text.SysTick_Handler
                0x000000000800543c        0x8 build/stm32f4xx_it.o
                0x000000000800543c                SysTick_Handler
 .text.USART1_IRQHandler
                0x0000000008005444       0x10 build/stm32f4xx_it.o
                0x0000000008005444                USART1_IRQHandler
 .text.DMA2_Stream2_IRQHandler
                0x0000000008005454       0x10 build/stm32f4xx_it.o
                0x0000000008005454                DMA2_Stream2_IRQHandler
 .text.HAL_MspInit
                0x0000000008005464       0x38 build/stm32f4xx_hal_msp.o
                0x0000000008005464                HAL_MspInit
 .text.TIM_OC1_SetConfig
                0x000000000800549c       0x68 build/stm32f4xx_hal_tim.o
 .text.TIM_OC3_SetConfig
                0x0000000008005504       0x70 build/stm32f4xx_hal_tim.o
 .text.TIM_OC4_SetConfig
                0x0000000008005574       0x50 build/stm32f4xx_hal_tim.o
 .text.TIM_Base_SetConfig
                0x00000000080055c4       0xd8 build/stm32f4xx_hal_tim.o
                0x00000000080055c4                TIM_Base_SetConfig
 .text.HAL_TIM_PWM_Init
                0x000000000800569c       0x58 build/stm32f4xx_hal_tim.o
                0x000000000800569c                HAL_TIM_PWM_Init
 .text.HAL_TIM_Encoder_Init
                0x00000000080056f4       0xb6 build/stm32f4xx_hal_tim.o
                0x00000000080056f4                HAL_TIM_Encoder_Init
 *fill*         0x00000000080057aa        0x2 
 .text.TIM_OC2_SetConfig
                0x00000000080057ac       0x70 build/stm32f4xx_hal_tim.o
                0x00000000080057ac                TIM_OC2_SetConfig
 .text.HAL_TIM_PWM_ConfigChannel
                0x000000000800581c       0xdc build/stm32f4xx_hal_tim.o
                0x000000000800581c                HAL_TIM_PWM_ConfigChannel
 .text.TIM_CCxChannelCmd
                0x00000000080058f8       0x1e build/stm32f4xx_hal_tim.o
                0x00000000080058f8                TIM_CCxChannelCmd
 *fill*         0x0000000008005916        0x2 
 .text.HAL_TIM_PWM_Start
                0x0000000008005918      0x104 build/stm32f4xx_hal_tim.o
                0x0000000008005918                HAL_TIM_PWM_Start
 .text.HAL_TIM_Encoder_Start
                0x0000000008005a1c       0xcc build/stm32f4xx_hal_tim.o
                0x0000000008005a1c                HAL_TIM_Encoder_Start
 .text.HAL_TIMEx_MasterConfigSynchronization
                0x0000000008005ae8       0x8c build/stm32f4xx_hal_tim_ex.o
                0x0000000008005ae8                HAL_TIMEx_MasterConfigSynchronization
 .text.UART_EndTxTransfer
                0x0000000008005b74       0x20 build/stm32f4xx_hal_uart.o
 .text.UART_EndRxTransfer
                0x0000000008005b94       0x5c build/stm32f4xx_hal_uart.o
 .text.UART_Transmit_IT
                0x0000000008005bf0       0x60 build/stm32f4xx_hal_uart.o
 .text.UART_SetConfig
                0x0000000008005c50      0x110 build/stm32f4xx_hal_uart.o
 .text.HAL_UART_Init
                0x0000000008005d60       0x60 build/stm32f4xx_hal_uart.o
                0x0000000008005d60                HAL_UART_Init
 .text.HAL_UART_TxCpltCallback
                0x0000000008005dc0        0x2 build/stm32f4xx_hal_uart.o
                0x0000000008005dc0                HAL_UART_TxCpltCallback
 .text.UART_EndTransmit_IT
                0x0000000008005dc2       0x1a build/stm32f4xx_hal_uart.o
 .text.HAL_UART_RxHalfCpltCallback
                0x0000000008005ddc        0x2 build/stm32f4xx_hal_uart.o
                0x0000000008005ddc                HAL_UART_RxHalfCpltCallback
 .text.HAL_UART_ErrorCallback
                0x0000000008005dde        0x2 build/stm32f4xx_hal_uart.o
                0x0000000008005dde                HAL_UART_ErrorCallback
 .text.UART_DMAError
                0x0000000008005de0       0x58 build/stm32f4xx_hal_uart.o
 .text.UART_DMAAbortOnError
                0x0000000008005e38       0x10 build/stm32f4xx_hal_uart.o
 .text.HAL_UARTEx_RxEventCallback
                0x0000000008005e48        0x2 build/stm32f4xx_hal_uart.o
                0x0000000008005e48                HAL_UARTEx_RxEventCallback
 .text.UART_Receive_IT
                0x0000000008005e4a       0xe6 build/stm32f4xx_hal_uart.o
 .text.HAL_UART_IRQHandler
                0x0000000008005f30      0x288 build/stm32f4xx_hal_uart.o
                0x0000000008005f30                HAL_UART_IRQHandler
 .text.UART_DMARxHalfCplt
                0x00000000080061b8       0x1e build/stm32f4xx_hal_uart.o
 .text.UART_DMAReceiveCplt
                0x00000000080061d6       0x9a build/stm32f4xx_hal_uart.o
 .text.UART_Start_Receive_DMA
                0x0000000008006270       0xa4 build/stm32f4xx_hal_uart.o
                0x0000000008006270                UART_Start_Receive_DMA
 .text.HAL_UART_Receive_DMA
                0x0000000008006314       0x26 build/stm32f4xx_hal_uart.o
                0x0000000008006314                HAL_UART_Receive_DMA
 *fill*         0x000000000800633a        0x2 
 .text.HAL_RCC_OscConfig
                0x000000000800633c      0x3f8 build/stm32f4xx_hal_rcc.o
                0x000000000800633c                HAL_RCC_OscConfig
 .text.HAL_RCC_GetSysClockFreq
                0x0000000008006734       0xd4 build/stm32f4xx_hal_rcc.o
                0x0000000008006734                HAL_RCC_GetSysClockFreq
 .text.HAL_RCC_ClockConfig
                0x0000000008006808      0x160 build/stm32f4xx_hal_rcc.o
                0x0000000008006808                HAL_RCC_ClockConfig
 .text.HAL_RCC_GetHCLKFreq
                0x0000000008006968        0xc build/stm32f4xx_hal_rcc.o
                0x0000000008006968                HAL_RCC_GetHCLKFreq
 .text.HAL_RCC_GetPCLK1Freq
                0x0000000008006974       0x20 build/stm32f4xx_hal_rcc.o
                0x0000000008006974                HAL_RCC_GetPCLK1Freq
 .text.HAL_RCC_GetPCLK2Freq
                0x0000000008006994       0x20 build/stm32f4xx_hal_rcc.o
                0x0000000008006994                HAL_RCC_GetPCLK2Freq
 .text.HAL_GPIO_Init
                0x00000000080069b4      0x1e4 build/stm32f4xx_hal_gpio.o
                0x00000000080069b4                HAL_GPIO_Init
 .text.HAL_GPIO_WritePin
                0x0000000008006b98        0xc build/stm32f4xx_hal_gpio.o
                0x0000000008006b98                HAL_GPIO_WritePin
 .text.HAL_GPIO_TogglePin
                0x0000000008006ba4       0x12 build/stm32f4xx_hal_gpio.o
                0x0000000008006ba4                HAL_GPIO_TogglePin
 .text.DMA_SetConfig
                0x0000000008006bb6       0x2c build/stm32f4xx_hal_dma.o
 *fill*         0x0000000008006be2        0x2 
 .text.DMA_CalcBaseAndBitshift
                0x0000000008006be4       0x44 build/stm32f4xx_hal_dma.o
 .text.DMA_CheckFifoParam
                0x0000000008006c28       0x8e build/stm32f4xx_hal_dma.o
 *fill*         0x0000000008006cb6        0x2 
 .text.HAL_DMA_Init
                0x0000000008006cb8       0xcc build/stm32f4xx_hal_dma.o
                0x0000000008006cb8                HAL_DMA_Init
 .text.HAL_DMA_Start_IT
                0x0000000008006d84       0x6a build/stm32f4xx_hal_dma.o
                0x0000000008006d84                HAL_DMA_Start_IT
 .text.HAL_DMA_Abort
                0x0000000008006dee       0x94 build/stm32f4xx_hal_dma.o
                0x0000000008006dee                HAL_DMA_Abort
 .text.HAL_DMA_Abort_IT
                0x0000000008006e82       0x26 build/stm32f4xx_hal_dma.o
                0x0000000008006e82                HAL_DMA_Abort_IT
 .text.HAL_DMA_IRQHandler
                0x0000000008006ea8      0x1dc build/stm32f4xx_hal_dma.o
                0x0000000008006ea8                HAL_DMA_IRQHandler
 .text.HAL_NVIC_SetPriorityGrouping
                0x0000000008007084       0x24 build/stm32f4xx_hal_cortex.o
                0x0000000008007084                HAL_NVIC_SetPriorityGrouping
 .text.HAL_NVIC_SetPriority
                0x00000000080070a8       0x70 build/stm32f4xx_hal_cortex.o
                0x00000000080070a8                HAL_NVIC_SetPriority
 .text.HAL_NVIC_EnableIRQ
                0x0000000008007118       0x1c build/stm32f4xx_hal_cortex.o
                0x0000000008007118                HAL_NVIC_EnableIRQ
 .text.HAL_SYSTICK_Config
                0x0000000008007134       0x28 build/stm32f4xx_hal_cortex.o
                0x0000000008007134                HAL_SYSTICK_Config
 .text.HAL_InitTick
                0x000000000800715c       0x4c build/stm32f4xx_hal.o
                0x000000000800715c                HAL_InitTick
 .text.HAL_Init
                0x00000000080071a8       0x34 build/stm32f4xx_hal.o
                0x00000000080071a8                HAL_Init
 .text.HAL_IncTick
                0x00000000080071dc       0x18 build/stm32f4xx_hal.o
                0x00000000080071dc                HAL_IncTick
 .text.HAL_GetTick
                0x00000000080071f4        0xc build/stm32f4xx_hal.o
                0x00000000080071f4                HAL_GetTick
 .text.SystemInit
                0x0000000008007200       0x14 build/system_stm32f4xx.o
                0x0000000008007200                SystemInit
 .text.ITM_SendString
                0x0000000008007214       0x44 build/printf_config.o
                0x0000000008007214                ITM_SendString
 .text._write   0x0000000008007258        0xc build/printf_config.o
                0x0000000008007258                _write
 .text.MX_TIM1_Init
                0x0000000008007264       0x68 build/tim.o
                0x0000000008007264                MX_TIM1_Init
 .text.MX_TIM4_Init
                0x00000000080072cc       0x64 build/tim.o
                0x00000000080072cc                MX_TIM4_Init
 .text.HAL_TIM_Encoder_MspInit
                0x0000000008007330       0xbc build/tim.o
                0x0000000008007330                HAL_TIM_Encoder_MspInit
 .text.HAL_TIM_PWM_MspInit
                0x00000000080073ec       0x50 build/tim.o
                0x00000000080073ec                HAL_TIM_PWM_MspInit
 .text.HAL_TIM_MspPostInit
                0x000000000800743c       0x90 build/tim.o
                0x000000000800743c                HAL_TIM_MspPostInit
 .text.MX_TIM2_Init
                0x00000000080074cc       0x90 build/tim.o
                0x00000000080074cc                MX_TIM2_Init
 .text.MX_TIM9_Init
                0x000000000800755c       0x78 build/tim.o
                0x000000000800755c                MX_TIM9_Init
 .text.MX_DMA_Init
                0x00000000080075d4       0x34 build/dma.o
                0x00000000080075d4                MX_DMA_Init
 .text.Reset_Handler
                0x0000000008007608       0x50 build/startup_stm32f407xx.o
                0x0000000008007608                Reset_Handler
 .text.Default_Handler
                0x0000000008007658        0x2 build/startup_stm32f407xx.o
                0x0000000008007658                RTC_Alarm_IRQHandler
                0x0000000008007658                HASH_RNG_IRQHandler
                0x0000000008007658                EXTI2_IRQHandler
                0x0000000008007658                TIM8_CC_IRQHandler
                0x0000000008007658                TIM1_CC_IRQHandler
                0x0000000008007658                DMA2_Stream5_IRQHandler
                0x0000000008007658                DMA1_Stream5_IRQHandler
                0x0000000008007658                PVD_IRQHandler
                0x0000000008007658                SDIO_IRQHandler
                0x0000000008007658                TAMP_STAMP_IRQHandler
                0x0000000008007658                CAN2_RX1_IRQHandler
                0x0000000008007658                EXTI3_IRQHandler
                0x0000000008007658                TIM8_TRG_COM_TIM14_IRQHandler
                0x0000000008007658                TIM1_UP_TIM10_IRQHandler
                0x0000000008007658                TIM8_UP_TIM13_IRQHandler
                0x0000000008007658                I2C3_ER_IRQHandler
                0x0000000008007658                EXTI0_IRQHandler
                0x0000000008007658                I2C2_EV_IRQHandler
                0x0000000008007658                DMA1_Stream2_IRQHandler
                0x0000000008007658                CAN1_RX0_IRQHandler
                0x0000000008007658                FPU_IRQHandler
                0x0000000008007658                OTG_HS_WKUP_IRQHandler
                0x0000000008007658                CAN2_SCE_IRQHandler
                0x0000000008007658                SPI1_IRQHandler
                0x0000000008007658                TIM6_DAC_IRQHandler
                0x0000000008007658                TIM1_BRK_TIM9_IRQHandler
                0x0000000008007658                DCMI_IRQHandler
                0x0000000008007658                CAN2_RX0_IRQHandler
                0x0000000008007658                DMA2_Stream3_IRQHandler
                0x0000000008007658                USART6_IRQHandler
                0x0000000008007658                USART3_IRQHandler
                0x0000000008007658                CAN1_RX1_IRQHandler
                0x0000000008007658                UART5_IRQHandler
                0x0000000008007658                DMA2_Stream0_IRQHandler
                0x0000000008007658                TIM4_IRQHandler
                0x0000000008007658                I2C1_EV_IRQHandler
                0x0000000008007658                DMA1_Stream6_IRQHandler
                0x0000000008007658                DMA1_Stream1_IRQHandler
                0x0000000008007658                UART4_IRQHandler
                0x0000000008007658                TIM3_IRQHandler
                0x0000000008007658                RCC_IRQHandler
                0x0000000008007658                TIM8_BRK_TIM12_IRQHandler
                0x0000000008007658                Default_Handler
                0x0000000008007658                EXTI15_10_IRQHandler
                0x0000000008007658                ADC_IRQHandler
                0x0000000008007658                DMA1_Stream7_IRQHandler
                0x0000000008007658                TIM7_IRQHandler
                0x0000000008007658                CAN2_TX_IRQHandler
                0x0000000008007658                TIM5_IRQHandler
                0x0000000008007658                DMA2_Stream7_IRQHandler
                0x0000000008007658                I2C3_EV_IRQHandler
                0x0000000008007658                EXTI9_5_IRQHandler
                0x0000000008007658                RTC_WKUP_IRQHandler
                0x0000000008007658                ETH_WKUP_IRQHandler
                0x0000000008007658                SPI2_IRQHandler
                0x0000000008007658                OTG_HS_EP1_IN_IRQHandler
                0x0000000008007658                DMA1_Stream0_IRQHandler
                0x0000000008007658                CAN1_TX_IRQHandler
                0x0000000008007658                EXTI4_IRQHandler
                0x0000000008007658                FSMC_IRQHandler
                0x0000000008007658                ETH_IRQHandler
                0x0000000008007658                OTG_HS_EP1_OUT_IRQHandler
                0x0000000008007658                WWDG_IRQHandler
                0x0000000008007658                TIM2_IRQHandler
                0x0000000008007658                OTG_FS_WKUP_IRQHandler
                0x0000000008007658                TIM1_TRG_COM_TIM11_IRQHandler
                0x0000000008007658                OTG_HS_IRQHandler
                0x0000000008007658                EXTI1_IRQHandler
                0x0000000008007658                USART2_IRQHandler
                0x0000000008007658                I2C2_ER_IRQHandler
                0x0000000008007658                DMA2_Stream1_IRQHandler
                0x0000000008007658                CAN1_SCE_IRQHandler
                0x0000000008007658                FLASH_IRQHandler
                0x0000000008007658                DMA2_Stream4_IRQHandler
                0x0000000008007658                OTG_FS_IRQHandler
                0x0000000008007658                SPI3_IRQHandler
                0x0000000008007658                DMA1_Stream4_IRQHandler
                0x0000000008007658                I2C1_ER_IRQHandler
                0x0000000008007658                DMA2_Stream6_IRQHandler
                0x0000000008007658                DMA1_Stream3_IRQHandler
 *fill*         0x000000000800765a        0x2 
 .text._Z41__static_initialization_and_destruction_0ii
                0x000000000800765c       0xb4 build/robot.o
 .text._ZN5Robot4initEv
                0x0000000008007710      0x314 build/robot.o
                0x0000000008007710                Robot::init()
 .text.HAL_UART_RxCpltCallback
                0x0000000008007a24       0x30 build/robot.o
                0x0000000008007a24                HAL_UART_RxCpltCallback
 .text.init_robot
                0x0000000008007a54       0x10 build/robot.o
                0x0000000008007a54                init_robot
 .text.operate_robot
                0x0000000008007a64       0xf8 build/robot.o
                0x0000000008007a64                operate_robot
 .text._GLOBAL__sub_I_prevtime
                0x0000000008007b5c        0xe build/robot.o
 .text._ZN7Encoder9get_countEv
                0x0000000008007b6a       0x16 build/encoder.o
                0x0000000008007b6a                Encoder::get_count()
 .text._ZN7Encoder9get_omegaEv
                0x0000000008007b80       0x94 build/encoder.o
                0x0000000008007b80                Encoder::get_omega()
 .text._ZN7Encoder4initEv
                0x0000000008007c14       0x16 build/encoder.o
                0x0000000008007c14                Encoder::init()
 .text._ZN5Motor6updateEv
                0x0000000008007c2a       0x34 build/motor.o
                0x0000000008007c2a                Motor::update()
 .text._ZN5Motor9set_speedEf
                0x0000000008007c5e       0x32 build/motor.o
                0x0000000008007c5e                Motor::set_speed(float)
 .text._ZN5Motor4initEv
                0x0000000008007c90       0x1c build/motor.o
                0x0000000008007c90                Motor::init()
 *fill*         0x0000000008007cac        0x4 
 .text._ZN3PID7ComputeEv
                0x0000000008007cb0      0x160 build/pid.o
                0x0000000008007cb0                PID::Compute()
 .text._ZN3PID10SetTuningsEdddi
                0x0000000008007e10       0xec build/pid.o
                0x0000000008007e10                PID::SetTunings(double, double, double, int)
 .text._ZN3PID10SetTuningsEddd
                0x0000000008007efc        0xa build/pid.o
                0x0000000008007efc                PID::SetTunings(double, double, double)
 .text._ZN3PID13SetSampleTimeEi
                0x0000000008007f06       0x4c build/pid.o
                0x0000000008007f06                PID::SetSampleTime(int)
 .text._ZN3PID15SetOutputLimitsEdd
                0x0000000008007f52       0x94 build/pid.o
                0x0000000008007f52                PID::SetOutputLimits(double, double)
 .text._ZN3PID10InitializeEv
                0x0000000008007fe6       0x4e build/pid.o
                0x0000000008007fe6                PID::Initialize()
 .text._ZN3PID7SetModeEi
                0x0000000008008034       0x22 build/pid.o
                0x0000000008008034                PID::SetMode(int)
 .text._ZN3PID4InitEv
                0x0000000008008056       0x14 build/pid.o
                0x0000000008008056                PID::Init()
 .text._ZN3PID22SetControllerDirectionEi
                0x000000000800806a       0x46 build/pid.o
                0x000000000800806a                PID::SetControllerDirection(int)
 .text._ZN3PIDC2Edddii
                0x00000000080080b0       0x98 build/pid.o
                0x00000000080080b0                PID::PID(double, double, double, int, int)
                0x00000000080080b0                PID::PID(double, double, double, int, int)
 .text._ZN3PIDC2Ev
                0x0000000008008148       0x28 build/pid.o
                0x0000000008008148                PID::PID()
                0x0000000008008148                PID::PID()
 *(.glue_7)
 .glue_7        0x0000000008008170        0x0 linker stubs
 *(.glue_7t)
 .glue_7t       0x0000000008008170        0x0 linker stubs
 *(.eh_frame)
 .eh_frame      0x0000000008008170        0x0 /usr/lib/gcc/arm-none-eabi/10.3.1/thumb/v7e-m+fp/hard/crtbegin.o
 *(.init)
 .init          0x0000000008008170        0x4 /usr/lib/gcc/arm-none-eabi/10.3.1/thumb/v7e-m+fp/hard/crti.o
                0x0000000008008170                _init
 .init          0x0000000008008174        0x8 /usr/lib/gcc/arm-none-eabi/10.3.1/thumb/v7e-m+fp/hard/crtn.o
 *(.fini)
 .fini          0x000000000800817c        0x4 /usr/lib/gcc/arm-none-eabi/10.3.1/thumb/v7e-m+fp/hard/crti.o
                0x000000000800817c                _fini
 .fini          0x0000000008008180        0x8 /usr/lib/gcc/arm-none-eabi/10.3.1/thumb/v7e-m+fp/hard/crtn.o
                0x0000000008008188                . = ALIGN (0x4)
                0x0000000008008188                _etext = .

.vfp11_veneer   0x0000000008008188        0x0
 .vfp11_veneer  0x0000000008008188        0x0 linker stubs

.v4_bx          0x0000000008008188        0x0
 .v4_bx         0x0000000008008188        0x0 linker stubs

.iplt           0x0000000008008188        0x0
 .iplt          0x0000000008008188        0x0 /usr/lib/gcc/arm-none-eabi/10.3.1/thumb/v7e-m+fp/hard/crtbegin.o

.rodata         0x0000000008008188      0x408
                0x0000000008008188                . = ALIGN (0x4)
 *(.rodata)
 .rodata        0x0000000008008188        0x4 /usr/lib/gcc/arm-none-eabi/10.3.1/../../../arm-none-eabi/lib/thumb/v7e-m+fp/hard/libc_nano.a(lib_a-impure.o)
                0x0000000008008188                _global_impure_ptr
 .rodata        0x000000000800818c       0x60 /usr/lib/gcc/arm-none-eabi/10.3.1/../../../arm-none-eabi/lib/thumb/v7e-m+fp/hard/libc_nano.a(lib_a-findfp.o)
                0x000000000800818c                __sf_fake_stderr
                0x00000000080081ac                __sf_fake_stdout
                0x00000000080081cc                __sf_fake_stdin
 *fill*         0x00000000080081ec        0x4 
 .rodata        0x00000000080081f0      0x128 /usr/lib/gcc/arm-none-eabi/10.3.1/../../../arm-none-eabi/lib/thumb/v7e-m+fp/hard/libc_nano.a(lib_a-mprec.o)
                0x0000000008008200                __mprec_tens
                0x00000000080082c8                __mprec_tinytens
                0x00000000080082f0                __mprec_bigtens
 .rodata        0x0000000008008318      0x101 /usr/lib/gcc/arm-none-eabi/10.3.1/../../../arm-none-eabi/lib/thumb/v7e-m+fp/hard/libc_nano.a(lib_a-ctype_.o)
                0x0000000008008318                _ctype_
 *(.rodata*)
 *fill*         0x0000000008008419        0x3 
 .rodata.flagBitshiftOffset.0
                0x000000000800841c        0x8 build/stm32f4xx_hal_dma.o
 .rodata.AHBPrescTable
                0x0000000008008424       0x10 build/system_stm32f4xx.o
                0x0000000008008424                AHBPrescTable
 .rodata.APBPrescTable
                0x0000000008008434        0x8 build/system_stm32f4xx.o
                0x0000000008008434                APBPrescTable
 .rodata._ZN5Robot4initEv.str1.4
                0x000000000800843c        0x5 build/robot.o
 *fill*         0x0000000008008441        0x3 
 .rodata.operate_robot.str1.4
                0x0000000008008444        0x5 build/robot.o
 *fill*         0x0000000008008449        0x3 
 .rodata.str1.4
                0x000000000800844c       0x12 /usr/lib/gcc/arm-none-eabi/10.3.1/../../../arm-none-eabi/lib/thumb/v7e-m+fp/hard/libc_nano.a(lib_a-nano-vfprintf_float.o)
 *fill*         0x000000000800845e        0x2 
 .rodata.str1.4
                0x0000000008008460       0x25 /usr/lib/gcc/arm-none-eabi/10.3.1/../../../arm-none-eabi/lib/thumb/v7e-m+fp/hard/libc_nano.a(lib_a-nano-vfprintf_i.o)
 *fill*         0x0000000008008485        0x3 
 .rodata.str1.4
                0x0000000008008488       0x6d /usr/lib/gcc/arm-none-eabi/10.3.1/../../../arm-none-eabi/lib/thumb/v7e-m+fp/hard/libc_nano.a(lib_a-dtoa.o)
                                         0x71 (size before relaxing)
 *fill*         0x00000000080084f5        0x3 
 .rodata.str1.4
                0x00000000080084f8       0x33 /usr/lib/gcc/arm-none-eabi/10.3.1/../../../arm-none-eabi/lib/thumb/v7e-m+fp/hard/libc_nano.a(lib_a-mprec.o)
                                         0x5d (size before relaxing)
 *fill*         0x000000000800852b        0x1 
 .rodata.str1.4
                0x000000000800852c       0x13 /usr/lib/gcc/arm-none-eabi/10.3.1/../../../arm-none-eabi/lib/thumb/v7e-m+fp/hard/libc_nano.a(lib_a-nano-vfprintf.o)
 *fill*         0x000000000800853f        0x1 
 .rodata.str1.4
                0x0000000008008540       0x3f /usr/lib/gcc/arm-none-eabi/10.3.1/../../../arm-none-eabi/lib/thumb/v7e-m+fp/hard/libc_nano.a(lib_a-assert.o)
                                         0x43 (size before relaxing)
 *fill*         0x000000000800857f        0x1 
 .rodata.str1.4
                0x0000000008008580        0xe /usr/lib/gcc/arm-none-eabi/10.3.1/../../../arm-none-eabi/lib/thumb/v7e-m+fp/hard/libc_nano.a(lib_a-locale.o)
                                         0x12 (size before relaxing)
                0x0000000008008590                . = ALIGN (0x4)
 *fill*         0x000000000800858e        0x2 

.ARM.extab
 *(.ARM.extab* .gnu.linkonce.armextab.*)

.ARM            0x0000000008008590        0x8
                0x0000000008008590                __exidx_start = .
 *(.ARM.exidx*)
 .ARM.exidx     0x0000000008008590        0x8 /usr/lib/gcc/arm-none-eabi/10.3.1/thumb/v7e-m+fp/hard/libgcc.a(_udivmoddi4.o)
                0x0000000008008598                __exidx_end = .

.rel.dyn        0x0000000008008598        0x0
 .rel.iplt      0x0000000008008598        0x0 /usr/lib/gcc/arm-none-eabi/10.3.1/thumb/v7e-m+fp/hard/crtbegin.o

.preinit_array  0x0000000008008598        0x0
                0x0000000008008598                PROVIDE (__preinit_array_start = .)
 *(.preinit_array*)
                0x0000000008008598                PROVIDE (__preinit_array_end = .)

.init_array     0x0000000008008598        0x8
                0x0000000008008598                PROVIDE (__init_array_start = .)
 *(SORT_BY_NAME(.init_array.*))
 *(.init_array*)
 .init_array    0x0000000008008598        0x4 /usr/lib/gcc/arm-none-eabi/10.3.1/thumb/v7e-m+fp/hard/crtbegin.o
 .init_array    0x000000000800859c        0x4 build/robot.o
                0x00000000080085a0                PROVIDE (__init_array_end = .)

.fini_array     0x00000000080085a0        0x4
                0x00000000080085a0                PROVIDE (__fini_array_start = .)
 *(SORT_BY_NAME(.fini_array.*))
 *(.fini_array*)
 .fini_array    0x00000000080085a0        0x4 /usr/lib/gcc/arm-none-eabi/10.3.1/thumb/v7e-m+fp/hard/crtbegin.o
                0x00000000080085a4                PROVIDE (__fini_array_end = .)
                0x00000000080085a4                _sidata = LOADADDR (.data)

.data           0x0000000020000000      0x1dc load address 0x00000000080085a4
                0x0000000020000000                . = ALIGN (0x4)
                0x0000000020000000                _sdata = .
 *(.data)
 .data          0x0000000020000000       0x64 /usr/lib/gcc/arm-none-eabi/10.3.1/../../../arm-none-eabi/lib/thumb/v7e-m+fp/hard/libc_nano.a(lib_a-impure.o)
                0x0000000020000000                _impure_ptr
 .data          0x0000000020000064      0x16c /usr/lib/gcc/arm-none-eabi/10.3.1/../../../arm-none-eabi/lib/thumb/v7e-m+fp/hard/libc_nano.a(lib_a-locale.o)
                0x0000000020000064                __global_locale
 *(.data*)
 .data.uwTickFreq
                0x00000000200001d0        0x1 build/stm32f4xx_hal.o
                0x00000000200001d0                uwTickFreq
 *fill*         0x00000000200001d1        0x3 
 .data.uwTickPrio
                0x00000000200001d4        0x4 build/stm32f4xx_hal.o
                0x00000000200001d4                uwTickPrio
 .data.SystemCoreClock
                0x00000000200001d8        0x4 build/system_stm32f4xx.o
                0x00000000200001d8                SystemCoreClock
                0x00000000200001dc                . = ALIGN (0x4)
                0x00000000200001dc                _edata = .
                0x0000000008008780                _siccmram = LOADADDR (.ccmram)

.tm_clone_table
                0x00000000200001dc        0x0 load address 0x0000000008008780
 .tm_clone_table
                0x00000000200001dc        0x0 /usr/lib/gcc/arm-none-eabi/10.3.1/thumb/v7e-m+fp/hard/crtbegin.o
 .tm_clone_table
                0x00000000200001dc        0x0 /usr/lib/gcc/arm-none-eabi/10.3.1/thumb/v7e-m+fp/hard/crtend.o

.igot.plt       0x00000000200001dc        0x0 load address 0x0000000008008780
 .igot.plt      0x00000000200001dc        0x0 /usr/lib/gcc/arm-none-eabi/10.3.1/thumb/v7e-m+fp/hard/crtbegin.o

.ccmram         0x0000000010000000        0x0 load address 0x0000000008008780
                0x0000000010000000                . = ALIGN (0x4)
                0x0000000010000000                _sccmram = .
 *(.ccmram)
 *(.ccmram*)
                0x0000000010000000                . = ALIGN (0x4)
                0x0000000010000000                _eccmram = .
                0x0000000010000000                . = ALIGN (0x4)

.bss            0x00000000200001e0     0xb9d8
                0x00000000200001e0                _sbss = .
                0x00000000200001e0                __bss_start__ = _sbss
 *(.bss)
 .bss           0x00000000200001e0       0x1c /usr/lib/gcc/arm-none-eabi/10.3.1/thumb/v7e-m+fp/hard/crtbegin.o
 .bss           0x00000000200001fc        0x8 /usr/lib/gcc/arm-none-eabi/10.3.1/../../../arm-none-eabi/lib/thumb/v7e-m+fp/hard/libc_nano.a(lib_a-nano-mallocr.o)
                0x00000000200001fc                __malloc_free_list
                0x0000000020000200                __malloc_sbrk_start
 .bss           0x0000000020000204        0x4 /usr/lib/gcc/arm-none-eabi/10.3.1/../../../arm-none-eabi/lib/thumb/v7e-m+fp/hard/libc_nano.a(lib_a-reent.o)
                0x0000000020000204                errno
 .bss           0x0000000020000208        0x4 /usr/lib/gcc/arm-none-eabi/10.3.1/../../../arm-none-eabi/lib/thumb/v7e-m+fp/hard/libnosys.a(sbrk.o)
 *(.bss*)
 .bss.hdma_usart1_rx
                0x000000002000020c       0x60 build/usart.o
                0x000000002000020c                hdma_usart1_rx
 .bss.huart1    0x000000002000026c       0x48 build/usart.o
                0x000000002000026c                huart1
 .bss.uwTick    0x00000000200002b4        0x4 build/stm32f4xx_hal.o
                0x00000000200002b4                uwTick
 .bss.htim1     0x00000000200002b8       0x48 build/tim.o
                0x00000000200002b8                htim1
 .bss.htim2     0x0000000020000300       0x48 build/tim.o
                0x0000000020000300                htim2
 .bss.htim4     0x0000000020000348       0x48 build/tim.o
                0x0000000020000348                htim4
 .bss.htim9     0x0000000020000390       0x48 build/tim.o
                0x0000000020000390                htim9
 .bss.bot       0x00000000200003d8     0xa390 build/robot.o
                0x00000000200003d8                bot
 .bss.dynamic_node
                0x000000002000a768     0x1450 build/robot.o
                0x000000002000a768                dynamic_node
 *(COMMON)
                0x000000002000bbb8                . = ALIGN (0x4)
                0x000000002000bbb8                _ebss = .
                0x000000002000bbb8                __bss_end__ = _ebss

._user_heap_stack
                0x000000002000bbb8      0x600
                0x000000002000bbb8                . = ALIGN (0x8)
                0x000000002000bbb8                PROVIDE (end = .)
                [!provide]                        PROVIDE (_end = .)
                0x000000002000bdb8                . = (. + _Min_Heap_Size)
 *fill*         0x000000002000bbb8      0x200 
                0x000000002000c1b8                . = (. + _Min_Stack_Size)
 *fill*         0x000000002000bdb8      0x400 
                0x000000002000c1b8                . = ALIGN (0x8)

/DISCARD/
 libc.a(*)
 libm.a(*)
 libgcc.a(*)

.ARM.attributes
                0x0000000000000000       0x30
 *(.ARM.attributes)
 .ARM.attributes
                0x0000000000000000       0x1e /usr/lib/gcc/arm-none-eabi/10.3.1/thumb/v7e-m+fp/hard/crti.o
 .ARM.attributes
                0x000000000000001e       0x34 /usr/lib/gcc/arm-none-eabi/10.3.1/thumb/v7e-m+fp/hard/crtbegin.o
 .ARM.attributes
                0x0000000000000052       0x34 build/main.o
 .ARM.attributes
                0x0000000000000086       0x34 build/gpio.o
 .ARM.attributes
                0x00000000000000ba       0x34 build/usart.o
 .ARM.attributes
                0x00000000000000ee       0x34 build/stm32f4xx_it.o
 .ARM.attributes
                0x0000000000000122       0x34 build/stm32f4xx_hal_msp.o
 .ARM.attributes
                0x0000000000000156       0x34 build/stm32f4xx_hal_tim.o
 .ARM.attributes
                0x000000000000018a       0x34 build/stm32f4xx_hal_tim_ex.o
 .ARM.attributes
                0x00000000000001be       0x34 build/stm32f4xx_hal_uart.o
 .ARM.attributes
                0x00000000000001f2       0x34 build/stm32f4xx_hal_rcc.o
 .ARM.attributes
                0x0000000000000226       0x34 build/stm32f4xx_hal_gpio.o
 .ARM.attributes
                0x000000000000025a       0x34 build/stm32f4xx_hal_dma.o
 .ARM.attributes
                0x000000000000028e       0x34 build/stm32f4xx_hal_cortex.o
 .ARM.attributes
                0x00000000000002c2       0x34 build/stm32f4xx_hal.o
 .ARM.attributes
                0x00000000000002f6       0x34 build/system_stm32f4xx.o
 .ARM.attributes
                0x000000000000032a       0x34 build/printf_config.o
 .ARM.attributes
                0x000000000000035e       0x34 build/tim.o
 .ARM.attributes
                0x0000000000000392       0x34 build/dma.o
 .ARM.attributes
                0x00000000000003c6       0x21 build/startup_stm32f407xx.o
 .ARM.attributes
                0x00000000000003e7       0x34 build/robot.o
 .ARM.attributes
                0x000000000000041b       0x34 build/encoder.o
 .ARM.attributes
                0x000000000000044f       0x34 build/motor.o
 .ARM.attributes
                0x0000000000000483       0x34 build/pid.o
 .ARM.attributes
                0x00000000000004b7       0x32 /usr/lib/gcc/arm-none-eabi/10.3.1/../../../arm-none-eabi/lib/thumb/v7e-m+fp/hard/libc_nano.a(lib_a-impure.o)
 .ARM.attributes
                0x00000000000004e9       0x34 /usr/lib/gcc/arm-none-eabi/10.3.1/../../../arm-none-eabi/lib/thumb/v7e-m+fp/hard/libc_nano.a(lib_a-init.o)
 .ARM.attributes
                0x000000000000051d       0x1c /usr/lib/gcc/arm-none-eabi/10.3.1/../../../arm-none-eabi/lib/thumb/v7e-m+fp/hard/libc_nano.a(lib_a-memcpy.o)
 .ARM.attributes
                0x0000000000000539       0x34 /usr/lib/gcc/arm-none-eabi/10.3.1/../../../arm-none-eabi/lib/thumb/v7e-m+fp/hard/libc_nano.a(lib_a-memset.o)
 .ARM.attributes
                0x000000000000056d       0x34 /usr/lib/gcc/arm-none-eabi/10.3.1/../../../arm-none-eabi/lib/thumb/v7e-m+fp/hard/libc_nano.a(lib_a-nano-vfprintf_float.o)
 .ARM.attributes
                0x00000000000005a1       0x34 /usr/lib/gcc/arm-none-eabi/10.3.1/../../../arm-none-eabi/lib/thumb/v7e-m+fp/hard/libc_nano.a(lib_a-nano-vfprintf_i.o)
 .ARM.attributes
                0x00000000000005d5       0x34 /usr/lib/gcc/arm-none-eabi/10.3.1/../../../arm-none-eabi/lib/thumb/v7e-m+fp/hard/libc_nano.a(lib_a-printf.o)
 .ARM.attributes
                0x0000000000000609       0x34 /usr/lib/gcc/arm-none-eabi/10.3.1/../../../arm-none-eabi/lib/thumb/v7e-m+fp/hard/libc_nano.a(lib_a-puts.o)
 .ARM.attributes
                0x000000000000063d       0x1c /usr/lib/gcc/arm-none-eabi/10.3.1/../../../arm-none-eabi/lib/thumb/v7e-m+fp/hard/libc_nano.a(lib_a-strlen.o)
 .ARM.attributes
                0x0000000000000659       0x34 /usr/lib/gcc/arm-none-eabi/10.3.1/../../../arm-none-eabi/lib/thumb/v7e-m+fp/hard/libc_nano.a(lib_a-wbuf.o)
 .ARM.attributes
                0x000000000000068d       0x34 /usr/lib/gcc/arm-none-eabi/10.3.1/../../../arm-none-eabi/lib/thumb/v7e-m+fp/hard/libc_nano.a(lib_a-wsetup.o)
 .ARM.attributes
                0x00000000000006c1       0x34 /usr/lib/gcc/arm-none-eabi/10.3.1/../../../arm-none-eabi/lib/thumb/v7e-m+fp/hard/libc_nano.a(lib_a-dtoa.o)
 .ARM.attributes
                0x00000000000006f5       0x34 /usr/lib/gcc/arm-none-eabi/10.3.1/../../../arm-none-eabi/lib/thumb/v7e-m+fp/hard/libc_nano.a(lib_a-fflush.o)
 .ARM.attributes
                0x0000000000000729       0x34 /usr/lib/gcc/arm-none-eabi/10.3.1/../../../arm-none-eabi/lib/thumb/v7e-m+fp/hard/libc_nano.a(lib_a-findfp.o)
 .ARM.attributes
                0x000000000000075d       0x34 /usr/lib/gcc/arm-none-eabi/10.3.1/../../../arm-none-eabi/lib/thumb/v7e-m+fp/hard/libc_nano.a(lib_a-fwalk.o)
 .ARM.attributes
                0x0000000000000791       0x34 /usr/lib/gcc/arm-none-eabi/10.3.1/../../../arm-none-eabi/lib/thumb/v7e-m+fp/hard/libc_nano.a(lib_a-localeconv.o)
 .ARM.attributes
                0x00000000000007c5       0x34 /usr/lib/gcc/arm-none-eabi/10.3.1/../../../arm-none-eabi/lib/thumb/v7e-m+fp/hard/libc_nano.a(lib_a-makebuf.o)
 .ARM.attributes
                0x00000000000007f9       0x34 /usr/lib/gcc/arm-none-eabi/10.3.1/../../../arm-none-eabi/lib/thumb/v7e-m+fp/hard/libc_nano.a(lib_a-malloc.o)
 .ARM.attributes
                0x000000000000082d       0x1c /usr/lib/gcc/arm-none-eabi/10.3.1/../../../arm-none-eabi/lib/thumb/v7e-m+fp/hard/libc_nano.a(lib_a-memchr.o)
 .ARM.attributes
                0x0000000000000849       0x34 /usr/lib/gcc/arm-none-eabi/10.3.1/../../../arm-none-eabi/lib/thumb/v7e-m+fp/hard/libc_nano.a(lib_a-mprec.o)
 .ARM.attributes
                0x000000000000087d       0x34 /usr/lib/gcc/arm-none-eabi/10.3.1/../../../arm-none-eabi/lib/thumb/v7e-m+fp/hard/libc_nano.a(lib_a-nano-callocr.o)
 .ARM.attributes
                0x00000000000008b1       0x34 /usr/lib/gcc/arm-none-eabi/10.3.1/../../../arm-none-eabi/lib/thumb/v7e-m+fp/hard/libc_nano.a(lib_a-nano-freer.o)
 .ARM.attributes
                0x00000000000008e5       0x34 /usr/lib/gcc/arm-none-eabi/10.3.1/../../../arm-none-eabi/lib/thumb/v7e-m+fp/hard/libc_nano.a(lib_a-nano-mallocr.o)
 .ARM.attributes
                0x0000000000000919       0x34 /usr/lib/gcc/arm-none-eabi/10.3.1/../../../arm-none-eabi/lib/thumb/v7e-m+fp/hard/libc_nano.a(lib_a-nano-vfprintf.o)
 .ARM.attributes
                0x000000000000094d       0x34 /usr/lib/gcc/arm-none-eabi/10.3.1/../../../arm-none-eabi/lib/thumb/v7e-m+fp/hard/libc_nano.a(lib_a-sbrkr.o)
 .ARM.attributes
                0x0000000000000981       0x34 /usr/lib/gcc/arm-none-eabi/10.3.1/../../../arm-none-eabi/lib/thumb/v7e-m+fp/hard/libc_nano.a(lib_a-stdio.o)
 .ARM.attributes
                0x00000000000009b5       0x34 /usr/lib/gcc/arm-none-eabi/10.3.1/../../../arm-none-eabi/lib/thumb/v7e-m+fp/hard/libc_nano.a(lib_a-writer.o)
 .ARM.attributes
                0x00000000000009e9       0x34 /usr/lib/gcc/arm-none-eabi/10.3.1/../../../arm-none-eabi/lib/thumb/v7e-m+fp/hard/libc_nano.a(lib_a-assert.o)
 .ARM.attributes
                0x0000000000000a1d       0x34 /usr/lib/gcc/arm-none-eabi/10.3.1/../../../arm-none-eabi/lib/thumb/v7e-m+fp/hard/libc_nano.a(lib_a-closer.o)
 .ARM.attributes
                0x0000000000000a51       0x34 /usr/lib/gcc/arm-none-eabi/10.3.1/../../../arm-none-eabi/lib/thumb/v7e-m+fp/hard/libc_nano.a(lib_a-fprintf.o)
 .ARM.attributes
                0x0000000000000a85       0x34 /usr/lib/gcc/arm-none-eabi/10.3.1/../../../arm-none-eabi/lib/thumb/v7e-m+fp/hard/libc_nano.a(lib_a-fstatr.o)
 .ARM.attributes
                0x0000000000000ab9       0x34 /usr/lib/gcc/arm-none-eabi/10.3.1/../../../arm-none-eabi/lib/thumb/v7e-m+fp/hard/libc_nano.a(lib_a-fvwrite.o)
 .ARM.attributes
                0x0000000000000aed       0x34 /usr/lib/gcc/arm-none-eabi/10.3.1/../../../arm-none-eabi/lib/thumb/v7e-m+fp/hard/libc_nano.a(lib_a-isattyr.o)
 .ARM.attributes
                0x0000000000000b21       0x34 /usr/lib/gcc/arm-none-eabi/10.3.1/../../../arm-none-eabi/lib/thumb/v7e-m+fp/hard/libc_nano.a(lib_a-locale.o)
 .ARM.attributes
                0x0000000000000b55       0x34 /usr/lib/gcc/arm-none-eabi/10.3.1/../../../arm-none-eabi/lib/thumb/v7e-m+fp/hard/libc_nano.a(lib_a-lseekr.o)
 .ARM.attributes
                0x0000000000000b89       0x34 /usr/lib/gcc/arm-none-eabi/10.3.1/../../../arm-none-eabi/lib/thumb/v7e-m+fp/hard/libc_nano.a(lib_a-mbtowc_r.o)
 .ARM.attributes
                0x0000000000000bbd       0x34 /usr/lib/gcc/arm-none-eabi/10.3.1/../../../arm-none-eabi/lib/thumb/v7e-m+fp/hard/libc_nano.a(lib_a-memmove.o)
 .ARM.attributes
                0x0000000000000bf1       0x34 /usr/lib/gcc/arm-none-eabi/10.3.1/../../../arm-none-eabi/lib/thumb/v7e-m+fp/hard/libc_nano.a(lib_a-mlock.o)
 .ARM.attributes
                0x0000000000000c25       0x34 /usr/lib/gcc/arm-none-eabi/10.3.1/../../../arm-none-eabi/lib/thumb/v7e-m+fp/hard/libc_nano.a(lib_a-nano-reallocr.o)
 .ARM.attributes
                0x0000000000000c59       0x34 /usr/lib/gcc/arm-none-eabi/10.3.1/../../../arm-none-eabi/lib/thumb/v7e-m+fp/hard/libc_nano.a(lib_a-readr.o)
 .ARM.attributes
                0x0000000000000c8d       0x34 /usr/lib/gcc/arm-none-eabi/10.3.1/../../../arm-none-eabi/lib/thumb/v7e-m+fp/hard/libc_nano.a(lib_a-reent.o)
 .ARM.attributes
                0x0000000000000cc1       0x34 /usr/lib/gcc/arm-none-eabi/10.3.1/../../../arm-none-eabi/lib/thumb/v7e-m+fp/hard/libc_nano.a(lib_a-wctomb_r.o)
 .ARM.attributes
                0x0000000000000cf5       0x34 /usr/lib/gcc/arm-none-eabi/10.3.1/../../../arm-none-eabi/lib/thumb/v7e-m+fp/hard/libc_nano.a(lib_a-abort.o)
 .ARM.attributes
                0x0000000000000d29       0x32 /usr/lib/gcc/arm-none-eabi/10.3.1/../../../arm-none-eabi/lib/thumb/v7e-m+fp/hard/libc_nano.a(lib_a-ctype_.o)
 .ARM.attributes
                0x0000000000000d5b       0x34 /usr/lib/gcc/arm-none-eabi/10.3.1/../../../arm-none-eabi/lib/thumb/v7e-m+fp/hard/libc_nano.a(lib_a-nano-msizer.o)
 .ARM.attributes
                0x0000000000000d8f       0x34 /usr/lib/gcc/arm-none-eabi/10.3.1/../../../arm-none-eabi/lib/thumb/v7e-m+fp/hard/libc_nano.a(lib_a-signal.o)
 .ARM.attributes
                0x0000000000000dc3       0x34 /usr/lib/gcc/arm-none-eabi/10.3.1/../../../arm-none-eabi/lib/thumb/v7e-m+fp/hard/libc_nano.a(lib_a-signalr.o)
 .ARM.attributes
                0x0000000000000df7       0x34 /usr/lib/gcc/arm-none-eabi/10.3.1/../../../arm-none-eabi/lib/thumb/v7e-m+fp/hard/libnosys.a(close.o)
 .ARM.attributes
                0x0000000000000e2b       0x34 /usr/lib/gcc/arm-none-eabi/10.3.1/../../../arm-none-eabi/lib/thumb/v7e-m+fp/hard/libnosys.a(fstat.o)
 .ARM.attributes
                0x0000000000000e5f       0x34 /usr/lib/gcc/arm-none-eabi/10.3.1/../../../arm-none-eabi/lib/thumb/v7e-m+fp/hard/libnosys.a(getpid.o)
 .ARM.attributes
                0x0000000000000e93       0x34 /usr/lib/gcc/arm-none-eabi/10.3.1/../../../arm-none-eabi/lib/thumb/v7e-m+fp/hard/libnosys.a(isatty.o)
 .ARM.attributes
                0x0000000000000ec7       0x34 /usr/lib/gcc/arm-none-eabi/10.3.1/../../../arm-none-eabi/lib/thumb/v7e-m+fp/hard/libnosys.a(kill.o)
 .ARM.attributes
                0x0000000000000efb       0x34 /usr/lib/gcc/arm-none-eabi/10.3.1/../../../arm-none-eabi/lib/thumb/v7e-m+fp/hard/libnosys.a(lseek.o)
 .ARM.attributes
                0x0000000000000f2f       0x34 /usr/lib/gcc/arm-none-eabi/10.3.1/../../../arm-none-eabi/lib/thumb/v7e-m+fp/hard/libnosys.a(read.o)
 .ARM.attributes
                0x0000000000000f63       0x34 /usr/lib/gcc/arm-none-eabi/10.3.1/../../../arm-none-eabi/lib/thumb/v7e-m+fp/hard/libnosys.a(sbrk.o)
 .ARM.attributes
                0x0000000000000f97       0x34 /usr/lib/gcc/arm-none-eabi/10.3.1/../../../arm-none-eabi/lib/thumb/v7e-m+fp/hard/libnosys.a(_exit.o)
 .ARM.attributes
                0x0000000000000fcb       0x1e /usr/lib/gcc/arm-none-eabi/10.3.1/thumb/v7e-m+fp/hard/libgcc.a(_arm_addsubdf3.o)
 .ARM.attributes
                0x0000000000000fe9       0x1e /usr/lib/gcc/arm-none-eabi/10.3.1/thumb/v7e-m+fp/hard/libgcc.a(_arm_muldivdf3.o)
 .ARM.attributes
                0x0000000000001007       0x1e /usr/lib/gcc/arm-none-eabi/10.3.1/thumb/v7e-m+fp/hard/libgcc.a(_arm_cmpdf2.o)
 .ARM.attributes
                0x0000000000001025       0x1e /usr/lib/gcc/arm-none-eabi/10.3.1/thumb/v7e-m+fp/hard/libgcc.a(_arm_unorddf2.o)
 .ARM.attributes
                0x0000000000001043       0x1e /usr/lib/gcc/arm-none-eabi/10.3.1/thumb/v7e-m+fp/hard/libgcc.a(_arm_fixdfsi.o)
 .ARM.attributes
                0x0000000000001061       0x1e /usr/lib/gcc/arm-none-eabi/10.3.1/thumb/v7e-m+fp/hard/libgcc.a(_arm_truncdfsf2.o)
 .ARM.attributes
                0x000000000000107f       0x1e /usr/lib/gcc/arm-none-eabi/10.3.1/thumb/v7e-m+fp/hard/libgcc.a(_aeabi_uldivmod.o)
 .ARM.attributes
                0x000000000000109d       0x34 /usr/lib/gcc/arm-none-eabi/10.3.1/thumb/v7e-m+fp/hard/libgcc.a(_udivmoddi4.o)
 .ARM.attributes
                0x00000000000010d1       0x1e /usr/lib/gcc/arm-none-eabi/10.3.1/thumb/v7e-m+fp/hard/libgcc.a(_dvmd_tls.o)
 .ARM.attributes
                0x00000000000010ef       0x32 /usr/lib/gcc/arm-none-eabi/10.3.1/thumb/v7e-m+fp/hard/crtend.o
 .ARM.attributes
                0x0000000000001121       0x1e /usr/lib/gcc/arm-none-eabi/10.3.1/thumb/v7e-m+fp/hard/crtn.o
OUTPUT(build/line_following_bot.elf elf32-littlearm)
LOAD linker stubs
LOAD /usr/lib/gcc/arm-none-eabi/10.3.1/../../../arm-none-eabi/lib/thumb/v7e-m+fp/hard/libc.a
LOAD /usr/lib/gcc/arm-none-eabi/10.3.1/../../../arm-none-eabi/lib/thumb/v7e-m+fp/hard/libm.a
LOAD /usr/lib/gcc/arm-none-eabi/10.3.1/thumb/v7e-m+fp/hard/libgcc.a

.comment        0x0000000000000000       0x33
 .comment       0x0000000000000000       0x33 /usr/lib/gcc/arm-none-eabi/10.3.1/thumb/v7e-m+fp/hard/crtbegin.o
                                         0x34 (size before relaxing)
 .comment       0x0000000000000033       0x34 build/main.o
 .comment       0x0000000000000033       0x34 build/gpio.o
 .comment       0x0000000000000033       0x34 build/usart.o
 .comment       0x0000000000000033       0x34 build/stm32f4xx_it.o
 .comment       0x0000000000000033       0x34 build/stm32f4xx_hal_msp.o
 .comment       0x0000000000000033       0x34 build/stm32f4xx_hal_tim.o
 .comment       0x0000000000000033       0x34 build/stm32f4xx_hal_tim_ex.o
 .comment       0x0000000000000033       0x34 build/stm32f4xx_hal_uart.o
 .comment       0x0000000000000033       0x34 build/stm32f4xx_hal_rcc.o
 .comment       0x0000000000000033       0x34 build/stm32f4xx_hal_gpio.o
 .comment       0x0000000000000033       0x34 build/stm32f4xx_hal_dma.o
 .comment       0x0000000000000033       0x34 build/stm32f4xx_hal_cortex.o
 .comment       0x0000000000000033       0x34 build/stm32f4xx_hal.o
 .comment       0x0000000000000033       0x34 build/system_stm32f4xx.o
 .comment       0x0000000000000033       0x34 build/printf_config.o
 .comment       0x0000000000000033       0x34 build/tim.o
 .comment       0x0000000000000033       0x34 build/dma.o
 .comment       0x0000000000000033       0x34 build/robot.o
 .comment       0x0000000000000033       0x34 build/encoder.o
 .comment       0x0000000000000033       0x34 build/motor.o
 .comment       0x0000000000000033       0x34 build/pid.o
 .comment       0x0000000000000033       0x34 /usr/lib/gcc/arm-none-eabi/10.3.1/../../../arm-none-eabi/lib/thumb/v7e-m+fp/hard/libc_nano.a(lib_a-impure.o)
 .comment       0x0000000000000033       0x34 /usr/lib/gcc/arm-none-eabi/10.3.1/../../../arm-none-eabi/lib/thumb/v7e-m+fp/hard/libc_nano.a(lib_a-init.o)
 .comment       0x0000000000000033       0x34 /usr/lib/gcc/arm-none-eabi/10.3.1/../../../arm-none-eabi/lib/thumb/v7e-m+fp/hard/libc_nano.a(lib_a-memset.o)
 .comment       0x0000000000000033       0x34 /usr/lib/gcc/arm-none-eabi/10.3.1/../../../arm-none-eabi/lib/thumb/v7e-m+fp/hard/libc_nano.a(lib_a-nano-vfprintf_float.o)
 .comment       0x0000000000000033       0x34 /usr/lib/gcc/arm-none-eabi/10.3.1/../../../arm-none-eabi/lib/thumb/v7e-m+fp/hard/libc_nano.a(lib_a-nano-vfprintf_i.o)
 .comment       0x0000000000000033       0x34 /usr/lib/gcc/arm-none-eabi/10.3.1/../../../arm-none-eabi/lib/thumb/v7e-m+fp/hard/libc_nano.a(lib_a-printf.o)
 .comment       0x0000000000000033       0x34 /usr/lib/gcc/arm-none-eabi/10.3.1/../../../arm-none-eabi/lib/thumb/v7e-m+fp/hard/libc_nano.a(lib_a-puts.o)
 .comment       0x0000000000000033       0x34 /usr/lib/gcc/arm-none-eabi/10.3.1/../../../arm-none-eabi/lib/thumb/v7e-m+fp/hard/libc_nano.a(lib_a-wbuf.o)
 .comment       0x0000000000000033       0x34 /usr/lib/gcc/arm-none-eabi/10.3.1/../../../arm-none-eabi/lib/thumb/v7e-m+fp/hard/libc_nano.a(lib_a-wsetup.o)
 .comment       0x0000000000000033       0x34 /usr/lib/gcc/arm-none-eabi/10.3.1/../../../arm-none-eabi/lib/thumb/v7e-m+fp/hard/libc_nano.a(lib_a-dtoa.o)
 .comment       0x0000000000000033       0x34 /usr/lib/gcc/arm-none-eabi/10.3.1/../../../arm-none-eabi/lib/thumb/v7e-m+fp/hard/libc_nano.a(lib_a-fflush.o)
 .comment       0x0000000000000033       0x34 /usr/lib/gcc/arm-none-eabi/10.3.1/../../../arm-none-eabi/lib/thumb/v7e-m+fp/hard/libc_nano.a(lib_a-findfp.o)
 .comment       0x0000000000000033       0x34 /usr/lib/gcc/arm-none-eabi/10.3.1/../../../arm-none-eabi/lib/thumb/v7e-m+fp/hard/libc_nano.a(lib_a-fwalk.o)
 .comment       0x0000000000000033       0x34 /usr/lib/gcc/arm-none-eabi/10.3.1/../../../arm-none-eabi/lib/thumb/v7e-m+fp/hard/libc_nano.a(lib_a-localeconv.o)
 .comment       0x0000000000000033       0x34 /usr/lib/gcc/arm-none-eabi/10.3.1/../../../arm-none-eabi/lib/thumb/v7e-m+fp/hard/libc_nano.a(lib_a-makebuf.o)
 .comment       0x0000000000000033       0x34 /usr/lib/gcc/arm-none-eabi/10.3.1/../../../arm-none-eabi/lib/thumb/v7e-m+fp/hard/libc_nano.a(lib_a-malloc.o)
 .comment       0x0000000000000033       0x34 /usr/lib/gcc/arm-none-eabi/10.3.1/../../../arm-none-eabi/lib/thumb/v7e-m+fp/hard/libc_nano.a(lib_a-mprec.o)
 .comment       0x0000000000000033       0x34 /usr/lib/gcc/arm-none-eabi/10.3.1/../../../arm-none-eabi/lib/thumb/v7e-m+fp/hard/libc_nano.a(lib_a-nano-callocr.o)
 .comment       0x0000000000000033       0x34 /usr/lib/gcc/arm-none-eabi/10.3.1/../../../arm-none-eabi/lib/thumb/v7e-m+fp/hard/libc_nano.a(lib_a-nano-freer.o)
 .comment       0x0000000000000033       0x34 /usr/lib/gcc/arm-none-eabi/10.3.1/../../../arm-none-eabi/lib/thumb/v7e-m+fp/hard/libc_nano.a(lib_a-nano-mallocr.o)
 .comment       0x0000000000000033       0x34 /usr/lib/gcc/arm-none-eabi/10.3.1/../../../arm-none-eabi/lib/thumb/v7e-m+fp/hard/libc_nano.a(lib_a-nano-vfprintf.o)
 .comment       0x0000000000000033       0x34 /usr/lib/gcc/arm-none-eabi/10.3.1/../../../arm-none-eabi/lib/thumb/v7e-m+fp/hard/libc_nano.a(lib_a-sbrkr.o)
 .comment       0x0000000000000033       0x34 /usr/lib/gcc/arm-none-eabi/10.3.1/../../../arm-none-eabi/lib/thumb/v7e-m+fp/hard/libc_nano.a(lib_a-stdio.o)
 .comment       0x0000000000000033       0x34 /usr/lib/gcc/arm-none-eabi/10.3.1/../../../arm-none-eabi/lib/thumb/v7e-m+fp/hard/libc_nano.a(lib_a-writer.o)
 .comment       0x0000000000000033       0x34 /usr/lib/gcc/arm-none-eabi/10.3.1/../../../arm-none-eabi/lib/thumb/v7e-m+fp/hard/libc_nano.a(lib_a-assert.o)
 .comment       0x0000000000000033       0x34 /usr/lib/gcc/arm-none-eabi/10.3.1/../../../arm-none-eabi/lib/thumb/v7e-m+fp/hard/libc_nano.a(lib_a-closer.o)
 .comment       0x0000000000000033       0x34 /usr/lib/gcc/arm-none-eabi/10.3.1/../../../arm-none-eabi/lib/thumb/v7e-m+fp/hard/libc_nano.a(lib_a-fprintf.o)
 .comment       0x0000000000000033       0x34 /usr/lib/gcc/arm-none-eabi/10.3.1/../../../arm-none-eabi/lib/thumb/v7e-m+fp/hard/libc_nano.a(lib_a-fstatr.o)
 .comment       0x0000000000000033       0x34 /usr/lib/gcc/arm-none-eabi/10.3.1/../../../arm-none-eabi/lib/thumb/v7e-m+fp/hard/libc_nano.a(lib_a-fvwrite.o)
 .comment       0x0000000000000033       0x34 /usr/lib/gcc/arm-none-eabi/10.3.1/../../../arm-none-eabi/lib/thumb/v7e-m+fp/hard/libc_nano.a(lib_a-isattyr.o)
 .comment       0x0000000000000033       0x34 /usr/lib/gcc/arm-none-eabi/10.3.1/../../../arm-none-eabi/lib/thumb/v7e-m+fp/hard/libc_nano.a(lib_a-locale.o)
 .comment       0x0000000000000033       0x34 /usr/lib/gcc/arm-none-eabi/10.3.1/../../../arm-none-eabi/lib/thumb/v7e-m+fp/hard/libc_nano.a(lib_a-lseekr.o)
 .comment       0x0000000000000033       0x34 /usr/lib/gcc/arm-none-eabi/10.3.1/../../../arm-none-eabi/lib/thumb/v7e-m+fp/hard/libc_nano.a(lib_a-mbtowc_r.o)
 .comment       0x0000000000000033       0x34 /usr/lib/gcc/arm-none-eabi/10.3.1/../../../arm-none-eabi/lib/thumb/v7e-m+fp/hard/libc_nano.a(lib_a-memmove.o)
 .comment       0x0000000000000033       0x34 /usr/lib/gcc/arm-none-eabi/10.3.1/../../../arm-none-eabi/lib/thumb/v7e-m+fp/hard/libc_nano.a(lib_a-mlock.o)
 .comment       0x0000000000000033       0x34 /usr/lib/gcc/arm-none-eabi/10.3.1/../../../arm-none-eabi/lib/thumb/v7e-m+fp/hard/libc_nano.a(lib_a-nano-reallocr.o)
 .comment       0x0000000000000033       0x34 /usr/lib/gcc/arm-none-eabi/10.3.1/../../../arm-none-eabi/lib/thumb/v7e-m+fp/hard/libc_nano.a(lib_a-readr.o)
 .comment       0x0000000000000033       0x34 /usr/lib/gcc/arm-none-eabi/10.3.1/../../../arm-none-eabi/lib/thumb/v7e-m+fp/hard/libc_nano.a(lib_a-reent.o)
 .comment       0x0000000000000033       0x34 /usr/lib/gcc/arm-none-eabi/10.3.1/../../../arm-none-eabi/lib/thumb/v7e-m+fp/hard/libc_nano.a(lib_a-wctomb_r.o)
 .comment       0x0000000000000033       0x34 /usr/lib/gcc/arm-none-eabi/10.3.1/../../../arm-none-eabi/lib/thumb/v7e-m+fp/hard/libc_nano.a(lib_a-abort.o)
 .comment       0x0000000000000033       0x34 /usr/lib/gcc/arm-none-eabi/10.3.1/../../../arm-none-eabi/lib/thumb/v7e-m+fp/hard/libc_nano.a(lib_a-ctype_.o)
 .comment       0x0000000000000033       0x34 /usr/lib/gcc/arm-none-eabi/10.3.1/../../../arm-none-eabi/lib/thumb/v7e-m+fp/hard/libc_nano.a(lib_a-nano-msizer.o)
 .comment       0x0000000000000033       0x34 /usr/lib/gcc/arm-none-eabi/10.3.1/../../../arm-none-eabi/lib/thumb/v7e-m+fp/hard/libc_nano.a(lib_a-signal.o)
 .comment       0x0000000000000033       0x34 /usr/lib/gcc/arm-none-eabi/10.3.1/../../../arm-none-eabi/lib/thumb/v7e-m+fp/hard/libc_nano.a(lib_a-signalr.o)
 .comment       0x0000000000000033       0x34 /usr/lib/gcc/arm-none-eabi/10.3.1/../../../arm-none-eabi/lib/thumb/v7e-m+fp/hard/libnosys.a(close.o)
 .comment       0x0000000000000033       0x34 /usr/lib/gcc/arm-none-eabi/10.3.1/../../../arm-none-eabi/lib/thumb/v7e-m+fp/hard/libnosys.a(fstat.o)
 .comment       0x0000000000000033       0x34 /usr/lib/gcc/arm-none-eabi/10.3.1/../../../arm-none-eabi/lib/thumb/v7e-m+fp/hard/libnosys.a(getpid.o)
 .comment       0x0000000000000033       0x34 /usr/lib/gcc/arm-none-eabi/10.3.1/../../../arm-none-eabi/lib/thumb/v7e-m+fp/hard/libnosys.a(isatty.o)
 .comment       0x0000000000000033       0x34 /usr/lib/gcc/arm-none-eabi/10.3.1/../../../arm-none-eabi/lib/thumb/v7e-m+fp/hard/libnosys.a(kill.o)
 .comment       0x0000000000000033       0x34 /usr/lib/gcc/arm-none-eabi/10.3.1/../../../arm-none-eabi/lib/thumb/v7e-m+fp/hard/libnosys.a(lseek.o)
 .comment       0x0000000000000033       0x34 /usr/lib/gcc/arm-none-eabi/10.3.1/../../../arm-none-eabi/lib/thumb/v7e-m+fp/hard/libnosys.a(read.o)
 .comment       0x0000000000000033       0x34 /usr/lib/gcc/arm-none-eabi/10.3.1/../../../arm-none-eabi/lib/thumb/v7e-m+fp/hard/libnosys.a(sbrk.o)
 .comment       0x0000000000000033       0x34 /usr/lib/gcc/arm-none-eabi/10.3.1/../../../arm-none-eabi/lib/thumb/v7e-m+fp/hard/libnosys.a(_exit.o)
 .comment       0x0000000000000033       0x34 /usr/lib/gcc/arm-none-eabi/10.3.1/thumb/v7e-m+fp/hard/libgcc.a(_udivmoddi4.o)
 .comment       0x0000000000000033       0x34 /usr/lib/gcc/arm-none-eabi/10.3.1/thumb/v7e-m+fp/hard/crtend.o

.debug_info     0x0000000000000000    0x358ad
 .debug_info    0x0000000000000000      0x696 build/main.o
 .debug_info    0x0000000000000696      0x5ce build/gpio.o
 .debug_info    0x0000000000000c64      0xdb4 build/usart.o
 .debug_info    0x0000000000001a18      0x762 build/stm32f4xx_it.o
 .debug_info    0x000000000000217a      0x2df build/stm32f4xx_hal_msp.o
 .debug_info    0x0000000000002459     0x40b4 build/stm32f4xx_hal_tim.o
 .debug_info    0x000000000000650d     0x1c77 build/stm32f4xx_hal_tim_ex.o
 .debug_info    0x0000000000008184     0x42fe build/stm32f4xx_hal_uart.o
 .debug_info    0x000000000000c482      0xbb6 build/stm32f4xx_hal_rcc.o
 .debug_info    0x000000000000d038      0x824 build/stm32f4xx_hal_gpio.o
 .debug_info    0x000000000000d85c      0xbb9 build/stm32f4xx_hal_dma.o
 .debug_info    0x000000000000e415     0x1167 build/stm32f4xx_hal_cortex.o
 .debug_info    0x000000000000f57c      0xac3 build/stm32f4xx_hal.o
 .debug_info    0x000000000001003f      0x59b build/system_stm32f4xx.o
 .debug_info    0x00000000000105da      0x41e build/printf_config.o
 .debug_info    0x00000000000109f8     0x11f5 build/tim.o
 .debug_info    0x0000000000011bed      0x53b build/dma.o
 .debug_info    0x0000000000012128       0x22 build/startup_stm32f407xx.o
 .debug_info    0x000000000001214a     0x43d7 build/robot.o
 .debug_info    0x0000000000016521      0xad9 build/encoder.o
 .debug_info    0x0000000000016ffa      0xb07 build/motor.o
 .debug_info    0x0000000000017b01      0xc57 build/pid.o
 .debug_info    0x0000000000018758      0x863 /usr/lib/gcc/arm-none-eabi/10.3.1/../../../arm-none-eabi/lib/thumb/v7e-m+fp/hard/libc_nano.a(lib_a-impure.o)
 .debug_info    0x0000000000018fbb      0x11a /usr/lib/gcc/arm-none-eabi/10.3.1/../../../arm-none-eabi/lib/thumb/v7e-m+fp/hard/libc_nano.a(lib_a-init.o)
 .debug_info    0x00000000000190d5       0x26 /usr/lib/gcc/arm-none-eabi/10.3.1/../../../arm-none-eabi/lib/thumb/v7e-m+fp/hard/libc_nano.a(lib_a-memcpy.o)
 .debug_info    0x00000000000190fb      0x137 /usr/lib/gcc/arm-none-eabi/10.3.1/../../../arm-none-eabi/lib/thumb/v7e-m+fp/hard/libc_nano.a(lib_a-memset.o)
 .debug_info    0x0000000000019232     0x147b /usr/lib/gcc/arm-none-eabi/10.3.1/../../../arm-none-eabi/lib/thumb/v7e-m+fp/hard/libc_nano.a(lib_a-nano-vfprintf_float.o)
 .debug_info    0x000000000001a6ad      0xe9e /usr/lib/gcc/arm-none-eabi/10.3.1/../../../arm-none-eabi/lib/thumb/v7e-m+fp/hard/libc_nano.a(lib_a-nano-vfprintf_i.o)
 .debug_info    0x000000000001b54b      0x8fd /usr/lib/gcc/arm-none-eabi/10.3.1/../../../arm-none-eabi/lib/thumb/v7e-m+fp/hard/libc_nano.a(lib_a-printf.o)
 .debug_info    0x000000000001be48      0xa41 /usr/lib/gcc/arm-none-eabi/10.3.1/../../../arm-none-eabi/lib/thumb/v7e-m+fp/hard/libc_nano.a(lib_a-puts.o)
 .debug_info    0x000000000001c889       0x26 /usr/lib/gcc/arm-none-eabi/10.3.1/../../../arm-none-eabi/lib/thumb/v7e-m+fp/hard/libc_nano.a(lib_a-strlen.o)
 .debug_info    0x000000000001c8af      0x998 /usr/lib/gcc/arm-none-eabi/10.3.1/../../../arm-none-eabi/lib/thumb/v7e-m+fp/hard/libc_nano.a(lib_a-wbuf.o)
 .debug_info    0x000000000001d247      0x902 /usr/lib/gcc/arm-none-eabi/10.3.1/../../../arm-none-eabi/lib/thumb/v7e-m+fp/hard/libc_nano.a(lib_a-wsetup.o)
 .debug_info    0x000000000001db49     0x196c /usr/lib/gcc/arm-none-eabi/10.3.1/../../../arm-none-eabi/lib/thumb/v7e-m+fp/hard/libc_nano.a(lib_a-dtoa.o)
 .debug_info    0x000000000001f4b5      0xb0d /usr/lib/gcc/arm-none-eabi/10.3.1/../../../arm-none-eabi/lib/thumb/v7e-m+fp/hard/libc_nano.a(lib_a-fflush.o)
 .debug_info    0x000000000001ffc2      0xfae /usr/lib/gcc/arm-none-eabi/10.3.1/../../../arm-none-eabi/lib/thumb/v7e-m+fp/hard/libc_nano.a(lib_a-findfp.o)
 .debug_info    0x0000000000020f70      0x900 /usr/lib/gcc/arm-none-eabi/10.3.1/../../../arm-none-eabi/lib/thumb/v7e-m+fp/hard/libc_nano.a(lib_a-fwalk.o)
 .debug_info    0x0000000000021870      0xad8 /usr/lib/gcc/arm-none-eabi/10.3.1/../../../arm-none-eabi/lib/thumb/v7e-m+fp/hard/libc_nano.a(lib_a-localeconv.o)
 .debug_info    0x0000000000022348      0xc8a /usr/lib/gcc/arm-none-eabi/10.3.1/../../../arm-none-eabi/lib/thumb/v7e-m+fp/hard/libc_nano.a(lib_a-makebuf.o)
 .debug_info    0x0000000000022fd2      0x832 /usr/lib/gcc/arm-none-eabi/10.3.1/../../../arm-none-eabi/lib/thumb/v7e-m+fp/hard/libc_nano.a(lib_a-malloc.o)
 .debug_info    0x0000000000023804       0x26 /usr/lib/gcc/arm-none-eabi/10.3.1/../../../arm-none-eabi/lib/thumb/v7e-m+fp/hard/libc_nano.a(lib_a-memchr.o)
 .debug_info    0x000000000002382a     0x2009 /usr/lib/gcc/arm-none-eabi/10.3.1/../../../arm-none-eabi/lib/thumb/v7e-m+fp/hard/libc_nano.a(lib_a-mprec.o)
 .debug_info    0x0000000000025833      0x858 /usr/lib/gcc/arm-none-eabi/10.3.1/../../../arm-none-eabi/lib/thumb/v7e-m+fp/hard/libc_nano.a(lib_a-nano-callocr.o)
 .debug_info    0x000000000002608b      0x903 /usr/lib/gcc/arm-none-eabi/10.3.1/../../../arm-none-eabi/lib/thumb/v7e-m+fp/hard/libc_nano.a(lib_a-nano-freer.o)
 .debug_info    0x000000000002698e      0xa0c /usr/lib/gcc/arm-none-eabi/10.3.1/../../../arm-none-eabi/lib/thumb/v7e-m+fp/hard/libc_nano.a(lib_a-nano-mallocr.o)
 .debug_info    0x000000000002739a     0x115f /usr/lib/gcc/arm-none-eabi/10.3.1/../../../arm-none-eabi/lib/thumb/v7e-m+fp/hard/libc_nano.a(lib_a-nano-vfprintf.o)
 .debug_info    0x00000000000284f9      0x828 /usr/lib/gcc/arm-none-eabi/10.3.1/../../../arm-none-eabi/lib/thumb/v7e-m+fp/hard/libc_nano.a(lib_a-sbrkr.o)
 .debug_info    0x0000000000028d21      0xabc /usr/lib/gcc/arm-none-eabi/10.3.1/../../../arm-none-eabi/lib/thumb/v7e-m+fp/hard/libc_nano.a(lib_a-stdio.o)
 .debug_info    0x00000000000297dd      0x85a /usr/lib/gcc/arm-none-eabi/10.3.1/../../../arm-none-eabi/lib/thumb/v7e-m+fp/hard/libc_nano.a(lib_a-writer.o)
 .debug_info    0x000000000002a037      0x8bd /usr/lib/gcc/arm-none-eabi/10.3.1/../../../arm-none-eabi/lib/thumb/v7e-m+fp/hard/libc_nano.a(lib_a-assert.o)
 .debug_info    0x000000000002a8f4      0x805 /usr/lib/gcc/arm-none-eabi/10.3.1/../../../arm-none-eabi/lib/thumb/v7e-m+fp/hard/libc_nano.a(lib_a-closer.o)
 .debug_info    0x000000000002b0f9      0x902 /usr/lib/gcc/arm-none-eabi/10.3.1/../../../arm-none-eabi/lib/thumb/v7e-m+fp/hard/libc_nano.a(lib_a-fprintf.o)
 .debug_info    0x000000000002b9fb      0xa1d /usr/lib/gcc/arm-none-eabi/10.3.1/../../../arm-none-eabi/lib/thumb/v7e-m+fp/hard/libc_nano.a(lib_a-fstatr.o)
 .debug_info    0x000000000002c418      0xb5e /usr/lib/gcc/arm-none-eabi/10.3.1/../../../arm-none-eabi/lib/thumb/v7e-m+fp/hard/libc_nano.a(lib_a-fvwrite.o)
 .debug_info    0x000000000002cf76      0x805 /usr/lib/gcc/arm-none-eabi/10.3.1/../../../arm-none-eabi/lib/thumb/v7e-m+fp/hard/libc_nano.a(lib_a-isattyr.o)
 .debug_info    0x000000000002d77b      0xca4 /usr/lib/gcc/arm-none-eabi/10.3.1/../../../arm-none-eabi/lib/thumb/v7e-m+fp/hard/libc_nano.a(lib_a-locale.o)
 .debug_info    0x000000000002e41f      0x83b /usr/lib/gcc/arm-none-eabi/10.3.1/../../../arm-none-eabi/lib/thumb/v7e-m+fp/hard/libc_nano.a(lib_a-lseekr.o)
 .debug_info    0x000000000002ec5a      0xb67 /usr/lib/gcc/arm-none-eabi/10.3.1/../../../arm-none-eabi/lib/thumb/v7e-m+fp/hard/libc_nano.a(lib_a-mbtowc_r.o)
 .debug_info    0x000000000002f7c1      0x152 /usr/lib/gcc/arm-none-eabi/10.3.1/../../../arm-none-eabi/lib/thumb/v7e-m+fp/hard/libc_nano.a(lib_a-memmove.o)
 .debug_info    0x000000000002f913      0x7dc /usr/lib/gcc/arm-none-eabi/10.3.1/../../../arm-none-eabi/lib/thumb/v7e-m+fp/hard/libc_nano.a(lib_a-mlock.o)
 .debug_info    0x00000000000300ef      0x911 /usr/lib/gcc/arm-none-eabi/10.3.1/../../../arm-none-eabi/lib/thumb/v7e-m+fp/hard/libc_nano.a(lib_a-nano-reallocr.o)
 .debug_info    0x0000000000030a00      0x853 /usr/lib/gcc/arm-none-eabi/10.3.1/../../../arm-none-eabi/lib/thumb/v7e-m+fp/hard/libc_nano.a(lib_a-readr.o)
 .debug_info    0x0000000000031253      0xa7e /usr/lib/gcc/arm-none-eabi/10.3.1/../../../arm-none-eabi/lib/thumb/v7e-m+fp/hard/libc_nano.a(lib_a-reent.o)
 .debug_info    0x0000000000031cd1      0xb20 /usr/lib/gcc/arm-none-eabi/10.3.1/../../../arm-none-eabi/lib/thumb/v7e-m+fp/hard/libc_nano.a(lib_a-wctomb_r.o)
 .debug_info    0x00000000000327f1       0xcb /usr/lib/gcc/arm-none-eabi/10.3.1/../../../arm-none-eabi/lib/thumb/v7e-m+fp/hard/libc_nano.a(lib_a-abort.o)
 .debug_info    0x00000000000328bc       0xb8 /usr/lib/gcc/arm-none-eabi/10.3.1/../../../arm-none-eabi/lib/thumb/v7e-m+fp/hard/libc_nano.a(lib_a-ctype_.o)
 .debug_info    0x0000000000032974      0x840 /usr/lib/gcc/arm-none-eabi/10.3.1/../../../arm-none-eabi/lib/thumb/v7e-m+fp/hard/libc_nano.a(lib_a-nano-msizer.o)
 .debug_info    0x00000000000331b4      0xdcc /usr/lib/gcc/arm-none-eabi/10.3.1/../../../arm-none-eabi/lib/thumb/v7e-m+fp/hard/libc_nano.a(lib_a-signal.o)
 .debug_info    0x0000000000033f80      0x871 /usr/lib/gcc/arm-none-eabi/10.3.1/../../../arm-none-eabi/lib/thumb/v7e-m+fp/hard/libc_nano.a(lib_a-signalr.o)
 .debug_info    0x00000000000347f1       0xb1 /usr/lib/gcc/arm-none-eabi/10.3.1/../../../arm-none-eabi/lib/thumb/v7e-m+fp/hard/libnosys.a(close.o)
 .debug_info    0x00000000000348a2      0x2cc /usr/lib/gcc/arm-none-eabi/10.3.1/../../../arm-none-eabi/lib/thumb/v7e-m+fp/hard/libnosys.a(fstat.o)
 .debug_info    0x0000000000034b6e       0x9c /usr/lib/gcc/arm-none-eabi/10.3.1/../../../arm-none-eabi/lib/thumb/v7e-m+fp/hard/libnosys.a(getpid.o)
 .debug_info    0x0000000000034c0a       0xb1 /usr/lib/gcc/arm-none-eabi/10.3.1/../../../arm-none-eabi/lib/thumb/v7e-m+fp/hard/libnosys.a(isatty.o)
 .debug_info    0x0000000000034cbb       0xbf /usr/lib/gcc/arm-none-eabi/10.3.1/../../../arm-none-eabi/lib/thumb/v7e-m+fp/hard/libnosys.a(kill.o)
 .debug_info    0x0000000000034d7a       0xd3 /usr/lib/gcc/arm-none-eabi/10.3.1/../../../arm-none-eabi/lib/thumb/v7e-m+fp/hard/libnosys.a(lseek.o)
 .debug_info    0x0000000000034e4d       0xd9 /usr/lib/gcc/arm-none-eabi/10.3.1/../../../arm-none-eabi/lib/thumb/v7e-m+fp/hard/libnosys.a(read.o)
 .debug_info    0x0000000000034f26       0x9d /usr/lib/gcc/arm-none-eabi/10.3.1/../../../arm-none-eabi/lib/thumb/v7e-m+fp/hard/libnosys.a(sbrk.o)
 .debug_info    0x0000000000034fc3       0xa3 /usr/lib/gcc/arm-none-eabi/10.3.1/../../../arm-none-eabi/lib/thumb/v7e-m+fp/hard/libnosys.a(_exit.o)
 .debug_info    0x0000000000035066       0x26 /usr/lib/gcc/arm-none-eabi/10.3.1/thumb/v7e-m+fp/hard/libgcc.a(_arm_addsubdf3.o)
 .debug_info    0x000000000003508c       0x26 /usr/lib/gcc/arm-none-eabi/10.3.1/thumb/v7e-m+fp/hard/libgcc.a(_arm_muldivdf3.o)
 .debug_info    0x00000000000350b2       0x26 /usr/lib/gcc/arm-none-eabi/10.3.1/thumb/v7e-m+fp/hard/libgcc.a(_arm_cmpdf2.o)
 .debug_info    0x00000000000350d8       0x26 /usr/lib/gcc/arm-none-eabi/10.3.1/thumb/v7e-m+fp/hard/libgcc.a(_arm_unorddf2.o)
 .debug_info    0x00000000000350fe       0x26 /usr/lib/gcc/arm-none-eabi/10.3.1/thumb/v7e-m+fp/hard/libgcc.a(_arm_fixdfsi.o)
 .debug_info    0x0000000000035124       0x26 /usr/lib/gcc/arm-none-eabi/10.3.1/thumb/v7e-m+fp/hard/libgcc.a(_arm_truncdfsf2.o)
 .debug_info    0x000000000003514a       0x26 /usr/lib/gcc/arm-none-eabi/10.3.1/thumb/v7e-m+fp/hard/libgcc.a(_aeabi_uldivmod.o)
 .debug_info    0x0000000000035170      0x717 /usr/lib/gcc/arm-none-eabi/10.3.1/thumb/v7e-m+fp/hard/libgcc.a(_udivmoddi4.o)
 .debug_info    0x0000000000035887       0x26 /usr/lib/gcc/arm-none-eabi/10.3.1/thumb/v7e-m+fp/hard/libgcc.a(_dvmd_tls.o)

.debug_abbrev   0x0000000000000000     0x9158
 .debug_abbrev  0x0000000000000000      0x1d8 build/main.o
 .debug_abbrev  0x00000000000001d8      0x151 build/gpio.o
 .debug_abbrev  0x0000000000000329      0x1fa build/usart.o
 .debug_abbrev  0x0000000000000523      0x172 build/stm32f4xx_it.o
 .debug_abbrev  0x0000000000000695       0xd3 build/stm32f4xx_hal_msp.o
 .debug_abbrev  0x0000000000000768      0x289 build/stm32f4xx_hal_tim.o
 .debug_abbrev  0x00000000000009f1      0x29f build/stm32f4xx_hal_tim_ex.o
 .debug_abbrev  0x0000000000000c90      0x356 build/stm32f4xx_hal_uart.o
 .debug_abbrev  0x0000000000000fe6      0x2aa build/stm32f4xx_hal_rcc.o
 .debug_abbrev  0x0000000000001290      0x22b build/stm32f4xx_hal_gpio.o
 .debug_abbrev  0x00000000000014bb      0x2ff build/stm32f4xx_hal_dma.o
 .debug_abbrev  0x00000000000017ba      0x382 build/stm32f4xx_hal_cortex.o
 .debug_abbrev  0x0000000000001b3c      0x209 build/stm32f4xx_hal.o
 .debug_abbrev  0x0000000000001d45      0x11b build/system_stm32f4xx.o
 .debug_abbrev  0x0000000000001e60      0x1c1 build/printf_config.o
 .debug_abbrev  0x0000000000002021      0x273 build/tim.o
 .debug_abbrev  0x0000000000002294      0x129 build/dma.o
 .debug_abbrev  0x00000000000023bd       0x12 build/startup_stm32f407xx.o
 .debug_abbrev  0x00000000000023cf      0x70b build/robot.o
 .debug_abbrev  0x0000000000002ada      0x25e build/encoder.o
 .debug_abbrev  0x0000000000002d38      0x27a build/motor.o
 .debug_abbrev  0x0000000000002fb2      0x286 build/pid.o
 .debug_abbrev  0x0000000000003238      0x151 /usr/lib/gcc/arm-none-eabi/10.3.1/../../../arm-none-eabi/lib/thumb/v7e-m+fp/hard/libc_nano.a(lib_a-impure.o)
 .debug_abbrev  0x0000000000003389       0xcc /usr/lib/gcc/arm-none-eabi/10.3.1/../../../arm-none-eabi/lib/thumb/v7e-m+fp/hard/libc_nano.a(lib_a-init.o)
 .debug_abbrev  0x0000000000003455       0x14 /usr/lib/gcc/arm-none-eabi/10.3.1/../../../arm-none-eabi/lib/thumb/v7e-m+fp/hard/libc_nano.a(lib_a-memcpy.o)
 .debug_abbrev  0x0000000000003469       0xb4 /usr/lib/gcc/arm-none-eabi/10.3.1/../../../arm-none-eabi/lib/thumb/v7e-m+fp/hard/libc_nano.a(lib_a-memset.o)
 .debug_abbrev  0x000000000000351d      0x2c0 /usr/lib/gcc/arm-none-eabi/10.3.1/../../../arm-none-eabi/lib/thumb/v7e-m+fp/hard/libc_nano.a(lib_a-nano-vfprintf_float.o)
 .debug_abbrev  0x00000000000037dd      0x25c /usr/lib/gcc/arm-none-eabi/10.3.1/../../../arm-none-eabi/lib/thumb/v7e-m+fp/hard/libc_nano.a(lib_a-nano-vfprintf_i.o)
 .debug_abbrev  0x0000000000003a39      0x23e /usr/lib/gcc/arm-none-eabi/10.3.1/../../../arm-none-eabi/lib/thumb/v7e-m+fp/hard/libc_nano.a(lib_a-printf.o)
 .debug_abbrev  0x0000000000003c77      0x28e /usr/lib/gcc/arm-none-eabi/10.3.1/../../../arm-none-eabi/lib/thumb/v7e-m+fp/hard/libc_nano.a(lib_a-puts.o)